Component: ARM Compiler 5.05 update 1 (build 106) Tool: armlink [4d0efa]

==============================================================================

Section Cross References

    main.o(i.main) refers to _printf_percent.o(.ARM.Collect$$_printf_percent$$00000000) for _printf_percent
    main.o(i.main) refers to _printf_x.o(.ARM.Collect$$_printf_percent$$0000000C) for _printf_x
    main.o(i.main) refers to _printf_hex_int.o(.text) for _printf_longlong_hex
    main.o(i.main) refers to misc.o(i.NVIC_PriorityGroupConfig) for NVIC_PriorityGroupConfig
    main.o(i.main) refers to delay.o(i.delay_init) for delay_init
    main.o(i.main) refers to usart.o(i.uart_init) for uart_init
    main.o(i.main) refers to led.o(i.LED_Init) for LED_Init
    main.o(i.main) refers to lcd.o(i.LCD_Init) for LCD_Init
    main.o(i.main) refers to key.o(i.KEY_Init) for KEY_Init
    main.o(i.main) refers to sram.o(i.FSMC_SRAM_Init) for FSMC_SRAM_Init
    main.o(i.main) refers to malloc.o(i.my_mem_init) for my_mem_init
    main.o(i.main) refers to lcd.o(i.LCD_ShowString) for LCD_ShowString
    main.o(i.main) refers to delay.o(i.delay_ms) for delay_ms
    main.o(i.main) refers to sdio_sdcard.o(i.SD_Init) for SD_Init
    main.o(i.main) refers to main.o(i.show_sdcard_info) for show_sdcard_info
    main.o(i.main) refers to lcd.o(i.LCD_ShowNum) for LCD_ShowNum
    main.o(i.main) refers to key.o(i.KEY_Scan) for KEY_Scan
    main.o(i.main) refers to malloc.o(i.mymalloc) for mymalloc
    main.o(i.main) refers to sdio_sdcard.o(i.SD_ReadDisk) for SD_ReadDisk
    main.o(i.main) refers to noretval__2printf.o(.text) for __2printf
    main.o(i.main) refers to malloc.o(i.myfree) for myfree
    main.o(i.main) refers to lcd.o(.data) for POINT_COLOR
    main.o(i.main) refers to sdio_sdcard.o(.bss) for SDCardInfo
    main.o(i.show_sdcard_info) refers to _printf_percent.o(.ARM.Collect$$_printf_percent$$00000000) for _printf_percent
    main.o(i.show_sdcard_info) refers to _printf_d.o(.ARM.Collect$$_printf_percent$$00000009) for _printf_d
    main.o(i.show_sdcard_info) refers to _printf_dec.o(.text) for _printf_int_dec
    main.o(i.show_sdcard_info) refers to noretval__2printf.o(.text) for __2printf
    main.o(i.show_sdcard_info) refers to sdio_sdcard.o(.bss) for SDCardInfo
    system_stm32f4xx.o(i.SystemCoreClockUpdate) refers to system_stm32f4xx.o(.data) for SystemCoreClock
    system_stm32f4xx.o(i.SystemInit) refers to system_stm32f4xx.o(i.SetSysClock) for SetSysClock
    gui_draw.o(i.Load_Drow_Dialog) refers to lcd.o(i.LCD_Clear) for LCD_Clear
    gui_draw.o(i.Load_Drow_Dialog) refers to lcd.o(i.LCD_ShowString) for LCD_ShowString
    gui_draw.o(i.Load_Drow_Dialog) refers to lcd.o(.data) for POINT_COLOR
    gui_draw.o(i.Load_Drow_Dialog) refers to lcd.o(.bss) for lcddev
    gui_draw.o(i.ctp_test) refers to gui_draw.o(i.lcd_draw_bline) for lcd_draw_bline
    gui_draw.o(i.ctp_test) refers to gui_draw.o(i.Load_Drow_Dialog) for Load_Drow_Dialog
    gui_draw.o(i.ctp_test) refers to delay.o(i.delay_ms) for delay_ms
    gui_draw.o(i.ctp_test) refers to touch.o(.data) for tp_dev
    gui_draw.o(i.ctp_test) refers to lcd.o(.bss) for lcddev
    gui_draw.o(i.ctp_test) refers to gui_draw.o(.constdata) for POINT_COLOR_TBL
    gui_draw.o(i.gui_draw_hline) refers to lcd.o(i.LCD_Fill) for LCD_Fill
    gui_draw.o(i.gui_fill_circle) refers to gui_draw.o(i.gui_draw_hline) for gui_draw_hline
    gui_draw.o(i.lcd_draw_bline) refers to gui_draw.o(i.gui_fill_circle) for gui_fill_circle
    gui_draw.o(i.rtp_test) refers to key.o(i.KEY_Scan) for KEY_Scan
    gui_draw.o(i.rtp_test) refers to gui_draw.o(i.Load_Drow_Dialog) for Load_Drow_Dialog
    gui_draw.o(i.rtp_test) refers to touch.o(i.TP_Draw_Big_Point) for TP_Draw_Big_Point
    gui_draw.o(i.rtp_test) refers to delay.o(i.delay_ms) for delay_ms
    gui_draw.o(i.rtp_test) refers to lcd.o(i.LCD_Clear) for LCD_Clear
    gui_draw.o(i.rtp_test) refers to touch.o(i.TP_Adjust) for TP_Adjust
    gui_draw.o(i.rtp_test) refers to touch.o(i.TP_Save_Adjdata) for TP_Save_Adjdata
    gui_draw.o(i.rtp_test) refers to touch.o(.data) for tp_dev
    gui_draw.o(i.rtp_test) refers to lcd.o(.bss) for lcddev
    startup_stm32f40_41xxx.o(STACK) refers (Special) to heapauxi.o(.text) for __use_two_region_memory
    startup_stm32f40_41xxx.o(HEAP) refers (Special) to heapauxi.o(.text) for __use_two_region_memory
    startup_stm32f40_41xxx.o(RESET) refers (Special) to heapauxi.o(.text) for __use_two_region_memory
    startup_stm32f40_41xxx.o(RESET) refers to startup_stm32f40_41xxx.o(STACK) for __initial_sp
    startup_stm32f40_41xxx.o(RESET) refers to startup_stm32f40_41xxx.o(.text) for Reset_Handler
    startup_stm32f40_41xxx.o(RESET) refers to stm32f4xx_it.o(i.NMI_Handler) for NMI_Handler
    startup_stm32f40_41xxx.o(RESET) refers to stm32f4xx_it.o(i.HardFault_Handler) for HardFault_Handler
    startup_stm32f40_41xxx.o(RESET) refers to stm32f4xx_it.o(i.MemManage_Handler) for MemManage_Handler
[...]
    ..\\FWLIB\\src\\stm32f4xx_crc.c          0x00000000   Number         0  stm32f4xx_crc.o ABSOLUTE
    ..\\FWLIB\\src\\stm32f4xx_cryp.c         0x00000000   Number         0  stm32f4xx_cryp.o ABSOLUTE
    ..\\FWLIB\\src\\stm32f4xx_cryp_aes.c     0x00000000   Number         0  stm32f4xx_cryp_aes.o ABSOLUTE
    ..\\FWLIB\\src\\stm32f4xx_cryp_des.c     0x00000000   Number         0  stm32f4xx_cryp_des.o ABSOLUTE
    ..\\FWLIB\\src\\stm32f4xx_cryp_tdes.c    0x00000000   Number         0  stm32f4xx_cryp_tdes.o ABSOLUTE
    ..\\FWLIB\\src\\stm32f4xx_dac.c          0x00000000   Number         0  stm32f4xx_dac.o ABSOLUTE
    ..\\FWLIB\\src\\stm32f4xx_dbgmcu.c       0x00000000   Number         0  stm32f4xx_dbgmcu.o ABSOLUTE
    ..\\FWLIB\\src\\stm32f4xx_dcmi.c         0x00000000   Number         0  stm32f4xx_dcmi.o ABSOLUTE
    ..\\FWLIB\\src\\stm32f4xx_dma.c          0x00000000   Number         0  stm32f4xx_dma.o ABSOLUTE
    ..\\FWLIB\\src\\stm32f4xx_dma2d.c        0x00000000   Number         0  stm32f4xx_dma2d.o ABSOLUTE
    ..\\FWLIB\\src\\stm32f4xx_exti.c         0x00000000   Number         0  stm32f4xx_exti.o ABSOLUTE
    ..\\FWLIB\\src\\stm32f4xx_flash.c        0x00000000   Number         0  stm32f4xx_flash.o ABSOLUTE
    ..\\FWLIB\\src\\stm32f4xx_flash_ramfunc.c 0x00000000   Number         0  stm32f4xx_flash_ramfunc.o ABSOLUTE
    ..\\FWLIB\\src\\stm32f4xx_fsmc.c         0x00000000   Number         0  stm32f4xx_fsmc.o ABSOLUTE
    ..\\FWLIB\\src\\stm32f4xx_gpio.c         0x00000000   Number         0  stm32f4xx_gpio.o ABSOLUTE
    ..\\FWLIB\\src\\stm32f4xx_hash.c         0x00000000   Number         0  stm32f4xx_hash.o ABSOLUTE
    ..\\FWLIB\\src\\stm32f4xx_hash_md5.c     0x00000000   Number         0  stm32f4xx_hash_md5.o ABSOLUTE
    ..\\FWLIB\\src\\stm32f4xx_hash_sha1.c    0x00000000   Number         0  stm32f4xx_hash_sha1.o ABSOLUTE
    ..\\FWLIB\\src\\stm32f4xx_i2c.c          0x00000000   Number         0  stm32f4xx_i2c.o ABSOLUTE
    ..\\FWLIB\\src\\stm32f4xx_iwdg.c         0x00000000   Number         0  stm32f4xx_iwdg.o ABSOLUTE
    ..\\FWLIB\\src\\stm32f4xx_ltdc.c         0x00000000   Number         0  stm32f4xx_ltdc.o ABSOLUTE
    ..\\FWLIB\\src\\stm32f4xx_pwr.c          0x00000000   Number         0  stm32f4xx_pwr.o ABSOLUTE
    ..\\FWLIB\\src\\stm32f4xx_rcc.c          0x00000000   Number         0  stm32f4xx_rcc.o ABSOLUTE
    ..\\FWLIB\\src\\stm32f4xx_rng.c          0x00000000   Number         0  stm32f4xx_rng.o ABSOLUTE
    ..\\FWLIB\\src\\stm32f4xx_rtc.c          0x00000000   Number         0  stm32f4xx_rtc.o ABSOLUTE
    ..\\FWLIB\\src\\stm32f4xx_sai.c          0x00000000   Number         0  stm32f4xx_sai.o ABSOLUTE
    ..\\FWLIB\\src\\stm32f4xx_sdio.c         0x00000000   Number         0  stm32f4xx_sdio.o ABSOLUTE
    ..\\FWLIB\\src\\stm32f4xx_spi.c          0x00000000   Number         0  stm32f4xx_spi.o ABSOLUTE
    ..\\FWLIB\\src\\stm32f4xx_syscfg.c       0x00000000   Number         0  stm32f4xx_syscfg.o ABSOLUTE
    ..\\FWLIB\\src\\stm32f4xx_tim.c          0x00000000   Number         0  stm32f4xx_tim.o ABSOLUTE
    ..\\FWLIB\\src\\stm32f4xx_usart.c        0x00000000   Number         0  stm32f4xx_usart.o ABSOLUTE
    ..\\FWLIB\\src\\stm32f4xx_wwdg.c         0x00000000   Number         0  stm32f4xx_wwdg.o ABSOLUTE
    ..\\GAMES\\my_list.c                     0x00000000   Number         0  my_list.o ABSOLUTE
    ..\\GAMES\\snake.c                       0x00000000   Number         0  snake.o ABSOLUTE
    ..\\HARDWARE\\24CXX\\24cxx.c             0x00000000   Number         0  24cxx.o ABSOLUTE
    ..\\HARDWARE\\ADC\\adc.c                 0x00000000   Number         0  adc.o ABSOLUTE
    ..\\HARDWARE\\BEEP\\beep.c               0x00000000   Number         0  beep.o ABSOLUTE
    ..\\HARDWARE\\IIC\\myiic.c               0x00000000   Number         0  myiic.o ABSOLUTE
    ..\\HARDWARE\\INTERFACE\\interface.c     0x00000000   Number         0  interface.o ABSOLUTE
    ..\\HARDWARE\\KEY\\key.c                 0x00000000   Number         0  key.o ABSOLUTE
    ..\\HARDWARE\\LCD\\lcd.c                 0x00000000   Number         0  lcd.o ABSOLUTE
    ..\\HARDWARE\\LED\\led.c                 0x00000000   Number         0  led.o ABSOLUTE
    ..\\HARDWARE\\SDIO\\sdio_sdcard.c        0x00000000   Number         0  sdio_sdcard.o ABSOLUTE
    ..\\HARDWARE\\SRAM\\sram.c               0x00000000   Number         0  sram.o ABSOLUTE
    ..\\HARDWARE\\TOUCH\\ctiic.c             0x00000000   Number         0  ctiic.o ABSOLUTE
    ..\\HARDWARE\\TOUCH\\ft5206.c            0x00000000   Number         0  ft5206.o ABSOLUTE
    ..\\HARDWARE\\TOUCH\\gt9147.c            0x00000000   Number         0  gt9147.o ABSOLUTE
    ..\\HARDWARE\\TOUCH\\ott2001a.c          0x00000000   Number         0  ott2001a.o ABSOLUTE
    ..\\HARDWARE\\TOUCH\\touch.c             0x00000000   Number         0  touch.o ABSOLUTE
    ..\\MALLOC\\malloc.c                     0x00000000   Number         0  malloc.o ABSOLUTE
    ..\\SYSTEM\\delay\\delay.c               0x00000000   Number         0  delay.o ABSOLUTE
    ..\\SYSTEM\\sys\\sys.c                   0x00000000   Number         0  sys.o ABSOLUTE
    ..\\SYSTEM\\usart\\usart.c               0x00000000   Number         0  usart.o ABSOLUTE
    dc.s                                     0x00000000   Number         0  dc.o ABSOLUTE
    gui_draw.c                               0x00000000   Number         0  gui_draw.o ABSOLUTE
    gui_draw.c                               0x00000000   Number         0  gui_draw.o ABSOLUTE
    main.c                                   0x00000000   Number         0  main.o ABSOLUTE
    main.c                                   0x00000000   Number         0  main.o ABSOLUTE
    stm32f4xx_it.c                           0x00000000   Number         0  stm32f4xx_it.o ABSOLUTE
    stm32f4xx_it.c                           0x00000000   Number         0  stm32f4xx_it.o ABSOLUTE
    system_stm32f4xx.c                       0x00000000   Number         0  system_stm32f4xx.o ABSOLUTE
    system_stm32f4xx.c                       0x00000000   Number         0  system_stm32f4xx.o ABSOLUTE
    RESET                                    0x08000000   Section      392  startup_stm32f40_41xxx.o(RESET)
    !!!main                                  0x08000188   Section        8  __main.o(!!!main)
    !!!scatter                               0x08000190   Section       52  __scatter.o(!!!scatter)
    !!handler_copy                           0x080001c4   Section       26  __scatter_copy.o(!!handler_copy)
    !!handler_zi                             0x080001e0   Section       28  __scatter_zi.o(!!handler_zi)
    .ARM.Collect$$_printf_percent$$00000000  0x080001fc   Section        0  _printf_percent.o(.ARM.Collect$$_printf_percent$$00000000)
    .ARM.Collect$$_printf_percent$$00000009  0x080001fc   Section        6  _printf_d.o(.ARM.Collect$$_printf_percent$$00000009)
    .ARM.Collect$$_printf_percent$$0000000C  0x08000202   Section        6  _printf_x.o(.ARM.Collect$$_printf_percent$$0000000C)
    .ARM.Collect$$_printf_percent$$00000017  0x08000208   Section        4  _printf_percent_end.o(.ARM.Collect$$_printf_percent$$00000017)
    .ARM.Collect$$libinit$$00000000          0x0800020c   Section        2  libinit.o(.ARM.Collect$$libinit$$00000000)
    .ARM.Collect$$libinit$$00000001          0x0800020e   Section        4  libinit2.o(.ARM.Collect$$libinit$$00000001)
    .ARM.Collect$$libinit$$00000004          0x08000212   Section        0  libinit2.o(.ARM.Collect$$libinit$$00000004)
    .ARM.Collect$$libinit$$0000000A          0x08000212   Section        0  libinit2.o(.ARM.Collect$$libinit$$0000000A)
    .ARM.Collect$$libinit$$0000000C          0x08000212   Section        0  libinit2.o(.ARM.Collect$$libinit$$0000000C)
    .ARM.Collect$$libinit$$0000000E          0x08000212   Section        0  libinit2.o(.ARM.Collect$$libinit$$0000000E)
    .ARM.Collect$$libinit$$00000011          0x08000212   Section        0  libinit2.o(.ARM.Collect$$libinit$$00000011)
    .ARM.Collect$$libinit$$00000013          0x08000212   Section        0  libinit2.o(.ARM.Collect$$libinit$$00000013)
    .ARM.Collect$$libinit$$00000015          0x08000212   Section        0  libinit2.o(.ARM.Collect$$libinit$$00000015)
    .ARM.Collect$$libinit$$00000017          0x08000212   Section        0  libinit2.o(.ARM.Collect$$libinit$$00000017)
    .ARM.Collect$$libinit$$00000019          0x08000212   Section        0  libinit2.o(.ARM.Collect$$libinit$$00000019)
    .ARM.Collect$$libinit$$0000001B          0x08000212   Section        0  libinit2.o(.ARM.Collect$$libinit$$0000001B)
    .ARM.Collect$$libinit$$0000001D          0x08000212   Section        0  libinit2.o(.ARM.Collect$$libinit$$0000001D)
    .ARM.Collect$$libinit$$0000001F          0x08000212   Section        0  libinit2.o(.ARM.Collect$$libinit$$0000001F)
    .ARM.Collect$$libinit$$00000021          0x08000212   Section        0  libinit2.o(.ARM.Collect$$libinit$$00000021)
    .ARM.Collect$$libinit$$00000023          0x08000212   Section        0  libinit2.o(.ARM.Collect$$libinit$$00000023)
    .ARM.Collect$$libinit$$00000025          0x08000212   Section        0  libinit2.o(.ARM.Collect$$libinit$$00000025)
    .ARM.Collect$$libinit$$0000002C          0x08000212   Section        0  libinit2.o(.ARM.Collect$$libinit$$0000002C)
    .ARM.Collect$$libinit$$0000002E          0x08000212   Section        0  libinit2.o(.ARM.Collect$$libinit$$0000002E)
    .ARM.Collect$$libinit$$00000030          0x08000212   Section        0  libinit2.o(.ARM.Collect$$libinit$$00000030)
    .ARM.Collect$$libinit$$00000032          0x08000212   Section        0  libinit2.o(.ARM.Collect$$libinit$$00000032)
    .ARM.Collect$$libinit$$00000033          0x08000212   Section        2  libinit2.o(.ARM.Collect$$libinit$$00000033)
    .ARM.Collect$$libshutdown$$00000000      0x08000214   Section        2  libshutdown.o(.ARM.Collect$$libshutdown$$00000000)
    .ARM.Collect$$libshutdown$$00000003      0x08000216   Section        0  libshutdown2.o(.ARM.Collect$$libshutdown$$00000003)
    .ARM.Collect$$libshutdown$$00000006      0x08000216   Section        0  libshutdown2.o(.ARM.Collect$$libshutdown$$00000006)
    .ARM.Collect$$libshutdown$$00000009      0x08000216   Section        0  libshutdown2.o(.ARM.Collect$$libshutdown$$00000009)
    .ARM.Collect$$libshutdown$$0000000B      0x08000216   Section        0  libshutdown2.o(.ARM.Collect$$libshutdown$$0000000B)
    .ARM.Collect$$libshutdown$$0000000E      0x08000216   Section        0  libshutdown2.o(.ARM.Collect$$libshutdown$$0000000E)
    .ARM.Collect$$libshutdown$$0000000F      0x08000216   Section        2  libshutdown2.o(.ARM.Collect$$libshutdown$$0000000F)
    .ARM.Collect$$rtentry$$00000000          0x08000218   Section        0  __rtentry.o(.ARM.Collect$$rtentry$$00000000)
    .ARM.Collect$$rtentry$$00000002          0x08000218   Section        0  __rtentry2.o(.ARM.Collect$$rtentry$$00000002)
    .ARM.Collect$$rtentry$$00000004          0x08000218   Section        6  __rtentry4.o(.ARM.Collect$$rtentry$$00000004)
    .ARM.Collect$$rtentry$$00000009          0x0800021e   Section        0  __rtentry2.o(.ARM.Collect$$rtentry$$00000009)
    .ARM.Collect$$rtentry$$0000000A          0x0800021e   Section        4  __rtentry2.o(.ARM.Collect$$rtentry$$0000000A)
    .ARM.Collect$$rtentry$$0000000C          0x08000222   Section        0  __rtentry2.o(.ARM.Collect$$rtentry$$0000000C)
    .ARM.Collect$$rtentry$$0000000D          0x08000222   Section        8  __rtentry2.o(.ARM.Collect$$rtentry$$0000000D)
    .ARM.Collect$$rtexit$$00000000           0x0800022a   Section        2  rtexit.o(.ARM.Collect$$rtexit$$00000000)
    .ARM.Collect$$rtexit$$00000002           0x0800022c   Section        0  rtexit2.o(.ARM.Collect$$rtexit$$00000002)
    .ARM.Collect$$rtexit$$00000003           0x0800022c   Section        4  rtexit2.o(.ARM.Collect$$rtexit$$00000003)
    .ARM.Collect$$rtexit$$00000004           0x08000230   Section        6  rtexit2.o(.ARM.Collect$$rtexit$$00000004)
    .emb_text                                0x08000238   Section       16  sys.o(.emb_text)
    $v0                                      0x08000238   Number         0  sys.o(.emb_text)
    .text                                    0x08000248   Section       64  startup_stm32f40_41xxx.o(.text)
    $v0                                      0x08000248   Number         0  startup_stm32f40_41xxx.o(.text)
    .text                                    0x08000288   Section        2  use_no_semi_2.o(.text)
    .text                                    0x0800028c   Section        0  noretval__2printf.o(.text)
    .text                                    0x080002a4   Section        0  __printf.o(.text)
    .text                                    0x0800030c   Section        0  _printf_dec.o(.text)
    .text                                    0x08000384   Section        0  _printf_hex_int.o(.text)
    .text                                    0x080003dc   Section      138  rt_memcpy_v6.o(.text)
    .text                                    0x08000466   Section        0  heapauxi.o(.text)
    .text                                    0x0800046c   Section        2  use_no_semi.o(.text)
    .text                                    0x0800046e   Section        0  _printf_intcommon.o(.text)
    .text                                    0x08000520   Section        0  _printf_char_file.o(.text)
    .text                                    0x08000544   Section      100  rt_memcpy_w.o(.text)
    .text                                    0x080005a8   Section        0  _printf_char_common.o(.text)
    _printf_input_char                       0x080005a9   Thumb Code    10  _printf_char_common.o(.text)
    .text                                    0x080005d8   Section        0  ferror.o(.text)
    .text                                    0x080005e0   Section        8  libspace.o(.text)
    .text                                    0x080005e8   Section       74  sys_stackheap_outer.o(.text)
    .text                                    0x08000632   Section        0  exit.o(.text)
    i.BusFault_Handler                       0x0800063e   Section        0  stm32f4xx_it.o(i.BusFault_Handler)
    i.CmdError                               0x08000642   Section        0  sdio_sdcard.o(i.CmdError)
    i.CmdResp1Error                          0x08000674   Section        0  sdio_sdcard.o(i.CmdResp1Error)
    i.CmdResp2Error                          0x080006d8   Section        0  sdio_sdcard.o(i.CmdResp2Error)
    i.CmdResp3Error                          0x0800072c   Section        0  sdio_sdcard.o(i.CmdResp3Error)
    i.CmdResp6Error                          0x08000764   Section        0  sdio_sdcard.o(i.CmdResp6Error)
    i.CmdResp7Error                          0x080007f8   Section        0  sdio_sdcard.o(i.CmdResp7Error)
    i.DMA_Cmd                                0x08000844   Section        0  stm32f4xx_dma.o(i.DMA_Cmd)
    i.DMA_DeInit                             0x0800085c   Section        0  stm32f4xx_dma.o(i.DMA_DeInit)
    i.DMA_FlowControllerConfig               0x080009b4   Section        0  stm32f4xx_dma.o(i.DMA_FlowControllerConfig)
    i.DMA_GetCmdStatus                       0x080009ca   Section        0  stm32f4xx_dma.o(i.DMA_GetCmdStatus)
    i.DMA_Init                               0x080009e0   Section        0  stm32f4xx_dma.o(i.DMA_Init)
    i.DebugMon_Handler                       0x08000a38   Section        0  stm32f4xx_it.o(i.DebugMon_Handler)
    i.FSMC_NORSRAMCmd                        0x08000a3c   Section        0  stm32f4xx_fsmc.o(i.FSMC_NORSRAMCmd)
    i.FSMC_NORSRAMInit                       0x08000a70   Section        0  stm32f4xx_fsmc.o(i.FSMC_NORSRAMInit)
    i.FSMC_SRAM_Init                         0x08000b58   Section        0  sram.o(i.FSMC_SRAM_Init)
    i.FindSCR                                0x08000e24   Section        0  sdio_sdcard.o(i.FindSCR)
    i.GPIO_Init                              0x08000fb8   Section        0  stm32f4xx_gpio.o(i.GPIO_Init)
    i.GPIO_PinAFConfig                       0x08001048   Section        0  stm32f4xx_gpio.o(i.GPIO_PinAFConfig)
    i.GPIO_ReadInputDataBit                  0x0800108e   Section        0  stm32f4xx_gpio.o(i.GPIO_ReadInputDataBit)
    i.GPIO_SetBits                           0x080010a0   Section        0  stm32f4xx_gpio.o(i.GPIO_SetBits)
    i.HardFault_Handler                      0x080010a4   Section        0  stm32f4xx_it.o(i.HardFault_Handler)
    i.KEY_Init                               0x080010a8   Section        0  key.o(i.KEY_Init)
    i.KEY_Scan                               0x080010ec   Section        0  key.o(i.KEY_Scan)
    i.LCD_Clear                              0x080011b4   Section        0  lcd.o(i.LCD_Clear)
    i.LCD_Display_Dir                        0x08001220   Section        0  lcd.o(i.LCD_Display_Dir)
    i.LCD_Fast_DrawPoint                     0x080013e0   Section        0  lcd.o(i.LCD_Fast_DrawPoint)
    i.LCD_Init                               0x08001560   Section        0  lcd.o(i.LCD_Init)
    i.LCD_Pow                                0x08004ed0   Section        0  lcd.o(i.LCD_Pow)
    i.LCD_RD_DATA                            0x08004ee8   Section        0  lcd.o(i.LCD_RD_DATA)
    i.LCD_ReadReg                            0x08004efc   Section        0  lcd.o(i.LCD_ReadReg)
    i.LCD_SSD_BackLightSet                   0x08004f14   Section        0  lcd.o(i.LCD_SSD_BackLightSet)
    i.LCD_Scan_Dir                           0x08004f74   Section        0  lcd.o(i.LCD_Scan_Dir)
    i.LCD_SetCursor                          0x08005260   Section        0  lcd.o(i.LCD_SetCursor)
    i.LCD_ShowChar                           0x08005408   Section        0  lcd.o(i.LCD_ShowChar)
    i.LCD_ShowNum                            0x08005530   Section        0  lcd.o(i.LCD_ShowNum)
    i.LCD_ShowString                         0x080055c4   Section        0  lcd.o(i.LCD_ShowString)
    i.LCD_WR_DATA                            0x0800562c   Section        0  lcd.o(i.LCD_WR_DATA)
    i.LCD_WR_REG                             0x08005644   Section        0  lcd.o(i.LCD_WR_REG)
    i.LCD_WriteRAM_Prepare                   0x0800565c   Section        0  lcd.o(i.LCD_WriteRAM_Prepare)
    i.LCD_WriteReg                           0x08005670   Section        0  lcd.o(i.LCD_WriteReg)
    i.LED_Init                               0x08005684   Section        0  led.o(i.LED_Init)
    i.MemManage_Handler                      0x080056c4   Section        0  stm32f4xx_it.o(i.MemManage_Handler)
    i.NMI_Handler                            0x080056c8   Section        0  stm32f4xx_it.o(i.NMI_Handler)
    i.NVIC_Init                              0x080056cc   Section        0  misc.o(i.NVIC_Init)
    i.NVIC_PriorityGroupConfig               0x08005744   Section        0  misc.o(i.NVIC_PriorityGroupConfig)
    i.PendSV_Handler                         0x08005758   Section        0  stm32f4xx_it.o(i.PendSV_Handler)
    i.RCC_AHB1PeriphClockCmd                 0x0800575c   Section        0  stm32f4xx_rcc.o(i.RCC_AHB1PeriphClockCmd)
    i.RCC_AHB3PeriphClockCmd                 0x0800577c   Section        0  stm32f4xx_rcc.o(i.RCC_AHB3PeriphClockCmd)
    i.RCC_APB2PeriphClockCmd                 0x0800579c   Section        0  stm32f4xx_rcc.o(i.RCC_APB2PeriphClockCmd)
    i.RCC_APB2PeriphResetCmd                 0x080057bc   Section        0  stm32f4xx_rcc.o(i.RCC_APB2PeriphResetCmd)
    i.RCC_GetClocksFreq                      0x080057dc   Section        0  stm32f4xx_rcc.o(i.RCC_GetClocksFreq)
    i.SDEnWideBus                            0x080058c4   Section        0  sdio_sdcard.o(i.SDEnWideBus)
    i.SDIO_ClearFlag                         0x08005970   Section        0  stm32f4xx_sdio.o(i.SDIO_ClearFlag)
    i.SDIO_Clock_Set                         0x0800597c   Section        0  sdio_sdcard.o(i.SDIO_Clock_Set)
    i.SDIO_DataConfig                        0x08005990   Section        0  stm32f4xx_sdio.o(i.SDIO_DataConfig)
    i.SDIO_GetFlagStatus                     0x080059c4   Section        0  stm32f4xx_sdio.o(i.SDIO_GetFlagStatus)
    i.SDIO_GetPowerState                     0x080059dc   Section        0  stm32f4xx_sdio.o(i.SDIO_GetPowerState)
    i.SDIO_IRQHandler                        0x080059ec   Section        0  sdio_sdcard.o(i.SDIO_IRQHandler)
    i.SDIO_Init                              0x080059f4   Section        0  stm32f4xx_sdio.o(i.SDIO_Init)
    i.SDIO_Register_Deinit                   0x08005a24   Section        0  sdio_sdcard.o(i.SDIO_Register_Deinit)
    i.SDIO_SendCommand                       0x08005a5c   Section        0  stm32f4xx_sdio.o(i.SDIO_SendCommand)
    i.SDIO_SetPowerState                     0x08005a88   Section        0  stm32f4xx_sdio.o(i.SDIO_SetPowerState)
    i.SD_DMA_Config                          0x08005a94   Section        0  sdio_sdcard.o(i.SD_DMA_Config)
    i.SD_EnableWideBusOperation              0x08005b14   Section        0  sdio_sdcard.o(i.SD_EnableWideBusOperation)
    i.SD_GetCardInfo                         0x08005b7c   Section        0  sdio_sdcard.o(i.SD_GetCardInfo)
    i.SD_Init                                0x08005e90   Section        0  sdio_sdcard.o(i.SD_Init)
    i.SD_InitializeCards                     0x08005fc0   Section        0  sdio_sdcard.o(i.SD_InitializeCards)
    i.SD_PowerON                             0x08006124   Section        0  sdio_sdcard.o(i.SD_PowerON)
    i.SD_ProcessIRQSrc                       0x08006308   Section        0  sdio_sdcard.o(i.SD_ProcessIRQSrc)
    i.SD_ReadBlock                           0x0800645c   Section        0  sdio_sdcard.o(i.SD_ReadBlock)
    i.SD_ReadDisk                            0x080066c4   Section        0  sdio_sdcard.o(i.SD_ReadDisk)
    i.SD_ReadMultiBlocks                     0x0800675c   Section        0  sdio_sdcard.o(i.SD_ReadMultiBlocks)
    i.SD_SelectDeselect                      0x08006a50   Section        0  sdio_sdcard.o(i.SD_SelectDeselect)
    i.SD_SetDeviceMode                       0x08006a80   Section        0  sdio_sdcard.o(i.SD_SetDeviceMode)
    i.SVC_Handler                            0x08006a98   Section        0  stm32f4xx_it.o(i.SVC_Handler)
    i.SetSysClock                            0x08006a9c   Section        0  system_stm32f4xx.o(i.SetSysClock)
    SetSysClock                              0x08006a9d   Thumb Code   220  system_stm32f4xx.o(i.SetSysClock)
    i.SysTick_CLKSourceConfig                0x08006b88   Section        0  misc.o(i.SysTick_CLKSourceConfig)
    i.SysTick_Handler                        0x08006bb0   Section        0  stm32f4xx_it.o(i.SysTick_Handler)
    i.SystemInit                             0x08006bb4   Section        0  system_stm32f4xx.o(i.SystemInit)
    i.USART1_IRQHandler                      0x08006c1c   Section        0  usart.o(i.USART1_IRQHandler)
    i.USART_Cmd                              0x08006ca4   Section        0  stm32f4xx_usart.o(i.USART_Cmd)
    i.USART_GetITStatus                      0x08006cbc   Section        0  stm32f4xx_usart.o(i.USART_GetITStatus)
    i.USART_ITConfig                         0x08006d10   Section        0  stm32f4xx_usart.o(i.USART_ITConfig)
    i.USART_Init                             0x08006d5c   Section        0  stm32f4xx_usart.o(i.USART_Init)
    i.USART_ReceiveData                      0x08006e30   Section        0  stm32f4xx_usart.o(i.USART_ReceiveData)
    i.UsageFault_Handler                     0x08006e3a   Section        0  stm32f4xx_it.o(i.UsageFault_Handler)
    i._sys_exit                              0x08006e3e   Section        0  usart.o(i._sys_exit)
    i.convert_from_bytes_to_power_of_two     0x08006e44   Section        0  sdio_sdcard.o(i.convert_from_bytes_to_power_of_two)
    i.delay_init                             0x08006e58   Section        0  delay.o(i.delay_init)
    i.delay_ms                               0x08006e94   Section        0  delay.o(i.delay_ms)
    i.delay_us                               0x08006ecc   Section        0  delay.o(i.delay_us)
    i.delay_xms                              0x08006f18   Section        0  delay.o(i.delay_xms)
    i.fputc                                  0x08006f64   Section        0  usart.o(i.fputc)
    i.main                                   0x08006f80   Section        0  main.o(i.main)
    i.my_mem_free                            0x080072c4   Section        0  malloc.o(i.my_mem_free)
    i.my_mem_init                            0x08007330   Section        0  malloc.o(i.my_mem_init)
    i.my_mem_malloc                          0x08007374   Section        0  malloc.o(i.my_mem_malloc)
    i.my_mem_perused                         0x0800741c   Section        0  malloc.o(i.my_mem_perused)
    i.myfree                                 0x0800745c   Section        0  malloc.o(i.myfree)
    i.mymalloc                               0x08007480   Section        0  malloc.o(i.mymalloc)
    i.mymemset                               0x080074a8   Section        0  malloc.o(i.mymemset)
    i.show_sdcard_info                       0x080074bc   Section        0  main.o(i.show_sdcard_info)
    i.uart_init                              0x080075ec   Section        0  usart.o(i.uart_init)
    x$fpl$dfixu                              0x08007698   Section       90  dfixu.o(x$fpl$dfixu)
    $v0                                      0x08007698   Number         0  dfixu.o(x$fpl$dfixu)
    x$fpl$dfltu                              0x080076f2   Section       38  dflt_clz.o(x$fpl$dfltu)
    $v0                                      0x080076f2   Number         0  dflt_clz.o(x$fpl$dfltu)
    x$fpl$dmul                               0x08007718   Section      340  dmul.o(x$fpl$dmul)
    $v0                                      0x08007718   Number         0  dmul.o(x$fpl$dmul)
    x$fpl$dnaninf                            0x0800786c   Section      156  dnaninf.o(x$fpl$dnaninf)
    $v0                                      0x0800786c   Number         0  dnaninf.o(x$fpl$dnaninf)
    x$fpl$dretinf                            0x08007908   Section       12  dretinf.o(x$fpl$dretinf)
    $v0                                      0x08007908   Number         0  dretinf.o(x$fpl$dretinf)
    x$fpl$fpinit                             0x08007914   Section       10  fpinit.o(x$fpl$fpinit)
    $v0                                      0x08007914   Number         0  fpinit.o(x$fpl$fpinit)
    .constdata                               0x0800791e   Section     6080  lcd.o(.constdata)
    x$fpl$usenofp                            0x0800791e   Section        0  usenofp.o(x$fpl$usenofp)
    .constdata                               0x080090e0   Section       36  malloc.o(.constdata)
    .constdata                               0x08009104   Section       40  _printf_hex_int.o(.constdata)
    uc_hextab                                0x08009104   Data          20  _printf_hex_int.o(.constdata)
    lc_hextab                                0x08009118   Data          20  _printf_hex_int.o(.constdata)
    .ARM.__AT_0x10000000                     0x10000000   Section    61440  malloc.o(.ARM.__AT_0x10000000)
    .ARM.__AT_0x1000F000                     0x1000f000   Section     3840  malloc.o(.ARM.__AT_0x1000F000)
    .data                                    0x20000000   Section       16  stm32f4xx_rcc.o(.data)
    APBAHBPrescTable                         0x20000000   Data          16  stm32f4xx_rcc.o(.data)
    .data                                    0x20000010   Section        4  delay.o(.data)
    fac_us                                   0x20000010   Data           1  delay.o(.data)
    fac_ms                                   0x20000012   Data           2  delay.o(.data)
    .data                                    0x20000014   Section        6  usart.o(.data)
    .data                                    0x2000001a   Section        4  lcd.o(.data)
    .data                                    0x2000001e   Section        1  key.o(.data)
    key_up                                   0x2000001e   Data           1  key.o(.data)
    .data                                    0x20000020   Section       16  sdio_sdcard.o(.data)
    CardType                                 0x20000020   Data           1  sdio_sdcard.o(.data)
    RCA                                      0x20000024   Data           4  sdio_sdcard.o(.data)
    DeviceMode                               0x20000028   Data           1  sdio_sdcard.o(.data)
    StopCondition                            0x20000029   Data           1  sdio_sdcard.o(.data)
    .data                                    0x20000030   Section       36  malloc.o(.data)
    .bss                                     0x20000054   Section      200  usart.o(.bss)
    .bss                                     0x2000011c   Section       14  lcd.o(.bss)
    .bss                                     0x20000130   Section      704  sdio_sdcard.o(.bss)
    CSD_Tab                                  0x20000174   Data          16  sdio_sdcard.o(.bss)
    CID_Tab                                  0x20000184   Data          16  sdio_sdcard.o(.bss)
    .bss                                     0x20000400   Section    108800  malloc.o(.bss)
    .bss                                     0x2001ad00   Section       96  libspace.o(.bss)
    HEAP                                     0x2001ad60   Section      512  startup_stm32f40_41xxx.o(HEAP)
    Heap_Mem                                 0x2001ad60   Data         512  startup_stm32f40_41xxx.o(HEAP)
    STACK                                    0x2001af60   Section     1024  startup_stm32f40_41xxx.o(STACK)
    Stack_Mem                                0x2001af60   Data        1024  startup_stm32f40_41xxx.o(STACK)
    __initial_sp                             0x2001b360   Data           0  startup_stm32f40_41xxx.o(STACK)
    .ARM.__AT_0x68000000                     0x68000000   Section    983040  malloc.o(.ARM.__AT_0x68000000)
    .ARM.__AT_0x680F0000                     0x680f0000   Section    61440  malloc.o(.ARM.__AT_0x680F0000)

    Global Symbols

    Symbol Name                              Value     Ov Type        Size  Object(Section)

    BuildAttributes$$THM_ISAv4$E$P$D$K$B$S$7EM$VFPi3$EXTD16$VFPS$VFMA$PE$A:L22UL41UL21$X:L11$S22US41US21$IEEE1$IW$USESV6$~STKCKD$USESV7$~SHL$OTIME$ROPI$IEEEJ$EBA8$UX$STANDARDLIB$REQ8$PRES8$EABIv2 0x00000000   Number         0  anon$$obj.o ABSOLUTE
    __ARM_use_no_argv                        0x00000000   Number         0  main.o ABSOLUTE
    __ARM_exceptions_init                     - Undefined Weak Reference
    __alloca_initialize                       - Undefined Weak Reference
    __arm_preinit_                            - Undefined Weak Reference
    __cpp_initialize__aeabi_                  - Undefined Weak Reference
    __cxa_finalize                            - Undefined Weak Reference
    __rt_locale                               - Undefined Weak Reference
    __sigvec_lookup                           - Undefined Weak Reference
    _atexit_init                              - Undefined Weak Reference
    _call_atexit_fns                          - Undefined Weak Reference
    _clock_init                               - Undefined Weak Reference
    _fp_trap_init                             - Undefined Weak Reference
    _fp_trap_shutdown                         - Undefined Weak Reference
    _get_lc_collate                           - Undefined Weak Reference
    _get_lc_ctype                             - Undefined Weak Reference
    _get_lc_monetary                          - Undefined Weak Reference
    _get_lc_numeric                           - Undefined Weak Reference
    _get_lc_time                              - Undefined Weak Reference
    _getenv_init                              - Undefined Weak Reference
    _handle_redirection                       - Undefined Weak Reference
    _init_alloc                               - Undefined Weak Reference
    _init_user_alloc                          - Undefined Weak Reference
    _initio                                   - Undefined Weak Reference
    _mutex_acquire                            - Undefined Weak Reference
    _mutex_release                            - Undefined Weak Reference
    _printf_mbtowc                            - Undefined Weak Reference
    _printf_post_padding                      - Undefined Weak Reference
    _printf_pre_padding                       - Undefined Weak Reference
    _printf_truncate_signed                   - Undefined Weak Reference
    _printf_truncate_unsigned                 - Undefined Weak Reference
    _signal_finish                            - Undefined Weak Reference
    _signal_init                              - Undefined Weak Reference
    _terminate_alloc                          - Undefined Weak Reference
    _terminate_user_alloc                     - Undefined Weak Reference
    _terminateio                              - Undefined Weak Reference
    __Vectors_Size                           0x00000188   Number         0  startup_stm32f40_41xxx.o ABSOLUTE
    __Vectors                                0x08000000   Data           4  startup_stm32f40_41xxx.o(RESET)
    __Vectors_End                            0x08000188   Data           0  startup_stm32f40_41xxx.o(RESET)
    __main                                   0x08000189   Thumb Code     8  __main.o(!!!main)
    __scatterload                            0x08000191   Thumb Code     0  __scatter.o(!!!scatter)
    __scatterload_rt2                        0x08000191   Thumb Code    44  __scatter.o(!!!scatter)
    __scatterload_rt2_thumb_only             0x08000191   Thumb Code     0  __scatter.o(!!!scatter)
    __scatterload_null                       0x0800019f   Thumb Code     0  __scatter.o(!!!scatter)
    __scatterload_copy                       0x080001c5   Thumb Code    26  __scatter_copy.o(!!handler_copy)
    __scatterload_zeroinit                   0x080001e1   Thumb Code    28  __scatter_zi.o(!!handler_zi)
    _printf_d                                0x080001fd   Thumb Code     0  _printf_d.o(.ARM.Collect$$_printf_percent$$00000009)
    _printf_percent                          0x080001fd   Thumb Code     0  _printf_percent.o(.ARM.Collect$$_printf_percent$$00000000)
    _printf_x                                0x08000203   Thumb Code     0  _printf_x.o(.ARM.Collect$$_printf_percent$$0000000C)
    _printf_percent_end                      0x08000209   Thumb Code     0  _printf_percent_end.o(.ARM.Collect$$_printf_percent$$00000017)
    __rt_lib_init                            0x0800020d   Thumb Code     0  libinit.o(.ARM.Collect$$libinit$$00000000)
    __rt_lib_init_fp_1                       0x0800020f   Thumb Code     0  libinit2.o(.ARM.Collect$$libinit$$00000001)
    __rt_lib_init_alloca_1                   0x08000213   Thumb Code     0  libinit2.o(.ARM.Collect$$libinit$$0000002E)
    __rt_lib_init_argv_1                     0x08000213   Thumb Code     0  libinit2.o(.ARM.Collect$$libinit$$0000002C)
    __rt_lib_init_atexit_1                   0x08000213   Thumb Code     0  libinit2.o(.ARM.Collect$$libinit$$0000001B)
    __rt_lib_init_clock_1                    0x08000213   Thumb Code     0  libinit2.o(.ARM.Collect$$libinit$$00000021)
    __rt_lib_init_cpp_1                      0x08000213   Thumb Code     0  libinit2.o(.ARM.Collect$$libinit$$00000032)
    __rt_lib_init_exceptions_1               0x08000213   Thumb Code     0  libinit2.o(.ARM.Collect$$libinit$$00000030)
    __rt_lib_init_fp_trap_1                  0x08000213   Thumb Code     0  libinit2.o(.ARM.Collect$$libinit$$0000001F)
    __rt_lib_init_getenv_1                   0x08000213   Thumb Code     0  libinit2.o(.ARM.Collect$$libinit$$00000023)
    __rt_lib_init_heap_1                     0x08000213   Thumb Code     0  libinit2.o(.ARM.Collect$$libinit$$0000000A)
    __rt_lib_init_lc_collate_1               0x08000213   Thumb Code     0  libinit2.o(.ARM.Collect$$libinit$$00000011)
    __rt_lib_init_lc_ctype_1                 0x08000213   Thumb Code     0  libinit2.o(.ARM.Collect$$libinit$$00000013)
    __rt_lib_init_lc_monetary_1              0x08000213   Thumb Code     0  libinit2.o(.ARM.Collect$$libinit$$00000015)
    __rt_lib_init_lc_numeric_1               0x08000213   Thumb Code     0  libinit2.o(.ARM.Collect$$libinit$$00000017)
    __rt_lib_init_lc_time_1                  0x08000213   Thumb Code     0  libinit2.o(.ARM.Collect$$libinit$$00000019)
    __rt_lib_init_preinit_1                  0x08000213   Thumb Code     0  libinit2.o(.ARM.Collect$$libinit$$00000004)
    __rt_lib_init_rand_1                     0x08000213   Thumb Code     0  libinit2.o(.ARM.Collect$$libinit$$0000000E)
    __rt_lib_init_return                     0x08000213   Thumb Code     0  libinit2.o(.ARM.Collect$$libinit$$00000033)
    __rt_lib_init_signal_1                   0x08000213   Thumb Code     0  libinit2.o(.ARM.Collect$$libinit$$0000001D)
    __rt_lib_init_stdio_1                    0x08000213   Thumb Code     0  libinit2.o(.ARM.Collect$$libinit$$00000025)
    __rt_lib_init_user_alloc_1               0x08000213   Thumb Code     0  libinit2.o(.ARM.Collect$$libinit$$0000000C)
    __rt_lib_shutdown                        0x08000215   Thumb Code     0  libshutdown.o(.ARM.Collect$$libshutdown$$00000000)
    __rt_lib_shutdown_fp_trap_1              0x08000217   Thumb Code     0  libshutdown2.o(.ARM.Collect$$libshutdown$$00000006)
    __rt_lib_shutdown_heap_1                 0x08000217   Thumb Code     0  libshutdown2.o(.ARM.Collect$$libshutdown$$0000000E)
    __rt_lib_shutdown_return                 0x08000217   Thumb Code     0  libshutdown2.o(.ARM.Collect$$libshutdown$$0000000F)
    __rt_lib_shutdown_signal_1               0x08000217   Thumb Code     0  libshutdown2.o(.ARM.Collect$$libshutdown$$00000009)
    __rt_lib_shutdown_stdio_1                0x08000217   Thumb Code     0  libshutdown2.o(.ARM.Collect$$libshutdown$$00000003)
    __rt_lib_shutdown_user_alloc_1           0x08000217   Thumb Code     0  libshutdown2.o(.ARM.Collect$$libshutdown$$0000000B)
    __rt_entry                               0x08000219   Thumb Code     0  __rtentry.o(.ARM.Collect$$rtentry$$00000000)
    __rt_entry_presh_1                       0x08000219   Thumb Code     0  __rtentry2.o(.ARM.Collect$$rtentry$$00000002)
    __rt_entry_sh                            0x08000219   Thumb Code     0  __rtentry4.o(.ARM.Collect$$rtentry$$00000004)
    __rt_entry_li                            0x0800021f   Thumb Code     0  __rtentry2.o(.ARM.Collect$$rtentry$$0000000A)
    __rt_entry_postsh_1                      0x0800021f   Thumb Code     0  __rtentry2.o(.ARM.Collect$$rtentry$$00000009)
    __rt_entry_main                          0x08000223   Thumb Code     0  __rtentry2.o(.ARM.Collect$$rtentry$$0000000D)
    __rt_entry_postli_1                      0x08000223   Thumb Code     0  __rtentry2.o(.ARM.Collect$$rtentry$$0000000C)
    __rt_exit                                0x0800022b   Thumb Code     0  rtexit.o(.ARM.Collect$$rtexit$$00000000)
    __rt_exit_ls                             0x0800022d   Thumb Code     0  rtexit2.o(.ARM.Collect$$rtexit$$00000003)
    __rt_exit_prels_1                        0x0800022d   Thumb Code     0  rtexit2.o(.ARM.Collect$$rtexit$$00000002)
    __rt_exit_exit                           0x08000231   Thumb Code     0  rtexit2.o(.ARM.Collect$$rtexit$$00000004)
    WFI_SET                                  0x08000239   Thumb Code     2  sys.o(.emb_text)
    INTX_DISABLE                             0x0800023b   Thumb Code     4  sys.o(.emb_text)
    INTX_ENABLE                              0x0800023f   Thumb Code     4  sys.o(.emb_text)
    MSR_MSP                                  0x08000243   Thumb Code     6  sys.o(.emb_text)
    Reset_Handler                            0x08000249   Thumb Code     8  startup_stm32f40_41xxx.o(.text)
    ADC_IRQHandler                           0x08000263   Thumb Code     0  startup_stm32f40_41xxx.o(.text)
    CAN1_RX0_IRQHandler                      0x08000263   Thumb Code     0  startup_stm32f40_41xxx.o(.text)
    CAN1_RX1_IRQHandler                      0x08000263   Thumb Code     0  startup_stm32f40_41xxx.o(.text)
    CAN1_SCE_IRQHandler                      0x08000263   Thumb Code     0  startup_stm32f40_41xxx.o(.text)
    CAN1_TX_IRQHandler                       0x08000263   Thumb Code     0  startup_stm32f40_41xxx.o(.text)
    CAN2_RX0_IRQHandler                      0x08000263   Thumb Code     0  startup_stm32f40_41xxx.o(.text)
    CAN2_RX1_IRQHandler                      0x08000263   Thumb Code     0  startup_stm32f40_41xxx.o(.text)
    CAN2_SCE_IRQHandler                      0x08000263   Thumb Code     0  startup_stm32f40_41xxx.o(.text)
    CAN2_TX_IRQHandler                       0x08000263   Thumb Code     0  startup_stm32f40_41xxx.o(.text)
    CRYP_IRQHandler                          0x08000263   Thumb Code     0  startup_stm32f40_41xxx.o(.text)
    DCMI_IRQHandler                          0x08000263   Thumb Code     0  startup_stm32f40_41xxx.o(.text)
    DMA1_Stream0_IRQHandler                  0x08000263   Thumb Code     0  startup_stm32f40_41xxx.o(.text)
    DMA1_Stream1_IRQHandler                  0x08000263   Thumb Code     0  startup_stm32f40_41xxx.o(.text)
    DMA1_Stream2_IRQHandler                  0x08000263   Thumb Code     0  startup_stm32f40_41xxx.o(.text)
    DMA1_Stream3_IRQHandler                  0x08000263   Thumb Code     0  startup_stm32f40_41xxx.o(.text)
    DMA1_Stream4_IRQHandler                  0x08000263   Thumb Code     0  startup_stm32f40_41xxx.o(.text)
    DMA1_Stream5_IRQHandler                  0x08000263   Thumb Code     0  startup_stm32f40_41xxx.o(.text)
    DMA1_Stream6_IRQHandler                  0x08000263   Thumb Code     0  startup_stm32f40_41xxx.o(.text)
    DMA1_Stream7_IRQHandler                  0x08000263   Thumb Code     0  startup_stm32f40_41xxx.o(.text)
    DMA2_Stream0_IRQHandler                  0x08000263   Thumb Code     0  startup_stm32f40_41xxx.o(.text)
    DMA2_Stream1_IRQHandler                  0x08000263   Thumb Code     0  startup_stm32f40_41xxx.o(.text)
    DMA2_Stream2_IRQHandler                  0x08000263   Thumb Code     0  startup_stm32f40_41xxx.o(.text)
    DMA2_Stream3_IRQHandler                  0x08000263   Thumb Code     0  startup_stm32f40_41xxx.o(.text)
    DMA2_Stream4_IRQHandler                  0x08000263   Thumb Code     0  startup_stm32f40_41xxx.o(.text)
    DMA2_Stream5_IRQHandler                  0x08000263   Thumb Code     0  startup_stm32f40_41xxx.o(.text)
    DMA2_Stream6_IRQHandler                  0x08000263   Thumb Code     0  startup_stm32f40_41xxx.o(.text)
    DMA2_Stream7_IRQHandler                  0x08000263   Thumb Code     0  startup_stm32f40_41xxx.o(.text)
    ETH_IRQHandler                           0x08000263   Thumb Code     0  startup_stm32f40_41xxx.o(.text)
    ETH_WKUP_IRQHandler                      0x08000263   Thumb Code     0  startup_stm32f40_41xxx.o(.text)
    EXTI0_IRQHandler                         0x08000263   Thumb Code     0  startup_stm32f40_41xxx.o(.text)
    EXTI15_10_IRQHandler                     0x08000263   Thumb Code     0  startup_stm32f40_41xxx.o(.text)
    EXTI1_IRQHandler                         0x08000263   Thumb Code     0  startup_stm32f40_41xxx.o(.text)
    EXTI2_IRQHandler                         0x08000263   Thumb Code     0  startup_stm32f40_41xxx.o(.text)
    EXTI3_IRQHandler                         0x08000263   Thumb Code     0  startup_stm32f40_41xxx.o(.text)
    EXTI4_IRQHandler                         0x08000263   Thumb Code     0  startup_stm32f40_41xxx.o(.text)
    EXTI9_5_IRQHandler                       0x08000263   Thumb Code     0  startup_stm32f40_41xxx.o(.text)
    FLASH_IRQHandler                         0x08000263   Thumb Code     0  startup_stm32f40_41xxx.o(.text)
    FPU_IRQHandler                           0x08000263   Thumb Code     0  startup_stm32f40_41xxx.o(.text)
    FSMC_IRQHandler                          0x08000263   Thumb Code     0  startup_stm32f40_41xxx.o(.text)
    HASH_RNG_IRQHandler                      0x08000263   Thumb Code     0  startup_stm32f40_41xxx.o(.text)
    I2C1_ER_IRQHandler                       0x08000263   Thumb Code     0  startup_stm32f40_41xxx.o(.text)
    I2C1_EV_IRQHandler                       0x08000263   Thumb Code     0  startup_stm32f40_41xxx.o(.text)
    I2C2_ER_IRQHandler                       0x08000263   Thumb Code     0  startup_stm32f40_41xxx.o(.text)
    I2C2_EV_IRQHandler                       0x08000263   Thumb Code     0  startup_stm32f40_41xxx.o(.text)
    I2C3_ER_IRQHandler                       0x08000263   Thumb Code     0  startup_stm32f40_41xxx.o(.text)
    I2C3_EV_IRQHandler                       0x08000263   Thumb Code     0  startup_stm32f40_41xxx.o(.text)
    OTG_FS_IRQHandler                        0x08000263   Thumb Code     0  startup_stm32f40_41xxx.o(.text)
    OTG_FS_WKUP_IRQHandler                   0x08000263   Thumb Code     0  startup_stm32f40_41xxx.o(.text)
    OTG_HS_EP1_IN_IRQHandler                 0x08000263   Thumb Code     0  startup_stm32f40_41xxx.o(.text)
    OTG_HS_EP1_OUT_IRQHandler                0x08000263   Thumb Code     0  startup_stm32f40_41xxx.o(.text)
    OTG_HS_IRQHandler                        0x08000263   Thumb Code     0  startup_stm32f40_41xxx.o(.text)
    OTG_HS_WKUP_IRQHandler                   0x08000263   Thumb Code     0  startup_stm32f40_41xxx.o(.text)
    PVD_IRQHandler                           0x08000263   Thumb Code     0  startup_stm32f40_41xxx.o(.text)
    RCC_IRQHandler                           0x08000263   Thumb Code     0  startup_stm32f40_41xxx.o(.text)
    RTC_Alarm_IRQHandler                     0x08000263   Thumb Code     0  startup_stm32f40_41xxx.o(.text)
    RTC_WKUP_IRQHandler                      0x08000263   Thumb Code     0  startup_stm32f40_41xxx.o(.text)
    SPI1_IRQHandler                          0x08000263   Thumb Code     0  startup_stm32f40_41xxx.o(.text)
    SPI2_IRQHandler                          0x08000263   Thumb Code     0  startup_stm32f40_41xxx.o(.text)
    SPI3_IRQHandler                          0x08000263   Thumb Code     0  startup_stm32f40_41xxx.o(.text)
    TAMP_STAMP_IRQHandler                    0x08000263   Thumb Code     0  startup_stm32f40_41xxx.o(.text)
    TIM1_BRK_TIM9_IRQHandler                 0x08000263   Thumb Code     0  startup_stm32f40_41xxx.o(.text)
    TIM1_CC_IRQHandler                       0x08000263   Thumb Code     0  startup_stm32f40_41xxx.o(.text)
    TIM1_TRG_COM_TIM11_IRQHandler            0x08000263   Thumb Code     0  startup_stm32f40_41xxx.o(.text)
    TIM1_UP_TIM10_IRQHandler                 0x08000263   Thumb Code     0  startup_stm32f40_41xxx.o(.text)
    TIM2_IRQHandler                          0x08000263   Thumb Code     0  startup_stm32f40_41xxx.o(.text)
    TIM3_IRQHandler                          0x08000263   Thumb Code     0  startup_stm32f40_41xxx.o(.text)
    TIM4_IRQHandler                          0x08000263   Thumb Code     0  startup_stm32f40_41xxx.o(.text)
    TIM5_IRQHandler                          0x08000263   Thumb Code     0  startup_stm32f40_41xxx.o(.text)
    TIM6_DAC_IRQHandler                      0x08000263   Thumb Code     0  startup_stm32f40_41xxx.o(.text)
    TIM7_IRQHandler                          0x08000263   Thumb Code     0  startup_stm32f40_41xxx.o(.text)
    TIM8_BRK_TIM12_IRQHandler                0x08000263   Thumb Code     0  startup_stm32f40_41xxx.o(.text)
    TIM8_CC_IRQHandler                       0x08000263   Thumb Code     0  startup_stm32f40_41xxx.o(.text)
    TIM8_TRG_COM_TIM14_IRQHandler            0x08000263   Thumb Code     0  startup_stm32f40_41xxx.o(.text)
    TIM8_UP_TIM13_IRQHandler                 0x08000263   Thumb Code     0  startup_stm32f40_41xxx.o(.text)
    UART4_IRQHandler                         0x08000263   Thumb Code     0  startup_stm32f40_41xxx.o(.text)
    UART5_IRQHandler                         0x08000263   Thumb Code     0  startup_stm32f40_41xxx.o(.text)
    USART2_IRQHandler                        0x08000263   Thumb Code     0  startup_stm32f40_41xxx.o(.text)
    USART3_IRQHandler                        0x08000263   Thumb Code     0  startup_stm32f40_41xxx.o(.text)
    USART6_IRQHandler                        0x08000263   Thumb Code     0  startup_stm32f40_41xxx.o(.text)
    WWDG_IRQHandler                          0x08000263   Thumb Code     0  startup_stm32f40_41xxx.o(.text)
    __user_initial_stackheap                 0x08000265   Thumb Code     0  startup_stm32f40_41xxx.o(.text)
    __use_no_semihosting                     0x08000289   Thumb Code     2  use_no_semi_2.o(.text)
    __2printf                                0x0800028d   Thumb Code    20  noretval__2printf.o(.text)
    __printf                                 0x080002a5   Thumb Code   104  __printf.o(.text)
    _printf_int_dec                          0x0800030d   Thumb Code   104  _printf_dec.o(.text)
    _printf_int_hex                          0x08000385   Thumb Code    84  _printf_hex_int.o(.text)
    _printf_longlong_hex                     0x08000385   Thumb Code     0  _printf_hex_int.o(.text)
    __aeabi_memcpy                           0x080003dd   Thumb Code     0  rt_memcpy_v6.o(.text)
    __rt_memcpy                              0x080003dd   Thumb Code   138  rt_memcpy_v6.o(.text)
    _memcpy_lastbytes                        0x08000443   Thumb Code     0  rt_memcpy_v6.o(.text)
    __use_two_region_memory                  0x08000467   Thumb Code     2  heapauxi.o(.text)
    __rt_heap_escrow$2region                 0x08000469   Thumb Code     2  heapauxi.o(.text)
    __rt_heap_expand$2region                 0x0800046b   Thumb Code     2  heapauxi.o(.text)
    __I$use$semihosting                      0x0800046d   Thumb Code     0  use_no_semi.o(.text)
    __use_no_semihosting_swi                 0x0800046d   Thumb Code     2  use_no_semi.o(.text)
    _printf_int_common                       0x0800046f   Thumb Code   178  _printf_intcommon.o(.text)
    _printf_char_file                        0x08000521   Thumb Code    32  _printf_char_file.o(.text)
    __aeabi_memcpy4                          0x08000545   Thumb Code     0  rt_memcpy_w.o(.text)
    __aeabi_memcpy8                          0x08000545   Thumb Code     0  rt_memcpy_w.o(.text)
    __rt_memcpy_w                            0x08000545   Thumb Code   100  rt_memcpy_w.o(.text)
    _memcpy_lastbytes_aligned                0x0800058d   Thumb Code     0  rt_memcpy_w.o(.text)
    _printf_char_common                      0x080005b3   Thumb Code    32  _printf_char_common.o(.text)
    ferror                                   0x080005d9   Thumb Code     8  ferror.o(.text)
    __user_libspace                          0x080005e1   Thumb Code     8  libspace.o(.text)
    __user_perproc_libspace                  0x080005e1   Thumb Code     0  libspace.o(.text)
    __user_perthread_libspace                0x080005e1   Thumb Code     0  libspace.o(.text)
    __user_setup_stackheap                   0x080005e9   Thumb Code    74  sys_stackheap_outer.o(.text)
    exit                                     0x08000633   Thumb Code    12  exit.o(.text)
    BusFault_Handler                         0x0800063f   Thumb Code     4  stm32f4xx_it.o(i.BusFault_Handler)
    CmdError                                 0x08000643   Thumb Code    48  sdio_sdcard.o(i.CmdError)
    CmdResp1Error                            0x08000675   Thumb Code    94  sdio_sdcard.o(i.CmdResp1Error)
    CmdResp2Error                            0x080006d9   Thumb Code    80  sdio_sdcard.o(i.CmdResp2Error)
    CmdResp3Error                            0x0800072d   Thumb Code    50  sdio_sdcard.o(i.CmdResp3Error)
    CmdResp6Error                            0x08000765   Thumb Code   144  sdio_sdcard.o(i.CmdResp6Error)
    CmdResp7Error                            0x080007f9   Thumb Code    70  sdio_sdcard.o(i.CmdResp7Error)
    DMA_Cmd                                  0x08000845   Thumb Code    22  stm32f4xx_dma.o(i.DMA_Cmd)
    DMA_DeInit                               0x0800085d   Thumb Code   324  stm32f4xx_dma.o(i.DMA_DeInit)
    DMA_FlowControllerConfig                 0x080009b5   Thumb Code    22  stm32f4xx_dma.o(i.DMA_FlowControllerConfig)
    DMA_GetCmdStatus                         0x080009cb   Thumb Code    20  stm32f4xx_dma.o(i.DMA_GetCmdStatus)
    DMA_Init                                 0x080009e1   Thumb Code    82  stm32f4xx_dma.o(i.DMA_Init)
    DebugMon_Handler                         0x08000a39   Thumb Code     2  stm32f4xx_it.o(i.DebugMon_Handler)
    FSMC_NORSRAMCmd                          0x08000a3d   Thumb Code    46  stm32f4xx_fsmc.o(i.FSMC_NORSRAMCmd)
    FSMC_NORSRAMInit                         0x08000a71   Thumb Code   230  stm32f4xx_fsmc.o(i.FSMC_NORSRAMInit)
    FSMC_SRAM_Init                           0x08000b59   Thumb Code   694  sram.o(i.FSMC_SRAM_Init)
    FindSCR                                  0x08000e25   Thumb Code   388  sdio_sdcard.o(i.FindSCR)
    GPIO_Init                                0x08000fb9   Thumb Code   144  stm32f4xx_gpio.o(i.GPIO_Init)
    GPIO_PinAFConfig                         0x08001049   Thumb Code    70  stm32f4xx_gpio.o(i.GPIO_PinAFConfig)
    GPIO_ReadInputDataBit                    0x0800108f   Thumb Code    18  stm32f4xx_gpio.o(i.GPIO_ReadInputDataBit)
    GPIO_SetBits                             0x080010a1   Thumb Code     4  stm32f4xx_gpio.o(i.GPIO_SetBits)
    HardFault_Handler                        0x080010a5   Thumb Code     4  stm32f4xx_it.o(i.HardFault_Handler)
    KEY_Init                                 0x080010a9   Thumb Code    60  key.o(i.KEY_Init)
    KEY_Scan                                 0x080010ed   Thumb Code   188  key.o(i.KEY_Scan)
    LCD_Clear                                0x080011b5   Thumb Code   100  lcd.o(i.LCD_Clear)
    LCD_Display_Dir                          0x08001221   Thumb Code   444  lcd.o(i.LCD_Display_Dir)
    LCD_Fast_DrawPoint                       0x080013e1   Thumb Code   374  lcd.o(i.LCD_Fast_DrawPoint)
    LCD_Init                                 0x08001561   Thumb Code 14696  lcd.o(i.LCD_Init)
    LCD_Pow                                  0x08004ed1   Thumb Code    22  lcd.o(i.LCD_Pow)
    LCD_RD_DATA                              0x08004ee9   Thumb Code    14  lcd.o(i.LCD_RD_DATA)
    LCD_ReadReg                              0x08004efd   Thumb Code    22  lcd.o(i.LCD_ReadReg)
    LCD_SSD_BackLightSet                     0x08004f15   Thumb Code    88  lcd.o(i.LCD_SSD_BackLightSet)
    LCD_Scan_Dir                             0x08004f75   Thumb Code   744  lcd.o(i.LCD_Scan_Dir)
    LCD_SetCursor                            0x08005261   Thumb Code   418  lcd.o(i.LCD_SetCursor)
    LCD_ShowChar                             0x08005409   Thumb Code   272  lcd.o(i.LCD_ShowChar)
    LCD_ShowNum                              0x08005531   Thumb Code   148  lcd.o(i.LCD_ShowNum)
    LCD_ShowString                           0x080055c5   Thumb Code   102  lcd.o(i.LCD_ShowString)
    LCD_WR_DATA                              0x0800562d   Thumb Code    18  lcd.o(i.LCD_WR_DATA)
    LCD_WR_REG                               0x08005645   Thumb Code    18  lcd.o(i.LCD_WR_REG)
    LCD_WriteRAM_Prepare                     0x0800565d   Thumb Code    10  lcd.o(i.LCD_WriteRAM_Prepare)
    LCD_WriteReg                             0x08005671   Thumb Code    14  lcd.o(i.LCD_WriteReg)
    LED_Init                                 0x08005685   Thumb Code    60  led.o(i.LED_Init)
    MemManage_Handler                        0x080056c5   Thumb Code     4  stm32f4xx_it.o(i.MemManage_Handler)
    NMI_Handler                              0x080056c9   Thumb Code     2  stm32f4xx_it.o(i.NMI_Handler)
    NVIC_Init                                0x080056cd   Thumb Code   106  misc.o(i.NVIC_Init)
    NVIC_PriorityGroupConfig                 0x08005745   Thumb Code    10  misc.o(i.NVIC_PriorityGroupConfig)
    PendSV_Handler                           0x08005759   Thumb Code     2  stm32f4xx_it.o(i.PendSV_Handler)
    RCC_AHB1PeriphClockCmd                   0x0800575d   Thumb Code    26  stm32f4xx_rcc.o(i.RCC_AHB1PeriphClockCmd)
    RCC_AHB3PeriphClockCmd                   0x0800577d   Thumb Code    26  stm32f4xx_rcc.o(i.RCC_AHB3PeriphClockCmd)
    RCC_APB2PeriphClockCmd                   0x0800579d   Thumb Code    26  stm32f4xx_rcc.o(i.RCC_APB2PeriphClockCmd)
    RCC_APB2PeriphResetCmd                   0x080057bd   Thumb Code    26  stm32f4xx_rcc.o(i.RCC_APB2PeriphResetCmd)
    RCC_GetClocksFreq                        0x080057dd   Thumb Code   214  stm32f4xx_rcc.o(i.RCC_GetClocksFreq)
    SDEnWideBus                              0x080058c5   Thumb Code   158  sdio_sdcard.o(i.SDEnWideBus)
    SDIO_ClearFlag                           0x08005971   Thumb Code     6  stm32f4xx_sdio.o(i.SDIO_ClearFlag)
    SDIO_Clock_Set                           0x0800597d   Thumb Code    16  sdio_sdcard.o(i.SDIO_Clock_Set)
    SDIO_DataConfig                          0x08005991   Thumb Code    46  stm32f4xx_sdio.o(i.SDIO_DataConfig)
    SDIO_GetFlagStatus                       0x080059c5   Thumb Code    20  stm32f4xx_sdio.o(i.SDIO_GetFlagStatus)
    SDIO_GetPowerState                       0x080059dd   Thumb Code    10  stm32f4xx_sdio.o(i.SDIO_GetPowerState)
    SDIO_IRQHandler                          0x080059ed   Thumb Code     8  sdio_sdcard.o(i.SDIO_IRQHandler)
    SDIO_Init                                0x080059f5   Thumb Code    42  stm32f4xx_sdio.o(i.SDIO_Init)
    SDIO_Register_Deinit                     0x08005a25   Thumb Code    48  sdio_sdcard.o(i.SDIO_Register_Deinit)
    SDIO_SendCommand                         0x08005a5d   Thumb Code    40  stm32f4xx_sdio.o(i.SDIO_SendCommand)
    SDIO_SetPowerState                       0x08005a89   Thumb Code     6  stm32f4xx_sdio.o(i.SDIO_SetPowerState)
    SD_DMA_Config                            0x08005a95   Thumb Code   118  sdio_sdcard.o(i.SD_DMA_Config)
    SD_EnableWideBusOperation                0x08005b15   Thumb Code    94  sdio_sdcard.o(i.SD_EnableWideBusOperation)
    SD_GetCardInfo                           0x08005b7d   Thumb Code   772  sdio_sdcard.o(i.SD_GetCardInfo)
    SD_Init                                  0x08005e91   Thumb Code   284  sdio_sdcard.o(i.SD_Init)
    SD_InitializeCards                       0x08005fc1   Thumb Code   330  sdio_sdcard.o(i.SD_InitializeCards)
    SD_PowerON                               0x08006125   Thumb Code   460  sdio_sdcard.o(i.SD_PowerON)
    SD_ProcessIRQSrc                         0x08006309   Thumb Code   318  sdio_sdcard.o(i.SD_ProcessIRQSrc)
    SD_ReadBlock                             0x0800645d   Thumb Code   574  sdio_sdcard.o(i.SD_ReadBlock)
    SD_ReadDisk                              0x080066c5   Thumb Code   148  sdio_sdcard.o(i.SD_ReadDisk)
    SD_ReadMultiBlocks                       0x0800675d   Thumb Code   710  sdio_sdcard.o(i.SD_ReadMultiBlocks)
    SD_SelectDeselect                        0x08006a51   Thumb Code    42  sdio_sdcard.o(i.SD_SelectDeselect)
    SD_SetDeviceMode                         0x08006a81   Thumb Code    20  sdio_sdcard.o(i.SD_SetDeviceMode)
    SVC_Handler                              0x08006a99   Thumb Code     2  stm32f4xx_it.o(i.SVC_Handler)
    SysTick_CLKSourceConfig                  0x08006b89   Thumb Code    40  misc.o(i.SysTick_CLKSourceConfig)
    SysTick_Handler                          0x08006bb1   Thumb Code     2  stm32f4xx_it.o(i.SysTick_Handler)
    SystemInit                               0x08006bb5   Thumb Code    88  system_stm32f4xx.o(i.SystemInit)
    USART1_IRQHandler                        0x08006c1d   Thumb Code   122  usart.o(i.USART1_IRQHandler)
    USART_Cmd                                0x08006ca5   Thumb Code    24  stm32f4xx_usart.o(i.USART_Cmd)
    USART_GetITStatus                        0x08006cbd   Thumb Code    84  stm32f4xx_usart.o(i.USART_GetITStatus)
    USART_ITConfig                           0x08006d11   Thumb Code    74  stm32f4xx_usart.o(i.USART_ITConfig)
    USART_Init                               0x08006d5d   Thumb Code   204  stm32f4xx_usart.o(i.USART_Init)
    USART_ReceiveData                        0x08006e31   Thumb Code    10  stm32f4xx_usart.o(i.USART_ReceiveData)
    UsageFault_Handler                       0x08006e3b   Thumb Code     4  stm32f4xx_it.o(i.UsageFault_Handler)
    _sys_exit                                0x08006e3f   Thumb Code     6  usart.o(i._sys_exit)
    convert_from_bytes_to_power_of_two       0x08006e45   Thumb Code    18  sdio_sdcard.o(i.convert_from_bytes_to_power_of_two)
    delay_init                               0x08006e59   Thumb Code    52  delay.o(i.delay_init)
    delay_ms                                 0x08006e95   Thumb Code    56  delay.o(i.delay_ms)
    delay_us                                 0x08006ecd   Thumb Code    72  delay.o(i.delay_us)
    delay_xms                                0x08006f19   Thumb Code    72  delay.o(i.delay_xms)
    fputc                                    0x08006f65   Thumb Code    22  usart.o(i.fputc)
    main                                     0x08006f81   Thumb Code   514  main.o(i.main)
    my_mem_free                              0x080072c5   Thumb Code    96  malloc.o(i.my_mem_free)
    my_mem_init                              0x08007331   Thumb Code    54  malloc.o(i.my_mem_init)
    my_mem_malloc                            0x08007375   Thumb Code   156  malloc.o(i.my_mem_malloc)
    my_mem_perused                           0x0800741d   Thumb Code    54  malloc.o(i.my_mem_perused)
    myfree                                   0x0800745d   Thumb Code    30  malloc.o(i.myfree)
    mymalloc                                 0x08007481   Thumb Code    34  malloc.o(i.mymalloc)
    mymemset                                 0x080074a9   Thumb Code    20  malloc.o(i.mymemset)
    show_sdcard_info                         0x080074bd   Thumb Code   112  main.o(i.show_sdcard_info)
    uart_init                                0x080075ed   Thumb Code   164  usart.o(i.uart_init)
    __aeabi_d2uiz                            0x08007699   Thumb Code     0  dfixu.o(x$fpl$dfixu)
    _dfixu                                   0x08007699   Thumb Code    90  dfixu.o(x$fpl$dfixu)
    __aeabi_ui2d                             0x080076f3   Thumb Code     0  dflt_clz.o(x$fpl$dfltu)
    _dfltu                                   0x080076f3   Thumb Code    38  dflt_clz.o(x$fpl$dfltu)
    __aeabi_dmul                             0x08007719   Thumb Code     0  dmul.o(x$fpl$dmul)
    _dmul                                    0x08007719   Thumb Code   332  dmul.o(x$fpl$dmul)
    __fpl_dnaninf                            0x0800786d   Thumb Code   156  dnaninf.o(x$fpl$dnaninf)
    __fpl_dretinf                            0x08007909   Thumb Code    12  dretinf.o(x$fpl$dretinf)
    _fp_init                                 0x08007915   Thumb Code    10  fpinit.o(x$fpl$fpinit)
    __fplib_config_fpu_vfp                   0x0800791d   Thumb Code     0  fpinit.o(x$fpl$fpinit)
    __fplib_config_pureend_doubles           0x0800791d   Thumb Code     0  fpinit.o(x$fpl$fpinit)
    __I$use$fp                               0x0800791e   Number         0  usenofp.o(x$fpl$usenofp)
    asc2_1206                                0x0800791e   Data        1140  lcd.o(.constdata)
    asc2_1608                                0x08007d92   Data        1520  lcd.o(.constdata)
    asc2_2412                                0x08008382   Data        3420  lcd.o(.constdata)
    memtblsize                               0x080090e0   Data          12  malloc.o(.constdata)
    memblksize                               0x080090ec   Data          12  malloc.o(.constdata)
    memsize                                  0x080090f8   Data          12  malloc.o(.constdata)
    Region$$Table$$Base                      0x0800912c   Number         0  anon$$obj.o(Region$$Table)
    Region$$Table$$Limit                     0x0800914c   Number         0  anon$$obj.o(Region$$Table)
    mem3base                                 0x10000000   Data       61440  malloc.o(.ARM.__AT_0x10000000)
    mem3mapbase                              0x1000f000   Data        3840  malloc.o(.ARM.__AT_0x1000F000)
    __stdout                                 0x20000014   Data           4  usart.o(.data)
    USART_RX_STA                             0x20000018   Data           2  usart.o(.data)
    POINT_COLOR                              0x2000001a   Data           2  lcd.o(.data)
    BACK_COLOR                               0x2000001c   Data           2  lcd.o(.data)
    TransferError                            0x2000002a   Data           1  sdio_sdcard.o(.data)
    TransferEnd                              0x2000002b   Data           1  sdio_sdcard.o(.data)
    tempbuff                                 0x2000002c   Data           4  sdio_sdcard.o(.data)
    mallco_dev                               0x20000030   Data          36  malloc.o(.data)
    USART_RX_BUF                             0x20000054   Data         200  usart.o(.bss)
    lcddev                                   0x2000011c   Data          14  lcd.o(.bss)
    SDIO_InitStructure                       0x20000130   Data          24  sdio_sdcard.o(.bss)
    SDIO_CmdInitStructure                    0x20000148   Data          20  sdio_sdcard.o(.bss)
    SDIO_DataInitStructure                   0x2000015c   Data          24  sdio_sdcard.o(.bss)
    SDCardInfo                               0x20000198   Data          88  sdio_sdcard.o(.bss)
    SDIO_DATA_BUFFER                         0x200001f0   Data         512  sdio_sdcard.o(.bss)
    mem1base                                 0x20000400   Data       102400  malloc.o(.bss)
    mem1mapbase                              0x20019400   Data        6400  malloc.o(.bss)
    __libspace_start                         0x2001ad00   Data          96  libspace.o(.bss)
    __temporary_stack_top$libspace           0x2001ad60   Data           0  libspace.o(.bss)
    mem2base                                 0x68000000   Data       983040  malloc.o(.ARM.__AT_0x68000000)
    mem2mapbase                              0x680f0000   Data       61440  malloc.o(.ARM.__AT_0x680F0000)



==============================================================================

Memory Map of the image

  Image Entry point : 0x08000189

  Load Region LR_IROM1 (Base: 0x08000000, Size: 0x000091a0, Max: 0x00100000, ABSOLUTE)

    Execution Region ER_IROM1 (Base: 0x08000000, Size: 0x0000914c, Max: 0x00100000, ABSOLUTE)

    Base Addr    Size         Type   Attr      Idx    E Section Name        Object

    0x08000000   0x00000188   Data   RO          399    RESET               startup_stm32f40_41xxx.o
    0x08000188   0x00000008   Code   RO         6634  * !!!main             c_w.l(__main.o)
    0x08000190   0x00000034   Code   RO         6865    !!!scatter          c_w.l(__scatter.o)
    0x080001c4   0x0000001a   Code   RO         6867    !!handler_copy      c_w.l(__scatter_copy.o)
    0x080001de   0x00000002   PAD
    0x080001e0   0x0000001c   Code   RO         6869    !!handler_zi        c_w.l(__scatter_zi.o)
    0x080001fc   0x00000000   Code   RO         6622    .ARM.Collect$$_printf_percent$$00000000  c_w.l(_printf_percent.o)
    0x080001fc   0x00000006   Code   RO         6621    .ARM.Collect$$_printf_percent$$00000009  c_w.l(_printf_d.o)
    0x08000202   0x00000006   Code   RO         6620    .ARM.Collect$$_printf_percent$$0000000C  c_w.l(_printf_x.o)
    0x08000208   0x00000004   Code   RO         6691    .ARM.Collect$$_printf_percent$$00000017  c_w.l(_printf_percent_end.o)
    0x0800020c   0x00000002   Code   RO         6798    .ARM.Collect$$libinit$$00000000  c_w.l(libinit.o)
    0x0800020e   0x00000004   Code   RO         6694    .ARM.Collect$$libinit$$00000001  c_w.l(libinit2.o)
    0x08000212   0x00000000   Code   RO         6697    .ARM.Collect$$libinit$$00000004  c_w.l(libinit2.o)
    0x08000212   0x00000000   Code   RO         6700    .ARM.Collect$$libinit$$0000000A  c_w.l(libinit2.o)
    0x08000212   0x00000000   Code   RO         6702    .ARM.Collect$$libinit$$0000000C  c_w.l(libinit2.o)
    0x08000212   0x00000000   Code   RO         6704    .ARM.Collect$$libinit$$0000000E  c_w.l(libinit2.o)
    0x08000212   0x00000000   Code   RO         6707    .ARM.Collect$$libinit$$00000011  c_w.l(libinit2.o)
    0x08000212   0x00000000   Code   RO         6709    .ARM.Collect$$libinit$$00000013  c_w.l(libinit2.o)
    0x08000212   0x00000000   Code   RO         6711    .ARM.Collect$$libinit$$00000015  c_w.l(libinit2.o)
    0x08000212   0x00000000   Code   RO         6713    .ARM.Collect$$libinit$$00000017  c_w.l(libinit2.o)
    0x08000212   0x00000000   Code   RO         6715    .ARM.Collect$$libinit$$00000019  c_w.l(libinit2.o)
    0x08000212   0x00000000   Code   RO         6717    .ARM.Collect$$libinit$$0000001B  c_w.l(libinit2.o)
    0x08000212   0x00000000   Code   RO         6719    .ARM.Collect$$libinit$$0000001D  c_w.l(libinit2.o)
    0x08000212   0x00000000   Code   RO         6721    .ARM.Collect$$libinit$$0000001F  c_w.l(libinit2.o)
    0x08000212   0x00000000   Code   RO         6723    .ARM.Collect$$libinit$$00000021  c_w.l(libinit2.o)
    0x08000212   0x00000000   Code   RO         6725    .ARM.Collect$$libinit$$00000023  c_w.l(libinit2.o)
    0x08000212   0x00000000   Code   RO         6727    .ARM.Collect$$libinit$$00000025  c_w.l(libinit2.o)
    0x08000212   0x00000000   Code   RO         6731    .ARM.Collect$$libinit$$0000002C  c_w.l(libinit2.o)
    0x08000212   0x00000000   Code   RO         6733    .ARM.Collect$$libinit$$0000002E  c_w.l(libinit2.o)
    0x08000212   0x00000000   Code   RO         6735    .ARM.Collect$$libinit$$00000030  c_w.l(libinit2.o)
    0x08000212   0x00000000   Code   RO         6737    .ARM.Collect$$libinit$$00000032  c_w.l(libinit2.o)
    0x08000212   0x00000002   Code   RO         6738    .ARM.Collect$$libinit$$00000033  c_w.l(libinit2.o)
    0x08000214   0x00000002   Code   RO         6829    .ARM.Collect$$libshutdown$$00000000  c_w.l(libshutdown.o)
    0x08000216   0x00000000   Code   RO         6834    .ARM.Collect$$libshutdown$$00000003  c_w.l(libshutdown2.o)
    0x08000216   0x00000000   Code   RO         6837    .ARM.Collect$$libshutdown$$00000006  c_w.l(libshutdown2.o)
    0x08000216   0x00000000   Code   RO         6840    .ARM.Collect$$libshutdown$$00000009  c_w.l(libshutdown2.o)
    0x08000216   0x00000000   Code   RO         6842    .ARM.Collect$$libshutdown$$0000000B  c_w.l(libshutdown2.o)
    0x08000216   0x00000000   Code   RO         6845    .ARM.Collect$$libshutdown$$0000000E  c_w.l(libshutdown2.o)
    0x08000216   0x00000002   Code   RO         6846    .ARM.Collect$$libshutdown$$0000000F  c_w.l(libshutdown2.o)
    0x08000218   0x00000000   Code   RO         6682    .ARM.Collect$$rtentry$$00000000  c_w.l(__rtentry.o)
    0x08000218   0x00000000   Code   RO         6751    .ARM.Collect$$rtentry$$00000002  c_w.l(__rtentry2.o)
    0x08000218   0x00000006   Code   RO         6763    .ARM.Collect$$rtentry$$00000004  c_w.l(__rtentry4.o)
    0x0800021e   0x00000000   Code   RO         6753    .ARM.Collect$$rtentry$$00000009  c_w.l(__rtentry2.o)
    0x0800021e   0x00000004   Code   RO         6754    .ARM.Collect$$rtentry$$0000000A  c_w.l(__rtentry2.o)
    0x08000222   0x00000000   Code   RO         6756    .ARM.Collect$$rtentry$$0000000C  c_w.l(__rtentry2.o)
    0x08000222   0x00000008   Code   RO         6757    .ARM.Collect$$rtentry$$0000000D  c_w.l(__rtentry2.o)
    0x0800022a   0x00000002   Code   RO         6801    .ARM.Collect$$rtexit$$00000000  c_w.l(rtexit.o)
    0x0800022c   0x00000000   Code   RO         6811    .ARM.Collect$$rtexit$$00000002  c_w.l(rtexit2.o)
    0x0800022c   0x00000004   Code   RO         6812    .ARM.Collect$$rtexit$$00000003  c_w.l(rtexit2.o)
    0x08000230   0x00000006   Code   RO         6813    .ARM.Collect$$rtexit$$00000004  c_w.l(rtexit2.o)
    0x08000236   0x00000002   PAD
    0x08000238   0x00000010   Code   RO         5176    .emb_text           sys.o
    0x08000248   0x00000040   Code   RO          400    .text               startup_stm32f40_41xxx.o
    0x08000288   0x00000002   Code   RO         6566    .text               c_w.l(use_no_semi_2.o)
    0x0800028a   0x00000002   PAD
    0x0800028c   0x00000018   Code   RO         6570    .text               c_w.l(noretval__2printf.o)
    0x080002a4   0x00000068   Code   RO         6572    .text               c_w.l(__printf.o)
    0x0800030c   0x00000078   Code   RO         6576    .text               c_w.l(_printf_dec.o)
    0x08000384   0x00000058   Code   RO         6581    .text               c_w.l(_printf_hex_int.o)
    0x080003dc   0x0000008a   Code   RO         6628    .text               c_w.l(rt_memcpy_v6.o)
    0x08000466   0x00000006   Code   RO         6632    .text               c_w.l(heapauxi.o)
    0x0800046c   0x00000002   Code   RO         6680    .text               c_w.l(use_no_semi.o)
    0x0800046e   0x000000b2   Code   RO         6685    .text               c_w.l(_printf_intcommon.o)
    0x08000520   0x00000024   Code   RO         6689    .text               c_w.l(_printf_char_file.o)
    0x08000544   0x00000064   Code   RO         6692    .text               c_w.l(rt_memcpy_w.o)
    0x080005a8   0x00000030   Code   RO         6770    .text               c_w.l(_printf_char_common.o)
    0x080005d8   0x00000008   Code   RO         6772    .text               c_w.l(ferror.o)
    0x080005e0   0x00000008   Code   RO         6780    .text               c_w.l(libspace.o)
    0x080005e8   0x0000004a   Code   RO         6783    .text               c_w.l(sys_stackheap_outer.o)
    0x08000632   0x0000000c   Code   RO         6787    .text               c_w.l(exit.o)
    0x0800063e   0x00000004   Code   RO          199    i.BusFault_Handler  stm32f4xx_it.o
    0x08000642   0x00000030   Code   RO         6061    i.CmdError          sdio_sdcard.o
    0x08000672   0x00000002   PAD
    0x08000674   0x00000064   Code   RO         6062    i.CmdResp1Error     sdio_sdcard.o
    0x080006d8   0x00000054   Code   RO         6063    i.CmdResp2Error     sdio_sdcard.o
    0x0800072c   0x00000038   Code   RO         6064    i.CmdResp3Error     sdio_sdcard.o
    0x08000764   0x00000094   Code   RO         6065    i.CmdResp6Error     sdio_sdcard.o
    0x080007f8   0x0000004c   Code   RO         6066    i.CmdResp7Error     sdio_sdcard.o
    0x08000844   0x00000016   Code   RO         1395    i.DMA_Cmd           stm32f4xx_dma.o
    0x0800085a   0x00000002   PAD
    0x0800085c   0x00000158   Code   RO         1396    i.DMA_DeInit        stm32f4xx_dma.o
    0x080009b4   0x00000016   Code   RO         1399    i.DMA_FlowControllerConfig  stm32f4xx_dma.o
    0x080009ca   0x00000014   Code   RO         1400    i.DMA_GetCmdStatus  stm32f4xx_dma.o
    0x080009de   0x00000002   PAD
    0x080009e0   0x00000058   Code   RO         1407    i.DMA_Init          stm32f4xx_dma.o
    0x08000a38   0x00000002   Code   RO          200    i.DebugMon_Handler  stm32f4xx_it.o
    0x08000a3a   0x00000002   PAD
    0x08000a3c   0x00000034   Code   RO         2008    i.FSMC_NORSRAMCmd   stm32f4xx_fsmc.o
    0x08000a70   0x000000e6   Code   RO         2010    i.FSMC_NORSRAMInit  stm32f4xx_fsmc.o
    0x08000b56   0x00000002   PAD
    0x08000b58   0x000002cc   Code   RO         6275    i.FSMC_SRAM_Init    sram.o
    0x08000e24   0x00000194   Code   RO         6067    i.FindSCR           sdio_sdcard.o
    0x08000fb8   0x00000090   Code   RO         2129    i.GPIO_Init         stm32f4xx_gpio.o
    0x08001048   0x00000046   Code   RO         2130    i.GPIO_PinAFConfig  stm32f4xx_gpio.o
    0x0800108e   0x00000012   Code   RO         2133    i.GPIO_ReadInputDataBit  stm32f4xx_gpio.o
    0x080010a0   0x00000004   Code   RO         2137    i.GPIO_SetBits      stm32f4xx_gpio.o
    0x080010a4   0x00000004   Code   RO          201    i.HardFault_Handler  stm32f4xx_it.o
    0x080010a8   0x00000044   Code   RO         5542    i.KEY_Init          key.o
    0x080010ec   0x000000c8   Code   RO         5543    i.KEY_Scan          key.o
    0x080011b4   0x0000006c   Code   RO         5244    i.LCD_Clear         lcd.o
    0x08001220   0x000001c0   Code   RO         5248    i.LCD_Display_Dir   lcd.o
    0x080013e0   0x00000180   Code   RO         5253    i.LCD_Fast_DrawPoint  lcd.o
    0x08001560   0x00003970   Code   RO         5255    i.LCD_Init          lcd.o
    0x08004ed0   0x00000016   Code   RO         5256    i.LCD_Pow           lcd.o
    0x08004ee6   0x00000002   PAD
    0x08004ee8   0x00000014   Code   RO         5257    i.LCD_RD_DATA       lcd.o
    0x08004efc   0x00000016   Code   RO         5259    i.LCD_ReadReg       lcd.o
    0x08004f12   0x00000002   PAD
    0x08004f14   0x00000060   Code   RO         5260    i.LCD_SSD_BackLightSet  lcd.o
    0x08004f74   0x000002ec   Code   RO         5261    i.LCD_Scan_Dir      lcd.o
    0x08005260   0x000001a8   Code   RO         5262    i.LCD_SetCursor     lcd.o
    0x08005408   0x00000128   Code   RO         5264    i.LCD_ShowChar      lcd.o
    0x08005530   0x00000094   Code   RO         5265    i.LCD_ShowNum       lcd.o
    0x080055c4   0x00000066   Code   RO         5266    i.LCD_ShowString    lcd.o
    0x0800562a   0x00000002   PAD
    0x0800562c   0x00000018   Code   RO         5268    i.LCD_WR_DATA       lcd.o
    0x08005644   0x00000018   Code   RO         5269    i.LCD_WR_REG        lcd.o
    0x0800565c   0x00000014   Code   RO         5271    i.LCD_WriteRAM_Prepare  lcd.o
    0x08005670   0x00000014   Code   RO         5272    i.LCD_WriteReg      lcd.o
    0x08005684   0x00000040   Code   RO         5454    i.LED_Init          led.o
    0x080056c4   0x00000004   Code   RO          202    i.MemManage_Handler  stm32f4xx_it.o
    0x080056c8   0x00000002   Code   RO          203    i.NMI_Handler       stm32f4xx_it.o
    0x080056ca   0x00000002   PAD
    0x080056cc   0x00000078   Code   RO          406    i.NVIC_Init         misc.o
    0x08005744   0x00000014   Code   RO          407    i.NVIC_PriorityGroupConfig  misc.o
    0x08005758   0x00000002   Code   RO          204    i.PendSV_Handler    stm32f4xx_it.o
    0x0800575a   0x00000002   PAD
    0x0800575c   0x00000020   Code   RO         2993    i.RCC_AHB1PeriphClockCmd  stm32f4xx_rcc.o
    0x0800577c   0x00000020   Code   RO         2999    i.RCC_AHB3PeriphClockCmd  stm32f4xx_rcc.o
    0x0800579c   0x00000020   Code   RO         3005    i.RCC_APB2PeriphClockCmd  stm32f4xx_rcc.o
    0x080057bc   0x00000020   Code   RO         3007    i.RCC_APB2PeriphResetCmd  stm32f4xx_rcc.o
    0x080057dc   0x000000e8   Code   RO         3014    i.RCC_GetClocksFreq  stm32f4xx_rcc.o
    0x080058c4   0x000000ac   Code   RO         6069    i.SDEnWideBus       sdio_sdcard.o
    0x08005970   0x0000000c   Code   RO         3911    i.SDIO_ClearFlag    stm32f4xx_sdio.o
    0x0800597c   0x00000014   Code   RO         6070    i.SDIO_Clock_Set    sdio_sdcard.o
    0x08005990   0x00000034   Code   RO         3917    i.SDIO_DataConfig   stm32f4xx_sdio.o
    0x080059c4   0x00000018   Code   RO         3923    i.SDIO_GetFlagStatus  stm32f4xx_sdio.o
    0x080059dc   0x00000010   Code   RO         3925    i.SDIO_GetPowerState  stm32f4xx_sdio.o
    0x080059ec   0x00000008   Code   RO         6071    i.SDIO_IRQHandler   sdio_sdcard.o
    0x080059f4   0x00000030   Code   RO         3928    i.SDIO_Init         stm32f4xx_sdio.o
    0x08005a24   0x00000038   Code   RO         6072    i.SDIO_Register_Deinit  sdio_sdcard.o
    0x08005a5c   0x0000002c   Code   RO         3931    i.SDIO_SendCommand  stm32f4xx_sdio.o
    0x08005a88   0x0000000c   Code   RO         3933    i.SDIO_SetPowerState  stm32f4xx_sdio.o
    0x08005a94   0x00000080   Code   RO         6073    i.SD_DMA_Config     sdio_sdcard.o
    0x08005b14   0x00000068   Code   RO         6074    i.SD_EnableWideBusOperation  sdio_sdcard.o
    0x08005b7c   0x00000314   Code   RO         6075    i.SD_GetCardInfo    sdio_sdcard.o
    0x08005e90   0x00000130   Code   RO         6077    i.SD_Init           sdio_sdcard.o
    0x08005fc0   0x00000164   Code   RO         6078    i.SD_InitializeCards  sdio_sdcard.o
    0x08006124   0x000001e4   Code   RO         6080    i.SD_PowerON        sdio_sdcard.o
    0x08006308   0x00000154   Code   RO         6081    i.SD_ProcessIRQSrc  sdio_sdcard.o
    0x0800645c   0x00000268   Code   RO         6082    i.SD_ReadBlock      sdio_sdcard.o
    0x080066c4   0x00000098   Code   RO         6083    i.SD_ReadDisk       sdio_sdcard.o
    0x0800675c   0x000002f4   Code   RO         6084    i.SD_ReadMultiBlocks  sdio_sdcard.o
    0x08006a50   0x00000030   Code   RO         6085    i.SD_SelectDeselect  sdio_sdcard.o
    0x08006a80   0x00000018   Code   RO         6087    i.SD_SetDeviceMode  sdio_sdcard.o
    0x08006a98   0x00000002   Code   RO          205    i.SVC_Handler       stm32f4xx_it.o
    0x08006a9a   0x00000002   PAD
    0x08006a9c   0x000000ec   Code   RO          296    i.SetSysClock       system_stm32f4xx.o
    0x08006b88   0x00000028   Code   RO          410    i.SysTick_CLKSourceConfig  misc.o
    0x08006bb0   0x00000002   Code   RO          206    i.SysTick_Handler   stm32f4xx_it.o
    0x08006bb2   0x00000002   PAD
    0x08006bb4   0x00000068   Code   RO          298    i.SystemInit        system_stm32f4xx.o
    0x08006c1c   0x00000088   Code   RO         5194    i.USART1_IRQHandler  usart.o
    0x08006ca4   0x00000018   Code   RO         4890    i.USART_Cmd         stm32f4xx_usart.o
    0x08006cbc   0x00000054   Code   RO         4894    i.USART_GetITStatus  stm32f4xx_usart.o
    0x08006d10   0x0000004a   Code   RO         4896    i.USART_ITConfig    stm32f4xx_usart.o
    0x08006d5a   0x00000002   PAD
    0x08006d5c   0x000000d4   Code   RO         4897    i.USART_Init        stm32f4xx_usart.o
    0x08006e30   0x0000000a   Code   RO         4904    i.USART_ReceiveData  stm32f4xx_usart.o
    0x08006e3a   0x00000004   Code   RO          207    i.UsageFault_Handler  stm32f4xx_it.o
    0x08006e3e   0x00000006   Code   RO         5195    i._sys_exit         usart.o
    0x08006e44   0x00000012   Code   RO         6091    i.convert_from_bytes_to_power_of_two  sdio_sdcard.o
    0x08006e56   0x00000002   PAD
    0x08006e58   0x0000003c   Code   RO         5136    i.delay_init        delay.o
    0x08006e94   0x00000038   Code   RO         5137    i.delay_ms          delay.o
    0x08006ecc   0x0000004c   Code   RO         5138    i.delay_us          delay.o
    0x08006f18   0x0000004c   Code   RO         5139    i.delay_xms         delay.o
    0x08006f64   0x0000001c   Code   RO         5196    i.fputc             usart.o
    0x08006f80   0x00000344   Code   RO            3    i.main              main.o
    0x080072c4   0x0000006c   Code   RO         6486    i.my_mem_free       malloc.o
    0x08007330   0x00000044   Code   RO         6487    i.my_mem_init       malloc.o
    0x08007374   0x000000a8   Code   RO         6488    i.my_mem_malloc     malloc.o
    0x0800741c   0x00000040   Code   RO         6489    i.my_mem_perused    malloc.o
    0x0800745c   0x00000024   Code   RO         6490    i.myfree            malloc.o
    0x08007480   0x00000028   Code   RO         6491    i.mymalloc          malloc.o
    0x080074a8   0x00000014   Code   RO         6493    i.mymemset          malloc.o
    0x080074bc   0x00000130   Code   RO            4    i.show_sdcard_info  main.o
    0x080075ec   0x000000ac   Code   RO         5197    i.uart_init         usart.o
    0x08007698   0x0000005a   Code   RO         6650    x$fpl$dfixu         fz_wm.l(dfixu.o)
    0x080076f2   0x00000026   Code   RO         6654    x$fpl$dfltu         fz_wm.l(dflt_clz.o)
    0x08007718   0x00000154   Code   RO         6662    x$fpl$dmul          fz_wm.l(dmul.o)
    0x0800786c   0x0000009c   Code   RO         6741    x$fpl$dnaninf       fz_wm.l(dnaninf.o)
    0x08007908   0x0000000c   Code   RO         6743    x$fpl$dretinf       fz_wm.l(dretinf.o)
    0x08007914   0x0000000a   Code   RO         6778    x$fpl$fpinit        fz_wm.l(fpinit.o)
    0x0800791e   0x00000000   Code   RO         6749    x$fpl$usenofp       fz_wm.l(usenofp.o)
    0x0800791e   0x000017c0   Data   RO         5275    .constdata          lcd.o
    0x080090de   0x00000002   PAD
    0x080090e0   0x00000024   Data   RO         6500    .constdata          malloc.o
    0x08009104   0x00000028   Data   RO         6582    .constdata          c_w.l(_printf_hex_int.o)
    0x0800912c   0x00000020   Data   RO         6863    Region$$Table       anon$$obj.o


    Execution Region RW_IRAM1 (Base: 0x20000000, Size: 0x0001b360, Max: 0x00020000, ABSOLUTE)

    Base Addr    Size         Type   Attr      Idx    E Section Name        Object

    0x20000000   0x00000010   Data   RW         3046    .data               stm32f4xx_rcc.o
    0x20000010   0x00000004   Data   RW         5140    .data               delay.o
    0x20000014   0x00000006   Data   RW         5199    .data               usart.o
    0x2000001a   0x00000004   Data   RW         5276    .data               lcd.o
    0x2000001e   0x00000001   Data   RW         5544    .data               key.o
    0x2000001f   0x00000001   PAD
    0x20000020   0x00000010   Data   RW         6093    .data               sdio_sdcard.o
    0x20000030   0x00000024   Data   RW         6501    .data               malloc.o
    0x20000054   0x000000c8   Zero   RW         5198    .bss                usart.o
    0x2000011c   0x0000000e   Zero   RW         5274    .bss                lcd.o
    0x2000012a   0x00000006   PAD
    0x20000130   0x000002c0   Zero   RW         6092    .bss                sdio_sdcard.o
    0x200003f0   0x00000010   PAD
    0x20000400   0x0001a900   Zero   RW         6499    .bss                malloc.o
    0x2001ad00   0x00000060   Zero   RW         6781    .bss                c_w.l(libspace.o)
    0x2001ad60   0x00000200   Zero   RW          398    HEAP                startup_stm32f40_41xxx.o
    0x2001af60   0x00000400   Zero   RW          397    STACK               startup_stm32f40_41xxx.o



  Load Region LR$$.ARM.__AT_0x10000000 (Base: 0x10000000, Size: 0x00000000, Max: 0x0000f000, ABSOLUTE)

    Execution Region ER$$.ARM.__AT_0x10000000 (Base: 0x10000000, Size: 0x0000f000, Max: 0x0000f000, ABSOLUTE, UNINIT)

    Base Addr    Size         Type   Attr      Idx    E Section Name        Object

    0x10000000   0x0000f000   Zero   RW         6495    .ARM.__AT_0x10000000  malloc.o



  Load Region LR$$.ARM.__AT_0x1000F000 (Base: 0x1000f000, Size: 0x00000000, Max: 0x00000f00, ABSOLUTE)

    Execution Region ER$$.ARM.__AT_0x1000F000 (Base: 0x1000f000, Size: 0x00000f00, Max: 0x00000f00, ABSOLUTE, UNINIT)

    Base Addr    Size         Type   Attr      Idx    E Section Name        Object

    0x1000f000   0x00000f00   Zero   RW         6496    .ARM.__AT_0x1000F000  malloc.o



  Load Region LR$$.ARM.__AT_0x68000000 (Base: 0x68000000, Size: 0x00000000, Max: 0x000f0000, ABSOLUTE)

    Execution Region ER$$.ARM.__AT_0x68000000 (Base: 0x68000000, Size: 0x000f0000, Max: 0x000f0000, ABSOLUTE, UNINIT)

    Base Addr    Size         Type   Attr      Idx    E Section Name        Object

    0x68000000   0x000f0000   Zero   RW         6497    .ARM.__AT_0x68000000  malloc.o



  Load Region LR$$.ARM.__AT_0x680F0000 (Base: 0x680f0000, Size: 0x00000000, Max: 0x0000f000, ABSOLUTE)

    Execution Region ER$$.ARM.__AT_0x680F0000 (Base: 0x680f0000, Size: 0x0000f000, Max: 0x0000f000, ABSOLUTE, UNINIT)

    Base Addr    Size         Type   Attr      Idx    E Section Name        Object

    0x680f0000   0x0000f000   Zero   RW         6498    .ARM.__AT_0x680F0000  malloc.o


==============================================================================

Image component sizes


      Code (inc. data)   RO Data    RW Data    ZI Data      Debug   Object Name

       268         16          0          4          0       2363   delay.o
       268         20          0          1          0       1198   key.o
     17610        206       6080          4         14      21859   lcd.o
        64          4          0          0          0        511   led.o
      1140        514          0          0          0     293306   main.o
       504         60         36         36    1218560       6170   malloc.o
       180         24          0          0          0       1977   misc.o
      5290        298          0         16        704      28416   sdio_sdcard.o
       716         22          0          0          0        969   sram.o
        64         26        392          0       1536        820   startup_stm32f40_41xxx.o
       496         26          0          0          0       4108   stm32f4xx_dma.o
       282          6          0          0          0       1749   stm32f4xx_fsmc.o
       236          0          0          0          0       2814   stm32f4xx_gpio.o
        26          0          0          0          0       3846   stm32f4xx_it.o
       360         42          0         16          0       5032   stm32f4xx_rcc.o
       208         38          0          0          0       5465   stm32f4xx_sdio.o
       404          8          0          0          0       4062   stm32f4xx_usart.o
        16          0          0          0          0        476   sys.o
       340         32          0          0          0       1401   system_stm32f4xx.o
       342         28          0          6        200       4128   usart.o

    ----------------------------------------------------------------------
     28842       1370       6542         84    1221036     390670   Object Totals
         0          0         32          0          0          0   (incl. Generated)
        28          0          2          1         22          0   (incl. Padding)

    ----------------------------------------------------------------------

      Code (inc. data)   RO Data    RW Data    ZI Data      Debug   Library Member Name

         8          0          0          0          0         68   __main.o
       104          0          0          0          0         84   __printf.o
         0          0          0          0          0          0   __rtentry.o
        12          0          0          0          0          0   __rtentry2.o
         6          0          0          0          0          0   __rtentry4.o
        52          8          0          0          0          0   __scatter.o
        26          0          0          0          0          0   __scatter_copy.o
        28          0          0          0          0          0   __scatter_zi.o
        48          6          0          0          0         96   _printf_char_common.o
        36          4          0          0          0         80   _printf_char_file.o
         6          0          0          0          0          0   _printf_d.o
       120         16          0          0          0         92   _printf_dec.o
        88          4         40          0          0         88   _printf_hex_int.o
       178          0          0          0          0         88   _printf_intcommon.o
         0          0          0          0          0          0   _printf_percent.o
         4          0          0          0          0          0   _printf_percent_end.o
         6          0          0          0          0          0   _printf_x.o
        12          0          0          0          0         72   exit.o
         8          0          0          0          0         68   ferror.o
         6          0          0          0          0        152   heapauxi.o
         2          0          0          0          0          0   libinit.o
         6          0          0          0          0          0   libinit2.o
         2          0          0          0          0          0   libshutdown.o
         2          0          0          0          0          0   libshutdown2.o
         8          4          0          0         96         68   libspace.o
        24          4          0          0          0         84   noretval__2printf.o
       138          0          0          0          0         68   rt_memcpy_v6.o
       100          0          0          0          0         80   rt_memcpy_w.o
         2          0          0          0          0          0   rtexit.o
        10          0          0          0          0          0   rtexit2.o
        74          0          0          0          0         80   sys_stackheap_outer.o
         2          0          0          0          0         68   use_no_semi.o
         2          0          0          0          0         68   use_no_semi_2.o
        90          4          0          0          0        140   dfixu.o
        38          0          0          0          0        116   dflt_clz.o
       340         12          0          0          0        152   dmul.o
       156          4          0          0          0        140   dnaninf.o
        12          0          0          0          0        116   dretinf.o
        10          0          0          0          0        116   fpinit.o
         0          0          0          0          0          0   usenofp.o

    ----------------------------------------------------------------------
      1772         66         40          0         96       2184   Library Totals
         6          0          0          0          0          0   (incl. Padding)

    ----------------------------------------------------------------------

      Code (inc. data)   RO Data    RW Data    ZI Data      Debug   Library Name

      1120         46         40          0         96       1404   c_w.l
       646         20          0          0          0        780   fz_wm.l

    ----------------------------------------------------------------------
      1772         66         40          0         96       2184   Library Totals

    ----------------------------------------------------------------------

==============================================================================


      Code (inc. data)   RO Data    RW Data    ZI Data      Debug   

     30614       1436       6582         84    1221132     381978   Grand Totals
     30614       1436       6582         84    1221132     381978   ELF Image Totals
     30614       1436       6582         84          0          0   ROM Totals

==============================================================================

    Total RO  Size (Code + RO Data)                37196 (  36.32kB)
    Total RW  Size (RW Data + ZI Data)           1221216 (1192.59kB)
    Total ROM Size (Code + RO Data + RW Data)      37280 (  36.41kB)

==============================================================================

