Component: ARM Compiler 5.05 update 1 (build 106) Tool: armlink [4d0efa]

==============================================================================

Section Cross References

    main.o(i.main) refers to misc.o(i.NVIC_PriorityGroupConfig) for NVIC_PriorityGroupConfig
    main.o(i.main) refers to delay.o(i.delay_init) for delay_init
    main.o(i.main) refers to usart.o(i.uart_init) for uart_init
    main.o(i.main) refers to led.o(i.LED_Init) for LED_Init
    main.o(i.main) refers to lcd.o(i.LCD_Init) for LCD_Init
    main.o(i.main) refers to key.o(i.KEY_Init) for KEY_Init
    main.o(i.main) refers to w25qxx.o(i.W25QXX_Init) for W25QXX_Init
    main.o(i.main) refers to malloc.o(i.my_mem_init) for my_mem_init
    main.o(i.main) refers to exfuns.o(i.exfuns_init) for exfuns_init
    main.o(i.main) refers to ff.o(i.f_mount) for f_mount
    main.o(i.main) refers to lcd.o(i.LCD_ShowString) for LCD_ShowString
    main.o(i.main) refers to delay.o(i.delay_ms) for delay_ms
    main.o(i.main) refers to lcd.o(i.LCD_Fill) for LCD_Fill
    main.o(i.main) refers to fontupd.o(i.font_init) for font_init
    main.o(i.main) refers to text.o(i.Show_Str) for Show_Str
    main.o(i.main) refers to ff.o(i.f_opendir) for f_opendir
    main.o(i.main) refers to main.o(i.pic_get_tnum) for pic_get_tnum
    main.o(i.main) refers to malloc.o(i.mymalloc) for mymalloc
    main.o(i.main) refers to ff.o(i.f_readdir) for f_readdir
    main.o(i.main) refers to exfuns.o(i.f_typetell) for f_typetell
    main.o(i.main) refers to piclib.o(i.piclib_init) for piclib_init
    main.o(i.main) refers to ff.o(i.dir_sdi) for dir_sdi
    main.o(i.main) refers to strcpy.o(.text) for strcpy
    main.o(i.main) refers to strcat.o(.text) for strcat
    main.o(i.main) refers to lcd.o(i.LCD_Clear) for LCD_Clear
    main.o(i.main) refers to piclib.o(i.ai_load_picfile) for ai_load_picfile
    main.o(i.main) refers to key.o(i.KEY_Scan) for KEY_Scan
    main.o(i.main) refers to malloc.o(i.myfree) for myfree
    main.o(i.main) refers to usmart_config.o(.data) for usmart_dev
    main.o(i.main) refers to exfuns.o(.bss) for fs
    main.o(i.main) refers to lcd.o(.data) for POINT_COLOR
    main.o(i.main) refers to lcd.o(.bss) for lcddev
    main.o(i.pic_get_tnum) refers to ff.o(i.f_opendir) for f_opendir
    main.o(i.pic_get_tnum) refers to malloc.o(i.mymalloc) for mymalloc
    main.o(i.pic_get_tnum) refers to ff.o(i.f_readdir) for f_readdir
    main.o(i.pic_get_tnum) refers to exfuns.o(i.f_typetell) for f_typetell
    system_stm32f4xx.o(i.SystemCoreClockUpdate) refers to system_stm32f4xx.o(.data) for SystemCoreClock
    system_stm32f4xx.o(i.SystemInit) refers to system_stm32f4xx.o(i.SetSysClock) for SetSysClock
    startup_stm32f40_41xxx.o(STACK) refers (Special) to heapauxi.o(.text) for __use_two_region_memory
    startup_stm32f40_41xxx.o(HEAP) refers (Special) to heapauxi.o(.text) for __use_two_region_memory
    startup_stm32f40_41xxx.o(RESET) refers (Special) to heapauxi.o(.text) for __use_two_region_memory
    startup_stm32f40_41xxx.o(RESET) refers to startup_stm32f40_41xxx.o(STACK) for __initial_sp
    startup_stm32f40_41xxx.o(RESET) refers to startup_stm32f40_41xxx.o(.text) for Reset_Handler
    startup_stm32f40_41xxx.o(RESET) refers to stm32f4xx_it.o(i.NMI_Handler) for NMI_Handler
    startup_stm32f40_41xxx.o(RESET) refers to stm32f4xx_it.o(i.HardFault_Handler) for HardFault_Handler
    startup_stm32f40_41xxx.o(RESET) refers to stm32f4xx_it.o(i.MemManage_Handler) for MemManage_Handler
    startup_stm32f40_41xxx.o(RESET) refers to stm32f4xx_it.o(i.BusFault_Handler) for BusFault_Handler
    startup_stm32f40_41xxx.o(RESET) refers to stm32f4xx_it.o(i.UsageFault_Handler) for UsageFault_Handler
    startup_stm32f40_41xxx.o(RESET) refers to stm32f4xx_it.o(i.SVC_Handler) for SVC_Handler
    startup_stm32f40_41xxx.o(RESET) refers to stm32f4xx_it.o(i.DebugMon_Handler) for DebugMon_Handler
    startup_stm32f40_41xxx.o(RESET) refers to stm32f4xx_it.o(i.PendSV_Handler) for PendSV_Handler
    startup_stm32f40_41xxx.o(RESET) refers to stm32f4xx_it.o(i.SysTick_Handler) for SysTick_Handler
    startup_stm32f40_41xxx.o(RESET) refers to usmart.o(i.TIM4_IRQHandler) for TIM4_IRQHandler
    startup_stm32f40_41xxx.o(RESET) refers to usart.o(i.USART1_IRQHandler) for USART1_IRQHandler
    startup_stm32f40_41xxx.o(RESET) refers to sdio_sdcard.o(i.SDIO_IRQHandler) for SDIO_IRQHandler
    startup_stm32f40_41xxx.o(.text) refers (Special) to heapauxi.o(.text) for __use_two_region_memory
    startup_stm32f40_41xxx.o(.text) refers to system_stm32f4xx.o(i.SystemInit) for SystemInit
    startup_stm32f40_41xxx.o(.text) refers to __main.o(!!!main) for __main
    startup_stm32f40_41xxx.o(.text) refers to startup_stm32f40_41xxx.o(HEAP) for Heap_Mem
    startup_stm32f40_41xxx.o(.text) refers to startup_stm32f40_41xxx.o(STACK) for Stack_Mem
    stm32f4xx_adc.o(i.ADC_DeInit) refers to stm32f4xx_rcc.o(i.RCC_APB2PeriphResetCmd) for RCC_APB2PeriphResetCmd
[...]
    DMA1_Stream5_IRQHandler                  0x080002b3   Thumb Code     0  startup_stm32f40_41xxx.o(.text)
    DMA1_Stream6_IRQHandler                  0x080002b3   Thumb Code     0  startup_stm32f40_41xxx.o(.text)
    DMA1_Stream7_IRQHandler                  0x080002b3   Thumb Code     0  startup_stm32f40_41xxx.o(.text)
    DMA2_Stream0_IRQHandler                  0x080002b3   Thumb Code     0  startup_stm32f40_41xxx.o(.text)
    DMA2_Stream1_IRQHandler                  0x080002b3   Thumb Code     0  startup_stm32f40_41xxx.o(.text)
    DMA2_Stream2_IRQHandler                  0x080002b3   Thumb Code     0  startup_stm32f40_41xxx.o(.text)
    DMA2_Stream3_IRQHandler                  0x080002b3   Thumb Code     0  startup_stm32f40_41xxx.o(.text)
    DMA2_Stream4_IRQHandler                  0x080002b3   Thumb Code     0  startup_stm32f40_41xxx.o(.text)
    DMA2_Stream5_IRQHandler                  0x080002b3   Thumb Code     0  startup_stm32f40_41xxx.o(.text)
    DMA2_Stream6_IRQHandler                  0x080002b3   Thumb Code     0  startup_stm32f40_41xxx.o(.text)
    DMA2_Stream7_IRQHandler                  0x080002b3   Thumb Code     0  startup_stm32f40_41xxx.o(.text)
    ETH_IRQHandler                           0x080002b3   Thumb Code     0  startup_stm32f40_41xxx.o(.text)
    ETH_WKUP_IRQHandler                      0x080002b3   Thumb Code     0  startup_stm32f40_41xxx.o(.text)
    EXTI0_IRQHandler                         0x080002b3   Thumb Code     0  startup_stm32f40_41xxx.o(.text)
    EXTI15_10_IRQHandler                     0x080002b3   Thumb Code     0  startup_stm32f40_41xxx.o(.text)
    EXTI1_IRQHandler                         0x080002b3   Thumb Code     0  startup_stm32f40_41xxx.o(.text)
    EXTI2_IRQHandler                         0x080002b3   Thumb Code     0  startup_stm32f40_41xxx.o(.text)
    EXTI3_IRQHandler                         0x080002b3   Thumb Code     0  startup_stm32f40_41xxx.o(.text)
    EXTI4_IRQHandler                         0x080002b3   Thumb Code     0  startup_stm32f40_41xxx.o(.text)
    EXTI9_5_IRQHandler                       0x080002b3   Thumb Code     0  startup_stm32f40_41xxx.o(.text)
    FLASH_IRQHandler                         0x080002b3   Thumb Code     0  startup_stm32f40_41xxx.o(.text)
    FPU_IRQHandler                           0x080002b3   Thumb Code     0  startup_stm32f40_41xxx.o(.text)
    FSMC_IRQHandler                          0x080002b3   Thumb Code     0  startup_stm32f40_41xxx.o(.text)
    HASH_RNG_IRQHandler                      0x080002b3   Thumb Code     0  startup_stm32f40_41xxx.o(.text)
    I2C1_ER_IRQHandler                       0x080002b3   Thumb Code     0  startup_stm32f40_41xxx.o(.text)
    I2C1_EV_IRQHandler                       0x080002b3   Thumb Code     0  startup_stm32f40_41xxx.o(.text)
    I2C2_ER_IRQHandler                       0x080002b3   Thumb Code     0  startup_stm32f40_41xxx.o(.text)
    I2C2_EV_IRQHandler                       0x080002b3   Thumb Code     0  startup_stm32f40_41xxx.o(.text)
    I2C3_ER_IRQHandler                       0x080002b3   Thumb Code     0  startup_stm32f40_41xxx.o(.text)
    I2C3_EV_IRQHandler                       0x080002b3   Thumb Code     0  startup_stm32f40_41xxx.o(.text)
    OTG_FS_IRQHandler                        0x080002b3   Thumb Code     0  startup_stm32f40_41xxx.o(.text)
    OTG_FS_WKUP_IRQHandler                   0x080002b3   Thumb Code     0  startup_stm32f40_41xxx.o(.text)
    OTG_HS_EP1_IN_IRQHandler                 0x080002b3   Thumb Code     0  startup_stm32f40_41xxx.o(.text)
    OTG_HS_EP1_OUT_IRQHandler                0x080002b3   Thumb Code     0  startup_stm32f40_41xxx.o(.text)
    OTG_HS_IRQHandler                        0x080002b3   Thumb Code     0  startup_stm32f40_41xxx.o(.text)
    OTG_HS_WKUP_IRQHandler                   0x080002b3   Thumb Code     0  startup_stm32f40_41xxx.o(.text)
    PVD_IRQHandler                           0x080002b3   Thumb Code     0  startup_stm32f40_41xxx.o(.text)
    RCC_IRQHandler                           0x080002b3   Thumb Code     0  startup_stm32f40_41xxx.o(.text)
    RTC_Alarm_IRQHandler                     0x080002b3   Thumb Code     0  startup_stm32f40_41xxx.o(.text)
    RTC_WKUP_IRQHandler                      0x080002b3   Thumb Code     0  startup_stm32f40_41xxx.o(.text)
    SPI1_IRQHandler                          0x080002b3   Thumb Code     0  startup_stm32f40_41xxx.o(.text)
    SPI2_IRQHandler                          0x080002b3   Thumb Code     0  startup_stm32f40_41xxx.o(.text)
    SPI3_IRQHandler                          0x080002b3   Thumb Code     0  startup_stm32f40_41xxx.o(.text)
    TAMP_STAMP_IRQHandler                    0x080002b3   Thumb Code     0  startup_stm32f40_41xxx.o(.text)
    TIM1_BRK_TIM9_IRQHandler                 0x080002b3   Thumb Code     0  startup_stm32f40_41xxx.o(.text)
    TIM1_CC_IRQHandler                       0x080002b3   Thumb Code     0  startup_stm32f40_41xxx.o(.text)
    TIM1_TRG_COM_TIM11_IRQHandler            0x080002b3   Thumb Code     0  startup_stm32f40_41xxx.o(.text)
    TIM1_UP_TIM10_IRQHandler                 0x080002b3   Thumb Code     0  startup_stm32f40_41xxx.o(.text)
    TIM2_IRQHandler                          0x080002b3   Thumb Code     0  startup_stm32f40_41xxx.o(.text)
    TIM3_IRQHandler                          0x080002b3   Thumb Code     0  startup_stm32f40_41xxx.o(.text)
    TIM5_IRQHandler                          0x080002b3   Thumb Code     0  startup_stm32f40_41xxx.o(.text)
    TIM6_DAC_IRQHandler                      0x080002b3   Thumb Code     0  startup_stm32f40_41xxx.o(.text)
    TIM7_IRQHandler                          0x080002b3   Thumb Code     0  startup_stm32f40_41xxx.o(.text)
    TIM8_BRK_TIM12_IRQHandler                0x080002b3   Thumb Code     0  startup_stm32f40_41xxx.o(.text)
    TIM8_CC_IRQHandler                       0x080002b3   Thumb Code     0  startup_stm32f40_41xxx.o(.text)
    TIM8_TRG_COM_TIM14_IRQHandler            0x080002b3   Thumb Code     0  startup_stm32f40_41xxx.o(.text)
    TIM8_UP_TIM13_IRQHandler                 0x080002b3   Thumb Code     0  startup_stm32f40_41xxx.o(.text)
    UART4_IRQHandler                         0x080002b3   Thumb Code     0  startup_stm32f40_41xxx.o(.text)
    UART5_IRQHandler                         0x080002b3   Thumb Code     0  startup_stm32f40_41xxx.o(.text)
    USART2_IRQHandler                        0x080002b3   Thumb Code     0  startup_stm32f40_41xxx.o(.text)
    USART3_IRQHandler                        0x080002b3   Thumb Code     0  startup_stm32f40_41xxx.o(.text)
    USART6_IRQHandler                        0x080002b3   Thumb Code     0  startup_stm32f40_41xxx.o(.text)
    WWDG_IRQHandler                          0x080002b3   Thumb Code     0  startup_stm32f40_41xxx.o(.text)
    __user_initial_stackheap                 0x080002b5   Thumb Code     0  startup_stm32f40_41xxx.o(.text)
    __use_no_semihosting                     0x080002d9   Thumb Code     2  use_no_semi_2.o(.text)
    __aeabi_ldivmod                          0x080002db   Thumb Code     0  llsdiv.o(.text)
    _ll_sdiv                                 0x080002db   Thumb Code    72  llsdiv.o(.text)
    __2printf                                0x08000325   Thumb Code    20  noretval__2printf.o(.text)
    _printf_pre_padding                      0x0800033d   Thumb Code    44  _printf_pad.o(.text)
    _printf_post_padding                     0x08000369   Thumb Code    34  _printf_pad.o(.text)
    _printf_str                              0x0800038b   Thumb Code    82  _printf_str.o(.text)
    _printf_int_dec                          0x080003dd   Thumb Code   104  _printf_dec.o(.text)
    _printf_int_hex                          0x08000455   Thumb Code    84  _printf_hex_int.o(.text)
    _printf_longlong_hex                     0x08000455   Thumb Code     0  _printf_hex_int.o(.text)
    __printf                                 0x080004ad   Thumb Code   388  __printf_flags_ss_wp.o(.text)
    strcpy                                   0x08000635   Thumb Code    72  strcpy.o(.text)
    strcat                                   0x0800067d   Thumb Code    24  strcat.o(.text)
    __aeabi_memcpy                           0x08000695   Thumb Code     0  rt_memcpy_v6.o(.text)
    __rt_memcpy                              0x08000695   Thumb Code   138  rt_memcpy_v6.o(.text)
    _memcpy_lastbytes                        0x080006fb   Thumb Code     0  rt_memcpy_v6.o(.text)
    strcmp                                   0x08000721   Thumb Code   128  strcmpv7m.o(.text)
    __use_two_region_memory                  0x080007a1   Thumb Code     2  heapauxi.o(.text)
    __rt_heap_escrow$2region                 0x080007a3   Thumb Code     2  heapauxi.o(.text)
    __rt_heap_expand$2region                 0x080007a5   Thumb Code     2  heapauxi.o(.text)
    __I$use$semihosting                      0x080007a7   Thumb Code     0  use_no_semi.o(.text)
    __use_no_semihosting_swi                 0x080007a7   Thumb Code     2  use_no_semi.o(.text)
    __aeabi_uldivmod                         0x080007a9   Thumb Code     0  lludivv7m.o(.text)
    _ll_udiv                                 0x080007a9   Thumb Code   238  lludivv7m.o(.text)
    _printf_int_common                       0x08000897   Thumb Code   178  _printf_intcommon.o(.text)
    _printf_cs_common                        0x08000949   Thumb Code    20  _printf_char.o(.text)
    _printf_char                             0x0800095d   Thumb Code    16  _printf_char.o(.text)
    _printf_string                           0x0800096d   Thumb Code     8  _printf_char.o(.text)
    _printf_char_file                        0x08000975   Thumb Code    32  _printf_char_file.o(.text)
    __aeabi_memcpy4                          0x08000999   Thumb Code     0  rt_memcpy_w.o(.text)
    __aeabi_memcpy8                          0x08000999   Thumb Code     0  rt_memcpy_w.o(.text)
    __rt_memcpy_w                            0x08000999   Thumb Code   100  rt_memcpy_w.o(.text)
    _memcpy_lastbytes_aligned                0x080009e1   Thumb Code     0  rt_memcpy_w.o(.text)
    _printf_char_common                      0x08000a07   Thumb Code    32  _printf_char_common.o(.text)
    ferror                                   0x08000a2d   Thumb Code     8  ferror.o(.text)
    __user_libspace                          0x08000a35   Thumb Code     8  libspace.o(.text)
    __user_perproc_libspace                  0x08000a35   Thumb Code     0  libspace.o(.text)
    __user_perthread_libspace                0x08000a35   Thumb Code     0  libspace.o(.text)
    __user_setup_stackheap                   0x08000a3d   Thumb Code    74  sys_stackheap_outer.o(.text)
    exit                                     0x08000a87   Thumb Code    12  exit.o(.text)
    BusFault_Handler                         0x08000a93   Thumb Code     4  stm32f4xx_it.o(i.BusFault_Handler)
    CmdError                                 0x08000a97   Thumb Code    48  sdio_sdcard.o(i.CmdError)
    CmdResp1Error                            0x08000ac9   Thumb Code    94  sdio_sdcard.o(i.CmdResp1Error)
    CmdResp2Error                            0x08000b2d   Thumb Code    80  sdio_sdcard.o(i.CmdResp2Error)
    CmdResp3Error                            0x08000b81   Thumb Code    50  sdio_sdcard.o(i.CmdResp3Error)
    CmdResp6Error                            0x08000bb9   Thumb Code   144  sdio_sdcard.o(i.CmdResp6Error)
    CmdResp7Error                            0x08000c4d   Thumb Code    70  sdio_sdcard.o(i.CmdResp7Error)
    DMA_Cmd                                  0x08000c99   Thumb Code    22  stm32f4xx_dma.o(i.DMA_Cmd)
    DMA_DeInit                               0x08000cb1   Thumb Code   324  stm32f4xx_dma.o(i.DMA_DeInit)
    DMA_FlowControllerConfig                 0x08000e09   Thumb Code    22  stm32f4xx_dma.o(i.DMA_FlowControllerConfig)
    DMA_GetCmdStatus                         0x08000e1f   Thumb Code    20  stm32f4xx_dma.o(i.DMA_GetCmdStatus)
    DMA_Init                                 0x08000e35   Thumb Code    82  stm32f4xx_dma.o(i.DMA_Init)
    DebugMon_Handler                         0x08000e8d   Thumb Code     2  stm32f4xx_it.o(i.DebugMon_Handler)
    FSMC_NORSRAMCmd                          0x08000e91   Thumb Code    46  stm32f4xx_fsmc.o(i.FSMC_NORSRAMCmd)
    FSMC_NORSRAMInit                         0x08000ec5   Thumb Code   230  stm32f4xx_fsmc.o(i.FSMC_NORSRAMInit)
    FindSCR                                  0x08000fad   Thumb Code   388  sdio_sdcard.o(i.FindSCR)
    GPIO_Init                                0x08001141   Thumb Code   144  stm32f4xx_gpio.o(i.GPIO_Init)
    GPIO_PinAFConfig                         0x080011d1   Thumb Code    70  stm32f4xx_gpio.o(i.GPIO_PinAFConfig)
    GPIO_ReadInputDataBit                    0x08001217   Thumb Code    18  stm32f4xx_gpio.o(i.GPIO_ReadInputDataBit)
    GPIO_SetBits                             0x08001229   Thumb Code     4  stm32f4xx_gpio.o(i.GPIO_SetBits)
    Get_HzMat                                0x0800122d   Thumb Code   220  text.o(i.Get_HzMat)
    HardFault_Handler                        0x0800130d   Thumb Code     4  stm32f4xx_it.o(i.HardFault_Handler)
    IsCardProgramming                        0x08001311   Thumb Code   146  sdio_sdcard.o(i.IsCardProgramming)
    KEY_Init                                 0x080013b1   Thumb Code    60  key.o(i.KEY_Init)
    KEY_Scan                                 0x080013f5   Thumb Code   188  key.o(i.KEY_Scan)
    LCD_BGR2RGB                              0x080014bd   Thumb Code    26  lcd.o(i.LCD_BGR2RGB)
    LCD_Clear                                0x080014d9   Thumb Code   100  lcd.o(i.LCD_Clear)
    LCD_Color_Fill                           0x08001545   Thumb Code    92  lcd.o(i.LCD_Color_Fill)
    LCD_Display_Dir                          0x080015a5   Thumb Code   444  lcd.o(i.LCD_Display_Dir)
    LCD_Fast_DrawPoint                       0x08001765   Thumb Code   374  lcd.o(i.LCD_Fast_DrawPoint)
    LCD_Fill                                 0x080018e5   Thumb Code   180  lcd.o(i.LCD_Fill)
    LCD_Init                                 0x0800199d   Thumb Code 14696  lcd.o(i.LCD_Init)
    LCD_RD_DATA                              0x0800530d   Thumb Code    14  lcd.o(i.LCD_RD_DATA)
    LCD_ReadPoint                            0x08005321   Thumb Code   360  lcd.o(i.LCD_ReadPoint)
    LCD_ReadReg                              0x0800548d   Thumb Code    22  lcd.o(i.LCD_ReadReg)
    LCD_SSD_BackLightSet                     0x080054a5   Thumb Code    88  lcd.o(i.LCD_SSD_BackLightSet)
    LCD_Scan_Dir                             0x08005505   Thumb Code   744  lcd.o(i.LCD_Scan_Dir)
    LCD_SetCursor                            0x080057f1   Thumb Code   418  lcd.o(i.LCD_SetCursor)
    LCD_ShowChar                             0x08005999   Thumb Code   272  lcd.o(i.LCD_ShowChar)
    LCD_ShowString                           0x08005ac1   Thumb Code   102  lcd.o(i.LCD_ShowString)
    LCD_WR_DATA                              0x08005b29   Thumb Code    18  lcd.o(i.LCD_WR_DATA)
    LCD_WR_REG                               0x08005b41   Thumb Code    18  lcd.o(i.LCD_WR_REG)
    LCD_WriteRAM_Prepare                     0x08005b59   Thumb Code    10  lcd.o(i.LCD_WriteRAM_Prepare)
    LCD_WriteReg                             0x08005b6d   Thumb Code    14  lcd.o(i.LCD_WriteReg)
    LED_Init                                 0x08005b81   Thumb Code    60  led.o(i.LED_Init)
    MemManage_Handler                        0x08005bc1   Thumb Code     4  stm32f4xx_it.o(i.MemManage_Handler)
    NMI_Handler                              0x08005bc5   Thumb Code     2  stm32f4xx_it.o(i.NMI_Handler)
    NVIC_Init                                0x08005bc9   Thumb Code   106  misc.o(i.NVIC_Init)
    NVIC_PriorityGroupConfig                 0x08005c41   Thumb Code    10  misc.o(i.NVIC_PriorityGroupConfig)
    PendSV_Handler                           0x08005c55   Thumb Code     2  stm32f4xx_it.o(i.PendSV_Handler)
    RCC_AHB1PeriphClockCmd                   0x08005c59   Thumb Code    26  stm32f4xx_rcc.o(i.RCC_AHB1PeriphClockCmd)
    RCC_AHB3PeriphClockCmd                   0x08005c79   Thumb Code    26  stm32f4xx_rcc.o(i.RCC_AHB3PeriphClockCmd)
    RCC_APB1PeriphClockCmd                   0x08005c99   Thumb Code    26  stm32f4xx_rcc.o(i.RCC_APB1PeriphClockCmd)
    RCC_APB2PeriphClockCmd                   0x08005cb9   Thumb Code    26  stm32f4xx_rcc.o(i.RCC_APB2PeriphClockCmd)
    RCC_APB2PeriphResetCmd                   0x08005cd9   Thumb Code    26  stm32f4xx_rcc.o(i.RCC_APB2PeriphResetCmd)
    RCC_GetClocksFreq                        0x08005cf9   Thumb Code   214  stm32f4xx_rcc.o(i.RCC_GetClocksFreq)
    SDEnWideBus                              0x08005de1   Thumb Code   158  sdio_sdcard.o(i.SDEnWideBus)
    SDIO_ClearFlag                           0x08005e8d   Thumb Code     6  stm32f4xx_sdio.o(i.SDIO_ClearFlag)
    SDIO_Clock_Set                           0x08005e99   Thumb Code    16  sdio_sdcard.o(i.SDIO_Clock_Set)
    SDIO_DataConfig                          0x08005ead   Thumb Code    46  stm32f4xx_sdio.o(i.SDIO_DataConfig)
    SDIO_GetFlagStatus                       0x08005ee1   Thumb Code    20  stm32f4xx_sdio.o(i.SDIO_GetFlagStatus)
    SDIO_GetPowerState                       0x08005ef9   Thumb Code    10  stm32f4xx_sdio.o(i.SDIO_GetPowerState)
    SDIO_IRQHandler                          0x08005f09   Thumb Code     8  sdio_sdcard.o(i.SDIO_IRQHandler)
    SDIO_Init                                0x08005f11   Thumb Code    42  stm32f4xx_sdio.o(i.SDIO_Init)
    SDIO_Register_Deinit                     0x08005f41   Thumb Code    48  sdio_sdcard.o(i.SDIO_Register_Deinit)
    SDIO_SendCommand                         0x08005f79   Thumb Code    40  stm32f4xx_sdio.o(i.SDIO_SendCommand)
    SDIO_SetPowerState                       0x08005fa5   Thumb Code     6  stm32f4xx_sdio.o(i.SDIO_SetPowerState)
    SD_DMA_Config                            0x08005fb1   Thumb Code   118  sdio_sdcard.o(i.SD_DMA_Config)
    SD_EnableWideBusOperation                0x08006031   Thumb Code    94  sdio_sdcard.o(i.SD_EnableWideBusOperation)
    SD_GetCardInfo                           0x08006099   Thumb Code   772  sdio_sdcard.o(i.SD_GetCardInfo)
    SD_Init                                  0x080063ad   Thumb Code   284  sdio_sdcard.o(i.SD_Init)
    SD_InitializeCards                       0x080064dd   Thumb Code   330  sdio_sdcard.o(i.SD_InitializeCards)
    SD_PowerON                               0x08006641   Thumb Code   460  sdio_sdcard.o(i.SD_PowerON)
    SD_ProcessIRQSrc                         0x08006825   Thumb Code   318  sdio_sdcard.o(i.SD_ProcessIRQSrc)
    SD_ReadBlock                             0x08006979   Thumb Code   574  sdio_sdcard.o(i.SD_ReadBlock)
    SD_ReadDisk                              0x08006be1   Thumb Code   148  sdio_sdcard.o(i.SD_ReadDisk)
    SD_ReadMultiBlocks                       0x08006c79   Thumb Code   710  sdio_sdcard.o(i.SD_ReadMultiBlocks)
    SD_SelectDeselect                        0x08006f6d   Thumb Code    42  sdio_sdcard.o(i.SD_SelectDeselect)
    SD_SetDeviceMode                         0x08006f9d   Thumb Code    20  sdio_sdcard.o(i.SD_SetDeviceMode)
    SD_WriteBlock                            0x08006fb5   Thumb Code   862  sdio_sdcard.o(i.SD_WriteBlock)
    SD_WriteDisk                             0x0800733d   Thumb Code   148  sdio_sdcard.o(i.SD_WriteDisk)
    SD_WriteMultiBlocks                      0x080073d5   Thumb Code   934  sdio_sdcard.o(i.SD_WriteMultiBlocks)
    SPI1_Init                                0x080077a5   Thumb Code   186  spi.o(i.SPI1_Init)
    SPI1_ReadWriteByte                       0x08007869   Thumb Code    50  spi.o(i.SPI1_ReadWriteByte)
    SPI1_SetSpeed                            0x080078a1   Thumb Code    36  spi.o(i.SPI1_SetSpeed)
    SPI_Cmd                                  0x080078c9   Thumb Code    24  stm32f4xx_spi.o(i.SPI_Cmd)
    SPI_I2S_GetFlagStatus                    0x080078e1   Thumb Code    18  stm32f4xx_spi.o(i.SPI_I2S_GetFlagStatus)
    SPI_I2S_ReceiveData                      0x080078f3   Thumb Code     6  stm32f4xx_spi.o(i.SPI_I2S_ReceiveData)
    SPI_I2S_SendData                         0x080078f9   Thumb Code     4  stm32f4xx_spi.o(i.SPI_I2S_SendData)
    SPI_Init                                 0x080078fd   Thumb Code    60  stm32f4xx_spi.o(i.SPI_Init)
    SVC_Handler                              0x08007939   Thumb Code     2  stm32f4xx_it.o(i.SVC_Handler)
    Show_Font                                0x08007a29   Thumb Code   190  text.o(i.Show_Font)
    Show_Str                                 0x08007af1   Thumb Code   194  text.o(i.Show_Str)
    SysTick_CLKSourceConfig                  0x08007bb3   Thumb Code    40  misc.o(i.SysTick_CLKSourceConfig)
    SysTick_Handler                          0x08007bdb   Thumb Code     2  stm32f4xx_it.o(i.SysTick_Handler)
    SystemInit                               0x08007bdd   Thumb Code    88  system_stm32f4xx.o(i.SystemInit)
    TIM4_IRQHandler                          0x08007c45   Thumb Code    46  usmart.o(i.TIM4_IRQHandler)
    TIM_ClearFlag                            0x08007c7d   Thumb Code     6  stm32f4xx_tim.o(i.TIM_ClearFlag)
    TIM_ClearITPendingBit                    0x08007c83   Thumb Code     6  stm32f4xx_tim.o(i.TIM_ClearITPendingBit)
    TIM_Cmd                                  0x08007c89   Thumb Code    24  stm32f4xx_tim.o(i.TIM_Cmd)
    TIM_GetCounter                           0x08007ca1   Thumb Code     6  stm32f4xx_tim.o(i.TIM_GetCounter)
    TIM_GetFlagStatus                        0x08007ca7   Thumb Code    18  stm32f4xx_tim.o(i.TIM_GetFlagStatus)
    TIM_GetITStatus                          0x08007cb9   Thumb Code    34  stm32f4xx_tim.o(i.TIM_GetITStatus)
    TIM_ITConfig                             0x08007cdb   Thumb Code    18  stm32f4xx_tim.o(i.TIM_ITConfig)
    TIM_SetAutoreload                        0x08007ced   Thumb Code     4  stm32f4xx_tim.o(i.TIM_SetAutoreload)
    TIM_SetCounter                           0x08007cf1   Thumb Code     4  stm32f4xx_tim.o(i.TIM_SetCounter)
    TIM_TimeBaseInit                         0x08007cf5   Thumb Code   104  stm32f4xx_tim.o(i.TIM_TimeBaseInit)
    Timer4_Init                              0x08007d79   Thumb Code    86  usmart.o(i.Timer4_Init)
    USART1_IRQHandler                        0x08007dd5   Thumb Code   122  usart.o(i.USART1_IRQHandler)
    USART_Cmd                                0x08007e5d   Thumb Code    24  stm32f4xx_usart.o(i.USART_Cmd)
    USART_GetITStatus                        0x08007e75   Thumb Code    84  stm32f4xx_usart.o(i.USART_GetITStatus)
    USART_ITConfig                           0x08007ec9   Thumb Code    74  stm32f4xx_usart.o(i.USART_ITConfig)
    USART_Init                               0x08007f15   Thumb Code   204  stm32f4xx_usart.o(i.USART_Init)
    USART_ReceiveData                        0x08007fe9   Thumb Code    10  stm32f4xx_usart.o(i.USART_ReceiveData)
    UsageFault_Handler                       0x08007ff3   Thumb Code     4  stm32f4xx_it.o(i.UsageFault_Handler)
    W25QXX_Erase_Chip                        0x08007ff9   Thumb Code    36  w25qxx.o(i.W25QXX_Erase_Chip)
    W25QXX_Erase_Sector                      0x08008025   Thumb Code    70  w25qxx.o(i.W25QXX_Erase_Sector)
    W25QXX_Init                              0x0800807d   Thumb Code   102  w25qxx.o(i.W25QXX_Init)
    W25QXX_Read                              0x080080f5   Thumb Code    74  w25qxx.o(i.W25QXX_Read)
    W25QXX_ReadID                            0x08008145   Thumb Code    64  w25qxx.o(i.W25QXX_ReadID)
    W25QXX_ReadSR                            0x0800818d   Thumb Code    36  w25qxx.o(i.W25QXX_ReadSR)
    W25QXX_Wait_Busy                         0x080081b9   Thumb Code    18  w25qxx.o(i.W25QXX_Wait_Busy)
    W25QXX_Write                             0x080081cd   Thumb Code   180  w25qxx.o(i.W25QXX_Write)
    W25QXX_Write_Enable                      0x08008285   Thumb Code    24  w25qxx.o(i.W25QXX_Write_Enable)
    W25QXX_Write_NoCheck                     0x080082a5   Thumb Code    70  w25qxx.o(i.W25QXX_Write_NoCheck)
    W25QXX_Write_Page                        0x080082ed   Thumb Code    80  w25qxx.o(i.W25QXX_Write_Page)
    _is_digit                                0x08008341   Thumb Code    14  __printf_wp.o(i._is_digit)
    _sys_exit                                0x0800834f   Thumb Code     6  usart.o(i._sys_exit)
    ai_draw_init                             0x08008355   Thumb Code   216  piclib.o(i.ai_draw_init)
    ai_load_picfile                          0x08008435   Thumb Code   194  piclib.o(i.ai_load_picfile)
    char_upper                               0x0800885d   Thumb Code    26  exfuns.o(i.char_upper)
    clust2sect                               0x0800894f   Thumb Code    26  ff.o(i.clust2sect)
    convert_from_bytes_to_power_of_two       0x080089f9   Thumb Code    18  sdio_sdcard.o(i.convert_from_bytes_to_power_of_two)
    delay_init                               0x08008ef9   Thumb Code    52  delay.o(i.delay_init)
    delay_ms                                 0x08008f35   Thumb Code    56  delay.o(i.delay_ms)
    delay_us                                 0x08008f6d   Thumb Code    72  delay.o(i.delay_us)
    delay_xms                                0x08008fb9   Thumb Code    72  delay.o(i.delay_xms)
    dir_sdi                                  0x080094b3   Thumb Code   158  ff.o(i.dir_sdi)
    disk_initialize                          0x08009551   Thumb Code    52  diskio.o(i.disk_initialize)
    disk_ioctl                               0x08009589   Thumb Code   170  diskio.o(i.disk_ioctl)
    disk_read                                0x0800963d   Thumb Code   122  diskio.o(i.disk_read)
    disk_status                              0x080096b7   Thumb Code     6  diskio.o(i.disk_status)
    disk_write                               0x080096bd   Thumb Code   122  diskio.o(i.disk_write)
    exfuns_init                              0x08009739   Thumb Code   114  exfuns.o(i.exfuns_init)
    f_close                                  0x080097bd   Thumb Code    36  ff.o(i.f_close)
    f_closedir                               0x080097e1   Thumb Code    22  ff.o(i.f_closedir)
    f_getfree                                0x080097f7   Thumb Code   258  ff.o(i.f_getfree)
    f_getlabel                               0x080098f9   Thumb Code   190  ff.o(i.f_getlabel)
    f_gets                                   0x080099b7   Thumb Code    82  ff.o(i.f_gets)
    f_lseek                                  0x08009a09   Thumb Code   654  ff.o(i.f_lseek)
    f_mkdir                                  0x08009c97   Thumb Code   380  ff.o(i.f_mkdir)
    f_mkfs                                   0x08009e15   Thumb Code  1594  ff.o(i.f_mkfs)
    f_mount                                  0x0800a455   Thumb Code    86  ff.o(i.f_mount)
    f_open                                   0x0800a4b1   Thumb Code   384  ff.o(i.f_open)
    f_opendir                                0x0800a631   Thumb Code   136  ff.o(i.f_opendir)
    f_putc                                   0x0800a6b9   Thumb Code    64  ff.o(i.f_putc)
    f_puts                                   0x0800a6f9   Thumb Code    74  ff.o(i.f_puts)
    f_read                                   0x0800a743   Thumb Code   432  ff.o(i.f_read)
    f_readdir                                0x0800a8f3   Thumb Code   114  ff.o(i.f_readdir)
    f_rename                                 0x0800a965   Thumb Code   314  ff.o(i.f_rename)
    f_setlabel                               0x0800aaa1   Thumb Code   470  ff.o(i.f_setlabel)
    f_sync                                   0x0800ac89   Thumb Code   176  ff.o(i.f_sync)
    f_typetell                               0x0800ad39   Thumb Code   172  exfuns.o(i.f_typetell)
    f_unlink                                 0x0800ade9   Thumb Code   194  ff.o(i.f_unlink)
    f_write                                  0x0800aeab   Thumb Code   490  ff.o(i.f_write)
    ff_convert                               0x0800b095   Thumb Code   146  mycc936.o(i.ff_convert)
    ff_memalloc                              0x0800b12d   Thumb Code    14  diskio.o(i.ff_memalloc)
    ff_memfree                               0x0800b13b   Thumb Code    14  diskio.o(i.ff_memfree)
    ff_wtoupper                              0x0800b149   Thumb Code    46  mycc936.o(i.ff_wtoupper)
    font_init                                0x0800b619   Thumb Code    64  fontupd.o(i.font_init)
    fputc                                    0x0800b65d   Thumb Code    22  usart.o(i.fputc)
    get_fat                                  0x0800b741   Thumb Code   232  ff.o(i.get_fat)
    get_fattime                              0x0800b829   Thumb Code     4  diskio.o(i.get_fattime)
    gif_check_head                           0x0800b983   Thumb Code    88  gif.o(i.gif_check_head)
    gif_clear2bkcolor                        0x0800b9dd   Thumb Code   496  gif.o(i.gif_clear2bkcolor)
    gif_decode                               0x0800bbd1   Thumb Code   296  gif.o(i.gif_decode)
    gif_dispimage                            0x0800bcfd   Thumb Code   538  gif.o(i.gif_dispimage)
    gif_drawimage                            0x0800bf25   Thumb Code   340  gif.o(i.gif_drawimage)
    gif_getdatablock                         0x0800c079   Thumb Code    96  gif.o(i.gif_getdatablock)
    gif_getinfo                              0x0800c0d9   Thumb Code    70  gif.o(i.gif_getinfo)
    gif_getnextbyte                          0x0800c11f   Thumb Code   856  gif.o(i.gif_getnextbyte)
    gif_getnextcode                          0x0800c479   Thumb Code   452  gif.o(i.gif_getnextcode)
    gif_getrgb565                            0x0800c641   Thumb Code    28  gif.o(i.gif_getrgb565)
    gif_initlzw                              0x0800c65d   Thumb Code   152  gif.o(i.gif_initlzw)
    gif_readcolortbl                         0x0800c6f5   Thumb Code    64  gif.o(i.gif_readcolortbl)
    gif_readextension                        0x0800c735   Thumb Code   160  gif.o(i.gif_readextension)
    gif_recovergctbl                         0x0800c7d5   Thumb Code    38  gif.o(i.gif_recovergctbl)
    gif_savegctbl                            0x0800c7fb   Thumb Code    38  gif.o(i.gif_savegctbl)
    is_element_ok                            0x0800c8e1   Thumb Code    36  piclib.o(i.is_element_ok)
    jd_decomp                                0x0800c909   Thumb Code   162  tjpgd.o(i.jd_decomp)
    jd_prepare                               0x0800c9ab   Thumb Code   924  tjpgd.o(i.jd_prepare)
    jpeg_freeall                             0x0800cd49   Thumb Code    28  tjpgd.o(i.jpeg_freeall)
    jpeg_in_func                             0x0800cd71   Thumb Code    48  tjpgd.o(i.jpeg_in_func)
    jpeg_mallocall                           0x0800cda1   Thumb Code    70  tjpgd.o(i.jpeg_mallocall)
    jpeg_out_func_fill                       0x0800cdf5   Thumb Code    74  tjpgd.o(i.jpeg_out_func_fill)
    jpeg_out_func_point                      0x0800ce49   Thumb Code   182  tjpgd.o(i.jpeg_out_func_point)
    jpg_decode                               0x0800cf09   Thumb Code   232  tjpgd.o(i.jpg_decode)
    main                                     0x0800d02d   Thumb Code   996  main.o(i.main)
    mf_close                                 0x0800dac9   Thumb Code    14  fattester.o(i.mf_close)
    mf_closedir                              0x0800dadd   Thumb Code    10  fattester.o(i.mf_closedir)
    mf_fmkfs                                 0x0800daed   Thumb Code    20  fattester.o(i.mf_fmkfs)
    mf_getlabel                              0x0800db01   Thumb Code    58  fattester.o(i.mf_getlabel)
    mf_gets                                  0x0800db85   Thumb Code    38  fattester.o(i.mf_gets)
    mf_lseek                                 0x0800dbd1   Thumb Code    16  fattester.o(i.mf_lseek)
    mf_mkdir                                 0x0800dbe5   Thumb Code    12  fattester.o(i.mf_mkdir)
    mf_mount                                 0x0800dbf1   Thumb Code    20  fattester.o(i.mf_mount)
    mf_open                                  0x0800dc09   Thumb Code    24  fattester.o(i.mf_open)
    mf_opendir                               0x0800dc25   Thumb Code    14  fattester.o(i.mf_opendir)
    mf_putc                                  0x0800dc39   Thumb Code    18  fattester.o(i.mf_putc)
    mf_puts                                  0x0800dc51   Thumb Code    18  fattester.o(i.mf_puts)
    mf_read                                  0x0800dc69   Thumb Code   224  fattester.o(i.mf_read)
    mf_readdir                               0x0800ddc1   Thumb Code   204  fattester.o(i.mf_readdir)
    mf_rename                                0x0800df55   Thumb Code    16  fattester.o(i.mf_rename)
    mf_scan_files                            0x0800df65   Thumb Code   120  fattester.o(i.mf_scan_files)
    mf_setlabel                              0x0800dff5   Thumb Code    34  fattester.o(i.mf_setlabel)
    mf_showfree                              0x0800e051   Thumb Code    88  fattester.o(i.mf_showfree)
    mf_size                                  0x0800e0f9   Thumb Code     8  fattester.o(i.mf_size)
    mf_tell                                  0x0800e105   Thumb Code     8  fattester.o(i.mf_tell)
    mf_unlink                                0x0800e111   Thumb Code    12  fattester.o(i.mf_unlink)
    mf_write                                 0x0800e11d   Thumb Code    68  fattester.o(i.mf_write)
    my_mem_free                              0x0800e209   Thumb Code    96  malloc.o(i.my_mem_free)
    my_mem_init                              0x0800e275   Thumb Code    54  malloc.o(i.my_mem_init)
    my_mem_malloc                            0x0800e2b9   Thumb Code   156  malloc.o(i.my_mem_malloc)
    my_mem_perused                           0x0800e361   Thumb Code    54  malloc.o(i.my_mem_perused)
    myfree                                   0x0800e3a1   Thumb Code    30  malloc.o(i.myfree)
    mymalloc                                 0x0800e3c5   Thumb Code    34  malloc.o(i.mymalloc)
    mymemset                                 0x0800e3ed   Thumb Code    20  malloc.o(i.mymemset)
    opt_delay                                0x0800e401   Thumb Code    14  lcd.o(i.opt_delay)
    pic_get_tnum                             0x0800e40f   Thumb Code   108  main.o(i.pic_get_tnum)
    pic_memalloc                             0x0800e47b   Thumb Code    14  piclib.o(i.pic_memalloc)
    pic_memfree                              0x0800e489   Thumb Code    14  piclib.o(i.pic_memfree)
    piclib_draw_hline                        0x0800e50d   Thumb Code    52  piclib.o(i.piclib_draw_hline)
    piclib_fill_color                        0x0800e545   Thumb Code    44  piclib.o(i.piclib_fill_color)
    piclib_init                              0x0800e571   Thumb Code    58  piclib.o(i.piclib_init)
    put_fat                                  0x0800e5cd   Thumb Code   310  ff.o(i.put_fat)
    read_addr                                0x0800e747   Thumb Code     6  usmart.o(i.read_addr)
    stdbmp_decode                            0x0800e839   Thumb Code   712  bmp.o(i.stdbmp_decode)
    uart_init                                0x0800ec3d   Thumb Code   164  usart.o(i.uart_init)
    usmart_cmd_rec                           0x0800ece9   Thumb Code   170  usmart.o(i.usmart_cmd_rec)
    usmart_exe                               0x0800ed99   Thumb Code   632  usmart.o(i.usmart_exe)
    usmart_get_aparm                         0x0800f06d   Thumb Code   200  usmart_str.o(i.usmart_get_aparm)
    usmart_get_cmdname                       0x0800f135   Thumb Code    54  usmart_str.o(i.usmart_get_cmdname)
    usmart_get_fname                         0x0800f16d   Thumb Code   440  usmart_str.o(i.usmart_get_fname)
    usmart_get_fparam                        0x0800f32d   Thumb Code   262  usmart_str.o(i.usmart_get_fparam)
    usmart_get_parmpos                       0x0800f439   Thumb Code    26  usmart_str.o(i.usmart_get_parmpos)
    usmart_get_runtime                       0x0800f459   Thumb Code    60  usmart.o(i.usmart_get_runtime)
    usmart_init                              0x0800f49d   Thumb Code    36  usmart.o(i.usmart_init)
    usmart_pow                               0x0800f4c5   Thumb Code    22  usmart_str.o(i.usmart_pow)
    usmart_reset_runtime                     0x0800f4dd   Thumb Code    38  usmart.o(i.usmart_reset_runtime)
    usmart_scan                              0x0800f50d   Thumb Code   120  usmart.o(i.usmart_scan)
    usmart_search_nextc                      0x0800f5c9   Thumb Code    22  usmart_str.o(i.usmart_search_nextc)
    usmart_str2num                           0x0800f5df   Thumb Code   202  usmart_str.o(i.usmart_str2num)
    usmart_strcmp                            0x0800f6a9   Thumb Code    34  usmart_str.o(i.usmart_strcmp)
    usmart_strcopy                           0x0800f6cb   Thumb Code    22  usmart_str.o(i.usmart_strcopy)
    usmart_strlen                            0x0800f6e1   Thumb Code    24  usmart_str.o(i.usmart_strlen)
    usmart_sys_cmd_exe                       0x0800f6f9   Thumb Code  1554  usmart.o(i.usmart_sys_cmd_exe)
    write_addr                               0x0800fe13   Thumb Code     4  usmart.o(i.write_addr)
    __aeabi_d2uiz                            0x0800fe19   Thumb Code     0  dfixu.o(x$fpl$dfixu)
    _dfixu                                   0x0800fe19   Thumb Code    90  dfixu.o(x$fpl$dfixu)
    __aeabi_ui2d                             0x0800fe73   Thumb Code     0  dflt_clz.o(x$fpl$dfltu)
    _dfltu                                   0x0800fe73   Thumb Code    38  dflt_clz.o(x$fpl$dfltu)
    __aeabi_dmul                             0x0800fe99   Thumb Code     0  dmul.o(x$fpl$dmul)
    _dmul                                    0x0800fe99   Thumb Code   332  dmul.o(x$fpl$dmul)
    __fpl_dnaninf                            0x0800ffed   Thumb Code   156  dnaninf.o(x$fpl$dnaninf)
    __fpl_dretinf                            0x08010089   Thumb Code    12  dretinf.o(x$fpl$dretinf)
    _fp_init                                 0x08010095   Thumb Code    10  fpinit.o(x$fpl$fpinit)
    __fplib_config_fpu_vfp                   0x0801009d   Thumb Code     0  fpinit.o(x$fpl$fpinit)
    __fplib_config_pureend_doubles           0x0801009d   Thumb Code     0  fpinit.o(x$fpl$fpinit)
    __I$use$fp                               0x0801009e   Number         0  usenofp.o(x$fpl$usenofp)
    asc2_1206                                0x0801009e   Data        1140  lcd.o(.constdata)
    asc2_1608                                0x08010512   Data        1520  lcd.o(.constdata)
    asc2_2412                                0x08010b02   Data        3420  lcd.o(.constdata)
    memtblsize                               0x08011860   Data          12  malloc.o(.constdata)
    memblksize                               0x0801186c   Data          12  malloc.o(.constdata)
    memsize                                  0x08011878   Data          12  malloc.o(.constdata)
    FILE_TYPE_TBL                            0x080118c0   Data         112  exfuns.o(.constdata)
    _aMaskTbl                                0x08011cf0   Data          32  gif.o(.constdata)
    _aInterlaceOffset                        0x08011d10   Data           4  gif.o(.constdata)
    _aInterlaceYPos                          0x08011d14   Data           4  gif.o(.constdata)
    Region$$Table$$Base                      0x0801253c   Number         0  anon$$obj.o(Region$$Table)
    Region$$Table$$Limit                     0x0801255c   Number         0  anon$$obj.o(Region$$Table)
    mem3base                                 0x10000000   Data       61440  malloc.o(.ARM.__AT_0x10000000)
    mem3mapbase                              0x1000f000   Data        3840  malloc.o(.ARM.__AT_0x1000F000)
    __stdout                                 0x20000014   Data           4  usart.o(.data)
    USART_RX_STA                             0x20000018   Data           2  usart.o(.data)
    POINT_COLOR                              0x2000001a   Data           2  lcd.o(.data)
    BACK_COLOR                               0x2000001c   Data           2  lcd.o(.data)
    TransferError                            0x2000002a   Data           1  sdio_sdcard.o(.data)
    TransferEnd                              0x2000002b   Data           1  sdio_sdcard.o(.data)
    tempbuff                                 0x2000002c   Data           4  sdio_sdcard.o(.data)
    W25QXX_TYPE                              0x20000030   Data           2  w25qxx.o(.data)
    mallco_dev                               0x20000034   Data          36  malloc.o(.data)
    FLASH_SECTOR_COUNT                       0x20000058   Data           2  diskio.o(.data)
    file                                     0x2000005c   Data           4  exfuns.o(.data)
    ftemp                                    0x20000060   Data           4  exfuns.o(.data)
    br                                       0x20000064   Data           4  exfuns.o(.data)
    bw                                       0x20000068   Data           4  exfuns.o(.data)
    fatbuf                                   0x2000006c   Data           4  exfuns.o(.data)
    sys_cmd_tab                              0x20000070   Data          28  usmart.o(.data)
    usmart_nametab                           0x2000008c   Data         216  usmart_config.o(.data)
    usmart_dev                               0x20000164   Data         244  usmart_config.o(.data)
    gifdecoding                              0x20000258   Data           1  gif.o(.data)
    f_jpeg                                   0x2000025c   Data           4  tjpgd.o(.data)
    jpeg_dev                                 0x20000260   Data           4  tjpgd.o(.data)
    jpg_buffer                               0x20000264   Data           4  tjpgd.o(.data)
    USART_RX_BUF                             0x20000268   Data         200  usart.o(.bss)
    lcddev                                   0x20000330   Data          14  lcd.o(.bss)
    SDIO_InitStructure                       0x20000340   Data          24  sdio_sdcard.o(.bss)
    SDIO_CmdInitStructure                    0x20000358   Data          20  sdio_sdcard.o(.bss)
    SDIO_DataInitStructure                   0x2000036c   Data          24  sdio_sdcard.o(.bss)
    SDCardInfo                               0x200003a8   Data          88  sdio_sdcard.o(.bss)
    SDIO_DATA_BUFFER                         0x20000400   Data         512  sdio_sdcard.o(.bss)
    W25QXX_BUFFER                            0x20000600   Data        4096  w25qxx.o(.bss)
    mem1base                                 0x20001600   Data       102400  malloc.o(.bss)
    mem1mapbase                              0x2001a600   Data        6400  malloc.o(.bss)
    fs                                       0x2001bf0c   Data          12  exfuns.o(.bss)
    fileinfo                                 0x2001bf18   Data          32  exfuns.o(.bss)
    dir                                      0x2001bf38   Data          36  exfuns.o(.bss)
    ftinfo                                   0x2001bf5c   Data          33  fontupd.o(.bss)
    picinfo                                  0x2001bf80   Data          40  piclib.o(.bss)
    pic_phy                                  0x2001bfa8   Data          20  piclib.o(.bss)
    __libspace_start                         0x2001bfbc   Data          96  libspace.o(.bss)
    __temporary_stack_top$libspace           0x2001c01c   Data           0  libspace.o(.bss)
    mem2base                                 0x68000000   Data       983040  malloc.o(.ARM.__AT_0x68000000)
    mem2mapbase                              0x680f0000   Data       61440  malloc.o(.ARM.__AT_0x680F0000)



==============================================================================

Memory Map of the image

  Image Entry point : 0x08000189

  Load Region LR_IROM1 (Base: 0x08000000, Size: 0x000127c4, Max: 0x00100000, ABSOLUTE, COMPRESSED[0x00012670])

    Execution Region ER_IROM1 (Base: 0x08000000, Size: 0x0001255c, Max: 0x00100000, ABSOLUTE)

    Base Addr    Size         Type   Attr      Idx    E Section Name        Object

    0x08000000   0x00000188   Data   RO          363    RESET               startup_stm32f40_41xxx.o
    0x08000188   0x00000008   Code   RO         8103  * !!!main             c_w.l(__main.o)
    0x08000190   0x00000034   Code   RO         8348    !!!scatter          c_w.l(__scatter.o)
    0x080001c4   0x0000005a   Code   RO         8346    !!dczerorl2         c_w.l(__dczerorl2.o)
    0x0800021e   0x00000002   PAD
    0x08000220   0x0000001c   Code   RO         8350    !!handler_zi        c_w.l(__scatter_zi.o)
    0x0800023c   0x00000000   Code   RO         8085    .ARM.Collect$$_printf_percent$$00000000  c_w.l(_printf_percent.o)
    0x0800023c   0x00000006   Code   RO         8083    .ARM.Collect$$_printf_percent$$00000009  c_w.l(_printf_d.o)
    0x08000242   0x00000006   Code   RO         8084    .ARM.Collect$$_printf_percent$$0000000A  c_w.l(_printf_u.o)
    0x08000248   0x00000006   Code   RO         8082    .ARM.Collect$$_printf_percent$$0000000C  c_w.l(_printf_x.o)
    0x0800024e   0x00000006   Code   RO         8080    .ARM.Collect$$_printf_percent$$00000013  c_w.l(_printf_c.o)
    0x08000254   0x00000006   Code   RO         8081    .ARM.Collect$$_printf_percent$$00000014  c_w.l(_printf_s.o)
    0x0800025a   0x00000004   Code   RO         8162    .ARM.Collect$$_printf_percent$$00000017  c_w.l(_printf_percent_end.o)
    0x0800025e   0x00000002   Code   RO         8275    .ARM.Collect$$libinit$$00000000  c_w.l(libinit.o)
    0x08000260   0x00000004   Code   RO         8165    .ARM.Collect$$libinit$$00000001  c_w.l(libinit2.o)
    0x08000264   0x00000000   Code   RO         8168    .ARM.Collect$$libinit$$00000004  c_w.l(libinit2.o)
    0x08000264   0x00000000   Code   RO         8171    .ARM.Collect$$libinit$$0000000A  c_w.l(libinit2.o)
    0x08000264   0x00000000   Code   RO         8173    .ARM.Collect$$libinit$$0000000C  c_w.l(libinit2.o)
    0x08000264   0x00000000   Code   RO         8175    .ARM.Collect$$libinit$$0000000E  c_w.l(libinit2.o)
    0x08000264   0x00000000   Code   RO         8178    .ARM.Collect$$libinit$$00000011  c_w.l(libinit2.o)
    0x08000264   0x00000000   Code   RO         8180    .ARM.Collect$$libinit$$00000013  c_w.l(libinit2.o)
    0x08000264   0x00000000   Code   RO         8182    .ARM.Collect$$libinit$$00000015  c_w.l(libinit2.o)
    0x08000264   0x00000000   Code   RO         8184    .ARM.Collect$$libinit$$00000017  c_w.l(libinit2.o)
    0x08000264   0x00000000   Code   RO         8186    .ARM.Collect$$libinit$$00000019  c_w.l(libinit2.o)
    0x08000264   0x00000000   Code   RO         8188    .ARM.Collect$$libinit$$0000001B  c_w.l(libinit2.o)
    0x08000264   0x00000000   Code   RO         8190    .ARM.Collect$$libinit$$0000001D  c_w.l(libinit2.o)
    0x08000264   0x00000000   Code   RO         8192    .ARM.Collect$$libinit$$0000001F  c_w.l(libinit2.o)
    0x08000264   0x00000000   Code   RO         8194    .ARM.Collect$$libinit$$00000021  c_w.l(libinit2.o)
    0x08000264   0x00000000   Code   RO         8196    .ARM.Collect$$libinit$$00000023  c_w.l(libinit2.o)
    0x08000264   0x00000000   Code   RO         8198    .ARM.Collect$$libinit$$00000025  c_w.l(libinit2.o)
    0x08000264   0x00000000   Code   RO         8202    .ARM.Collect$$libinit$$0000002C  c_w.l(libinit2.o)
    0x08000264   0x00000000   Code   RO         8204    .ARM.Collect$$libinit$$0000002E  c_w.l(libinit2.o)
    0x08000264   0x00000000   Code   RO         8206    .ARM.Collect$$libinit$$00000030  c_w.l(libinit2.o)
    0x08000264   0x00000000   Code   RO         8208    .ARM.Collect$$libinit$$00000032  c_w.l(libinit2.o)
    0x08000264   0x00000002   Code   RO         8209    .ARM.Collect$$libinit$$00000033  c_w.l(libinit2.o)
    0x08000266   0x00000002   Code   RO         8312    .ARM.Collect$$libshutdown$$00000000  c_w.l(libshutdown.o)
    0x08000268   0x00000000   Code   RO         8317    .ARM.Collect$$libshutdown$$00000003  c_w.l(libshutdown2.o)
    0x08000268   0x00000000   Code   RO         8320    .ARM.Collect$$libshutdown$$00000006  c_w.l(libshutdown2.o)
    0x08000268   0x00000000   Code   RO         8323    .ARM.Collect$$libshutdown$$00000009  c_w.l(libshutdown2.o)
    0x08000268   0x00000000   Code   RO         8325    .ARM.Collect$$libshutdown$$0000000B  c_w.l(libshutdown2.o)
    0x08000268   0x00000000   Code   RO         8328    .ARM.Collect$$libshutdown$$0000000E  c_w.l(libshutdown2.o)
    0x08000268   0x00000002   Code   RO         8329    .ARM.Collect$$libshutdown$$0000000F  c_w.l(libshutdown2.o)
    0x0800026a   0x00000000   Code   RO         8151    .ARM.Collect$$rtentry$$00000000  c_w.l(__rtentry.o)
    0x0800026a   0x00000000   Code   RO         8222    .ARM.Collect$$rtentry$$00000002  c_w.l(__rtentry2.o)
    0x0800026a   0x00000006   Code   RO         8234    .ARM.Collect$$rtentry$$00000004  c_w.l(__rtentry4.o)
    0x08000270   0x00000000   Code   RO         8224    .ARM.Collect$$rtentry$$00000009  c_w.l(__rtentry2.o)
    0x08000270   0x00000004   Code   RO         8225    .ARM.Collect$$rtentry$$0000000A  c_w.l(__rtentry2.o)
    0x08000274   0x00000000   Code   RO         8227    .ARM.Collect$$rtentry$$0000000C  c_w.l(__rtentry2.o)
    0x08000274   0x00000008   Code   RO         8228    .ARM.Collect$$rtentry$$0000000D  c_w.l(__rtentry2.o)
    0x0800027c   0x00000002   Code   RO         8278    .ARM.Collect$$rtexit$$00000000  c_w.l(rtexit.o)
    0x0800027e   0x00000000   Code   RO         8292    .ARM.Collect$$rtexit$$00000002  c_w.l(rtexit2.o)
    0x0800027e   0x00000004   Code   RO         8293    .ARM.Collect$$rtexit$$00000003  c_w.l(rtexit2.o)
    0x08000282   0x00000006   Code   RO         8294    .ARM.Collect$$rtexit$$00000004  c_w.l(rtexit2.o)
    0x08000288   0x00000010   Code   RO         5140    .emb_text           sys.o
    0x08000298   0x00000040   Code   RO          364    .text               startup_stm32f40_41xxx.o
    0x080002d8   0x00000002   Code   RO         8023    .text               c_w.l(use_no_semi_2.o)
    0x080002da   0x00000048   Code   RO         8025    .text               c_w.l(llsdiv.o)
    0x08000322   0x00000002   PAD
    0x08000324   0x00000018   Code   RO         8029    .text               c_w.l(noretval__2printf.o)
    0x0800033c   0x0000004e   Code   RO         8033    .text               c_w.l(_printf_pad.o)
    0x0800038a   0x00000052   Code   RO         8035    .text               c_w.l(_printf_str.o)
    0x080003dc   0x00000078   Code   RO         8037    .text               c_w.l(_printf_dec.o)
    0x08000454   0x00000058   Code   RO         8042    .text               c_w.l(_printf_hex_int.o)
    0x080004ac   0x00000188   Code   RO         8077    .text               c_w.l(__printf_flags_ss_wp.o)
    0x08000634   0x00000048   Code   RO         8091    .text               c_w.l(strcpy.o)
    0x0800067c   0x00000018   Code   RO         8095    .text               c_w.l(strcat.o)
    0x08000694   0x0000008a   Code   RO         8097    .text               c_w.l(rt_memcpy_v6.o)
    0x0800071e   0x00000002   PAD
    0x08000720   0x00000080   Code   RO         8099    .text               c_w.l(strcmpv7m.o)
    0x080007a0   0x00000006   Code   RO         8101    .text               c_w.l(heapauxi.o)
    0x080007a6   0x00000002   Code   RO         8149    .text               c_w.l(use_no_semi.o)
    0x080007a8   0x000000ee   Code   RO         8152    .text               c_w.l(lludivv7m.o)
    0x08000896   0x000000b2   Code   RO         8156    .text               c_w.l(_printf_intcommon.o)
    0x08000948   0x0000002c   Code   RO         8158    .text               c_w.l(_printf_char.o)
    0x08000974   0x00000024   Code   RO         8160    .text               c_w.l(_printf_char_file.o)
    0x08000998   0x00000064   Code   RO         8163    .text               c_w.l(rt_memcpy_w.o)
    0x080009fc   0x00000030   Code   RO         8245    .text               c_w.l(_printf_char_common.o)
    0x08000a2c   0x00000008   Code   RO         8247    .text               c_w.l(ferror.o)
    0x08000a34   0x00000008   Code   RO         8255    .text               c_w.l(libspace.o)
    0x08000a3c   0x0000004a   Code   RO         8258    .text               c_w.l(sys_stackheap_outer.o)
    0x08000a86   0x0000000c   Code   RO         8264    .text               c_w.l(exit.o)
    0x08000a92   0x00000004   Code   RO          229    i.BusFault_Handler  stm32f4xx_it.o
    0x08000a96   0x00000030   Code   RO         5988    i.CmdError          sdio_sdcard.o
    0x08000ac6   0x00000002   PAD
    0x08000ac8   0x00000064   Code   RO         5989    i.CmdResp1Error     sdio_sdcard.o
    0x08000b2c   0x00000054   Code   RO         5990    i.CmdResp2Error     sdio_sdcard.o
    0x08000b80   0x00000038   Code   RO         5991    i.CmdResp3Error     sdio_sdcard.o
    0x08000bb8   0x00000094   Code   RO         5992    i.CmdResp6Error     sdio_sdcard.o
    0x08000c4c   0x0000004c   Code   RO         5993    i.CmdResp7Error     sdio_sdcard.o
    0x08000c98   0x00000016   Code   RO         1359    i.DMA_Cmd           stm32f4xx_dma.o
    0x08000cae   0x00000002   PAD
    0x08000cb0   0x00000158   Code   RO         1360    i.DMA_DeInit        stm32f4xx_dma.o
    0x08000e08   0x00000016   Code   RO         1363    i.DMA_FlowControllerConfig  stm32f4xx_dma.o
    0x08000e1e   0x00000014   Code   RO         1364    i.DMA_GetCmdStatus  stm32f4xx_dma.o
    0x08000e32   0x00000002   PAD
    0x08000e34   0x00000058   Code   RO         1371    i.DMA_Init          stm32f4xx_dma.o
    0x08000e8c   0x00000002   Code   RO          230    i.DebugMon_Handler  stm32f4xx_it.o
    0x08000e8e   0x00000002   PAD
    0x08000e90   0x00000034   Code   RO         1972    i.FSMC_NORSRAMCmd   stm32f4xx_fsmc.o
    0x08000ec4   0x000000e6   Code   RO         1974    i.FSMC_NORSRAMInit  stm32f4xx_fsmc.o
    0x08000faa   0x00000002   PAD
    0x08000fac   0x00000194   Code   RO         5994    i.FindSCR           sdio_sdcard.o
    0x08001140   0x00000090   Code   RO         2093    i.GPIO_Init         stm32f4xx_gpio.o
    0x080011d0   0x00000046   Code   RO         2094    i.GPIO_PinAFConfig  stm32f4xx_gpio.o
    0x08001216   0x00000012   Code   RO         2097    i.GPIO_ReadInputDataBit  stm32f4xx_gpio.o
    0x08001228   0x00000004   Code   RO         2101    i.GPIO_SetBits      stm32f4xx_gpio.o
    0x0800122c   0x000000e0   Code   RO         7635    i.Get_HzMat         text.o
    0x0800130c   0x00000004   Code   RO          231    i.HardFault_Handler  stm32f4xx_it.o
    0x08001310   0x000000a0   Code   RO         5995    i.IsCardProgramming  sdio_sdcard.o
    0x080013b0   0x00000044   Code   RO         5513    i.KEY_Init          key.o
    0x080013f4   0x000000c8   Code   RO         5514    i.KEY_Scan          key.o
    0x080014bc   0x0000001a   Code   RO         5207    i.LCD_BGR2RGB       lcd.o
    0x080014d6   0x00000002   PAD
    0x080014d8   0x0000006c   Code   RO         5208    i.LCD_Clear         lcd.o
    0x08001544   0x00000060   Code   RO         5209    i.LCD_Color_Fill    lcd.o
    0x080015a4   0x000001c0   Code   RO         5212    i.LCD_Display_Dir   lcd.o
    0x08001764   0x00000180   Code   RO         5217    i.LCD_Fast_DrawPoint  lcd.o
    0x080018e4   0x000000b8   Code   RO         5218    i.LCD_Fill          lcd.o
    0x0800199c   0x00003970   Code   RO         5219    i.LCD_Init          lcd.o
    0x0800530c   0x00000014   Code   RO         5221    i.LCD_RD_DATA       lcd.o
    0x08005320   0x0000016c   Code   RO         5222    i.LCD_ReadPoint     lcd.o
    0x0800548c   0x00000016   Code   RO         5223    i.LCD_ReadReg       lcd.o
    0x080054a2   0x00000002   PAD
    0x080054a4   0x00000060   Code   RO         5224    i.LCD_SSD_BackLightSet  lcd.o
    0x08005504   0x000002ec   Code   RO         5225    i.LCD_Scan_Dir      lcd.o
    0x080057f0   0x000001a8   Code   RO         5226    i.LCD_SetCursor     lcd.o
    0x08005998   0x00000128   Code   RO         5228    i.LCD_ShowChar      lcd.o
    0x08005ac0   0x00000066   Code   RO         5230    i.LCD_ShowString    lcd.o
    0x08005b26   0x00000002   PAD
    0x08005b28   0x00000018   Code   RO         5232    i.LCD_WR_DATA       lcd.o
    0x08005b40   0x00000018   Code   RO         5233    i.LCD_WR_REG        lcd.o
    0x08005b58   0x00000014   Code   RO         5235    i.LCD_WriteRAM_Prepare  lcd.o
    0x08005b6c   0x00000014   Code   RO         5236    i.LCD_WriteReg      lcd.o
    0x08005b80   0x00000040   Code   RO         5425    i.LED_Init          led.o
    0x08005bc0   0x00000004   Code   RO          232    i.MemManage_Handler  stm32f4xx_it.o
    0x08005bc4   0x00000002   Code   RO          233    i.NMI_Handler       stm32f4xx_it.o
    0x08005bc6   0x00000002   PAD
    0x08005bc8   0x00000078   Code   RO          370    i.NVIC_Init         misc.o
    0x08005c40   0x00000014   Code   RO          371    i.NVIC_PriorityGroupConfig  misc.o
    0x08005c54   0x00000002   Code   RO          234    i.PendSV_Handler    stm32f4xx_it.o
    0x08005c56   0x00000002   PAD
    0x08005c58   0x00000020   Code   RO         2957    i.RCC_AHB1PeriphClockCmd  stm32f4xx_rcc.o
    0x08005c78   0x00000020   Code   RO         2963    i.RCC_AHB3PeriphClockCmd  stm32f4xx_rcc.o
    0x08005c98   0x00000020   Code   RO         2966    i.RCC_APB1PeriphClockCmd  stm32f4xx_rcc.o
    0x08005cb8   0x00000020   Code   RO         2969    i.RCC_APB2PeriphClockCmd  stm32f4xx_rcc.o
    0x08005cd8   0x00000020   Code   RO         2971    i.RCC_APB2PeriphResetCmd  stm32f4xx_rcc.o
    0x08005cf8   0x000000e8   Code   RO         2978    i.RCC_GetClocksFreq  stm32f4xx_rcc.o
    0x08005de0   0x000000ac   Code   RO         5996    i.SDEnWideBus       sdio_sdcard.o
    0x08005e8c   0x0000000c   Code   RO         3875    i.SDIO_ClearFlag    stm32f4xx_sdio.o
    0x08005e98   0x00000014   Code   RO         5997    i.SDIO_Clock_Set    sdio_sdcard.o
    0x08005eac   0x00000034   Code   RO         3881    i.SDIO_DataConfig   stm32f4xx_sdio.o
    0x08005ee0   0x00000018   Code   RO         3887    i.SDIO_GetFlagStatus  stm32f4xx_sdio.o
    0x08005ef8   0x00000010   Code   RO         3889    i.SDIO_GetPowerState  stm32f4xx_sdio.o
    0x08005f08   0x00000008   Code   RO         5998    i.SDIO_IRQHandler   sdio_sdcard.o
    0x08005f10   0x00000030   Code   RO         3892    i.SDIO_Init         stm32f4xx_sdio.o
    0x08005f40   0x00000038   Code   RO         5999    i.SDIO_Register_Deinit  sdio_sdcard.o
    0x08005f78   0x0000002c   Code   RO         3895    i.SDIO_SendCommand  stm32f4xx_sdio.o
    0x08005fa4   0x0000000c   Code   RO         3897    i.SDIO_SetPowerState  stm32f4xx_sdio.o
    0x08005fb0   0x00000080   Code   RO         6000    i.SD_DMA_Config     sdio_sdcard.o
    0x08006030   0x00000068   Code   RO         6001    i.SD_EnableWideBusOperation  sdio_sdcard.o
    0x08006098   0x00000314   Code   RO         6002    i.SD_GetCardInfo    sdio_sdcard.o
    0x080063ac   0x00000130   Code   RO         6004    i.SD_Init           sdio_sdcard.o
    0x080064dc   0x00000164   Code   RO         6005    i.SD_InitializeCards  sdio_sdcard.o
    0x08006640   0x000001e4   Code   RO         6007    i.SD_PowerON        sdio_sdcard.o
    0x08006824   0x00000154   Code   RO         6008    i.SD_ProcessIRQSrc  sdio_sdcard.o
    0x08006978   0x00000268   Code   RO         6009    i.SD_ReadBlock      sdio_sdcard.o
    0x08006be0   0x00000098   Code   RO         6010    i.SD_ReadDisk       sdio_sdcard.o
    0x08006c78   0x000002f4   Code   RO         6011    i.SD_ReadMultiBlocks  sdio_sdcard.o
    0x08006f6c   0x00000030   Code   RO         6012    i.SD_SelectDeselect  sdio_sdcard.o
    0x08006f9c   0x00000018   Code   RO         6014    i.SD_SetDeviceMode  sdio_sdcard.o
    0x08006fb4   0x00000388   Code   RO         6015    i.SD_WriteBlock     sdio_sdcard.o
    0x0800733c   0x00000098   Code   RO         6016    i.SD_WriteDisk      sdio_sdcard.o
    0x080073d4   0x000003d0   Code   RO         6017    i.SD_WriteMultiBlocks  sdio_sdcard.o
    0x080077a4   0x000000c4   Code   RO         6234    i.SPI1_Init         spi.o
    0x08007868   0x00000038   Code   RO         6235    i.SPI1_ReadWriteByte  spi.o
    0x080078a0   0x00000028   Code   RO         6236    i.SPI1_SetSpeed     spi.o
    0x080078c8   0x00000018   Code   RO         4074    i.SPI_Cmd           stm32f4xx_spi.o
    0x080078e0   0x00000012   Code   RO         4082    i.SPI_I2S_GetFlagStatus  stm32f4xx_spi.o
    0x080078f2   0x00000006   Code   RO         4085    i.SPI_I2S_ReceiveData  stm32f4xx_spi.o
    0x080078f8   0x00000004   Code   RO         4086    i.SPI_I2S_SendData  stm32f4xx_spi.o
    0x080078fc   0x0000003c   Code   RO         4087    i.SPI_Init          stm32f4xx_spi.o
    0x08007938   0x00000002   Code   RO          235    i.SVC_Handler       stm32f4xx_it.o
    0x0800793a   0x00000002   PAD
    0x0800793c   0x000000ec   Code   RO          326    i.SetSysClock       system_stm32f4xx.o
    0x08007a28   0x000000c8   Code   RO         7636    i.Show_Font         text.o
    0x08007af0   0x000000c2   Code   RO         7637    i.Show_Str          text.o
    0x08007bb2   0x00000028   Code   RO          374    i.SysTick_CLKSourceConfig  misc.o
    0x08007bda   0x00000002   Code   RO          236    i.SysTick_Handler   stm32f4xx_it.o
    0x08007bdc   0x00000068   Code   RO          328    i.SystemInit        system_stm32f4xx.o
    0x08007c44   0x00000038   Code   RO         7341    i.TIM4_IRQHandler   usmart.o
    0x08007c7c   0x00000006   Code   RO         4298    i.TIM_ClearFlag     stm32f4xx_tim.o
    0x08007c82   0x00000006   Code   RO         4299    i.TIM_ClearITPendingBit  stm32f4xx_tim.o
    0x08007c88   0x00000018   Code   RO         4304    i.TIM_Cmd           stm32f4xx_tim.o
    0x08007ca0   0x00000006   Code   RO         4323    i.TIM_GetCounter    stm32f4xx_tim.o
    0x08007ca6   0x00000012   Code   RO         4324    i.TIM_GetFlagStatus  stm32f4xx_tim.o
    0x08007cb8   0x00000022   Code   RO         4325    i.TIM_GetITStatus   stm32f4xx_tim.o
    0x08007cda   0x00000012   Code   RO         4329    i.TIM_ITConfig      stm32f4xx_tim.o
    0x08007cec   0x00000004   Code   RO         4364    i.TIM_SetAutoreload  stm32f4xx_tim.o
    0x08007cf0   0x00000004   Code   RO         4370    i.TIM_SetCounter    stm32f4xx_tim.o
    0x08007cf4   0x00000084   Code   RO         4376    i.TIM_TimeBaseInit  stm32f4xx_tim.o
    0x08007d78   0x0000005c   Code   RO         7342    i.Timer4_Init       usmart.o
    0x08007dd4   0x00000088   Code   RO         5158    i.USART1_IRQHandler  usart.o
    0x08007e5c   0x00000018   Code   RO         4854    i.USART_Cmd         stm32f4xx_usart.o
    0x08007e74   0x00000054   Code   RO         4858    i.USART_GetITStatus  stm32f4xx_usart.o
    0x08007ec8   0x0000004a   Code   RO         4860    i.USART_ITConfig    stm32f4xx_usart.o
    0x08007f12   0x00000002   PAD
    0x08007f14   0x000000d4   Code   RO         4861    i.USART_Init        stm32f4xx_usart.o
    0x08007fe8   0x0000000a   Code   RO         4868    i.USART_ReceiveData  stm32f4xx_usart.o
    0x08007ff2   0x00000004   Code   RO          237    i.UsageFault_Handler  stm32f4xx_it.o
    0x08007ff6   0x00000002   PAD
    0x08007ff8   0x0000002c   Code   RO         6269    i.W25QXX_Erase_Chip  w25qxx.o
    0x08008024   0x00000058   Code   RO         6270    i.W25QXX_Erase_Sector  w25qxx.o
    0x0800807c   0x00000078   Code   RO         6271    i.W25QXX_Init       w25qxx.o
    0x080080f4   0x00000050   Code   RO         6273    i.W25QXX_Read       w25qxx.o
    0x08008144   0x00000048   Code   RO         6274    i.W25QXX_ReadID     w25qxx.o
    0x0800818c   0x0000002c   Code   RO         6275    i.W25QXX_ReadSR     w25qxx.o
    0x080081b8   0x00000012   Code   RO         6277    i.W25QXX_Wait_Busy  w25qxx.o
    0x080081ca   0x00000002   PAD
    0x080081cc   0x000000b8   Code   RO         6278    i.W25QXX_Write      w25qxx.o
    0x08008284   0x00000020   Code   RO         6280    i.W25QXX_Write_Enable  w25qxx.o
    0x080082a4   0x00000046   Code   RO         6281    i.W25QXX_Write_NoCheck  w25qxx.o
    0x080082ea   0x00000002   PAD
    0x080082ec   0x00000054   Code   RO         6282    i.W25QXX_Write_Page  w25qxx.o
    0x08008340   0x0000000e   Code   RO         8070    i._is_digit         c_w.l(__printf_wp.o)
    0x0800834e   0x00000006   Code   RO         5159    i._sys_exit         usart.o
    0x08008354   0x000000e0   Code   RO         7822    i.ai_draw_init      piclib.o
    0x08008434   0x000000d0   Code   RO         7823    i.ai_load_picfile   piclib.o
    0x08008504   0x0000001e   Code   RO         7896    i.alloc_pool        tjpgd.o
    0x08008522   0x00000090   Code   RO         7897    i.bitext            tjpgd.o
    0x080085b2   0x00000002   PAD
    0x080085b4   0x000002a8   Code   RO         7898    i.block_idct        tjpgd.o
    0x0800885c   0x0000001a   Code   RO         7114    i.char_upper        exfuns.o
    0x08008876   0x00000002   PAD
    0x08008878   0x00000090   Code   RO         6767    i.check_fs          ff.o
    0x08008908   0x00000014   Code   RO         6768    i.chk_chr           ff.o
    0x0800891c   0x00000032   Code   RO         6769    i.clmt_clust        ff.o
    0x0800894e   0x0000001a   Code   RO         6770    i.clust2sect        ff.o
    0x08008968   0x00000090   Code   RO         6771    i.cmp_lfn           ff.o
    0x080089f8   0x00000012   Code   RO         6018    i.convert_from_bytes_to_power_of_two  sdio_sdcard.o
    0x08008a0a   0x000000d6   Code   RO         6772    i.create_chain      ff.o
    0x08008ae0   0x00000134   Code   RO         7899    i.create_huffman_tbl  tjpgd.o
    0x08008c14   0x00000270   Code   RO         6773    i.create_name       ff.o
    0x08008e84   0x00000074   Code   RO         7900    i.create_qt_tbl     tjpgd.o
    0x08008ef8   0x0000003c   Code   RO         5100    i.delay_init        delay.o
    0x08008f34   0x00000038   Code   RO         5101    i.delay_ms          delay.o
    0x08008f6c   0x0000004c   Code   RO         5102    i.delay_us          delay.o
    0x08008fb8   0x0000004c   Code   RO         5103    i.delay_xms         delay.o
    0x08009004   0x0000005c   Code   RO         6774    i.dir_alloc         ff.o
    0x08009060   0x000000ea   Code   RO         6775    i.dir_find          ff.o
    0x0800914a   0x00000110   Code   RO         6776    i.dir_next          ff.o
    0x0800925a   0x000000c4   Code   RO         6777    i.dir_read          ff.o
    0x0800931e   0x0000012a   Code   RO         6778    i.dir_register      ff.o
    0x08009448   0x0000006a   Code   RO         6779    i.dir_remove        ff.o
    0x080094b2   0x0000009e   Code   RO         6780    i.dir_sdi           ff.o
    0x08009550   0x00000038   Code   RO         6701    i.disk_initialize   diskio.o
    0x08009588   0x000000b4   Code   RO         6702    i.disk_ioctl        diskio.o
    0x0800963c   0x0000007a   Code   RO         6703    i.disk_read         diskio.o
    0x080096b6   0x00000006   Code   RO         6704    i.disk_status       diskio.o
    0x080096bc   0x0000007a   Code   RO         6705    i.disk_write        diskio.o
    0x08009736   0x00000002   PAD
    0x08009738   0x00000084   Code   RO         7116    i.exfuns_init       exfuns.o
    0x080097bc   0x00000024   Code   RO         6782    i.f_close           ff.o
    0x080097e0   0x00000016   Code   RO         6783    i.f_closedir        ff.o
    0x080097f6   0x00000102   Code   RO         6784    i.f_getfree         ff.o
    0x080098f8   0x000000be   Code   RO         6785    i.f_getlabel        ff.o
    0x080099b6   0x00000052   Code   RO         6786    i.f_gets            ff.o
    0x08009a08   0x0000028e   Code   RO         6787    i.f_lseek           ff.o
    0x08009c96   0x0000017c   Code   RO         6788    i.f_mkdir           ff.o
    0x08009e12   0x00000002   PAD
    0x08009e14   0x00000640   Code   RO         6789    i.f_mkfs            ff.o
    0x0800a454   0x0000005c   Code   RO         6790    i.f_mount           ff.o
    0x0800a4b0   0x00000180   Code   RO         6791    i.f_open            ff.o
    0x0800a630   0x00000088   Code   RO         6792    i.f_opendir         ff.o
    0x0800a6b8   0x00000040   Code   RO         6794    i.f_putc            ff.o
    0x0800a6f8   0x0000004a   Code   RO         6795    i.f_puts            ff.o
    0x0800a742   0x000001b0   Code   RO         6796    i.f_read            ff.o
    0x0800a8f2   0x00000072   Code   RO         6797    i.f_readdir         ff.o
    0x0800a964   0x0000013a   Code   RO         6798    i.f_rename          ff.o
    0x0800aa9e   0x00000002   PAD
    0x0800aaa0   0x000001e8   Code   RO         6799    i.f_setlabel        ff.o
    0x0800ac88   0x000000b0   Code   RO         6801    i.f_sync            ff.o
    0x0800ad38   0x000000b0   Code   RO         7117    i.f_typetell        exfuns.o
    0x0800ade8   0x000000c2   Code   RO         6803    i.f_unlink          ff.o
    0x0800aeaa   0x000001ea   Code   RO         6805    i.f_write           ff.o
    0x0800b094   0x00000098   Code   RO         7314    i.ff_convert        mycc936.o
    0x0800b12c   0x0000000e   Code   RO         6706    i.ff_memalloc       diskio.o
    0x0800b13a   0x0000000e   Code   RO         6707    i.ff_memfree        diskio.o
    0x0800b148   0x00000038   Code   RO         7315    i.ff_wtoupper       mycc936.o
    0x0800b180   0x00000388   Code   RO         6806    i.find_volume       ff.o
    0x0800b508   0x00000080   Code   RO         6807    i.fit_lfn           ff.o
    0x0800b588   0x00000090   Code   RO         6808    i.follow_path       ff.o
    0x0800b618   0x00000044   Code   RO         7585    i.font_init         fontupd.o
    0x0800b65c   0x0000001c   Code   RO         5160    i.fputc             usart.o
    0x0800b678   0x000000c8   Code   RO         6809    i.gen_numname       ff.o
    0x0800b740   0x000000e8   Code   RO         6810    i.get_fat           ff.o
    0x0800b828   0x00000004   Code   RO         6708    i.get_fattime       diskio.o
    0x0800b82c   0x0000010c   Code   RO         6811    i.get_fileinfo      ff.o
    0x0800b938   0x0000004a   Code   RO         6812    i.get_ldnumber      ff.o
    0x0800b982   0x00000058   Code   RO         7705    i.gif_check_head    gif.o
    0x0800b9da   0x00000002   PAD
    0x0800b9dc   0x000001f4   Code   RO         7706    i.gif_clear2bkcolor  gif.o
    0x0800bbd0   0x0000012c   Code   RO         7707    i.gif_decode        gif.o
    0x0800bcfc   0x00000228   Code   RO         7708    i.gif_dispimage     gif.o
    0x0800bf24   0x00000154   Code   RO         7709    i.gif_drawimage     gif.o
    0x0800c078   0x00000060   Code   RO         7710    i.gif_getdatablock  gif.o
    0x0800c0d8   0x00000046   Code   RO         7711    i.gif_getinfo       gif.o
    0x0800c11e   0x00000358   Code   RO         7712    i.gif_getnextbyte   gif.o
    0x0800c476   0x00000002   PAD
    0x0800c478   0x000001c8   Code   RO         7713    i.gif_getnextcode   gif.o
    0x0800c640   0x0000001c   Code   RO         7714    i.gif_getrgb565     gif.o
    0x0800c65c   0x00000098   Code   RO         7715    i.gif_initlzw       gif.o
    0x0800c6f4   0x00000040   Code   RO         7717    i.gif_readcolortbl  gif.o
    0x0800c734   0x000000a0   Code   RO         7718    i.gif_readextension  gif.o
    0x0800c7d4   0x00000026   Code   RO         7719    i.gif_recovergctbl  gif.o
    0x0800c7fa   0x00000026   Code   RO         7720    i.gif_savegctbl     gif.o
    0x0800c820   0x000000c0   Code   RO         7901    i.huffext           tjpgd.o
    0x0800c8e0   0x00000028   Code   RO         7824    i.is_element_ok     piclib.o
    0x0800c908   0x000000a2   Code   RO         7902    i.jd_decomp         tjpgd.o
    0x0800c9aa   0x0000039c   Code   RO         7903    i.jd_prepare        tjpgd.o
    0x0800cd46   0x00000002   PAD
    0x0800cd48   0x00000028   Code   RO         7904    i.jpeg_freeall      tjpgd.o
    0x0800cd70   0x00000030   Code   RO         7905    i.jpeg_in_func      tjpgd.o
    0x0800cda0   0x00000054   Code   RO         7906    i.jpeg_mallocall    tjpgd.o
    0x0800cdf4   0x00000054   Code   RO         7907    i.jpeg_out_func_fill  tjpgd.o
    0x0800ce48   0x000000c0   Code   RO         7908    i.jpeg_out_func_point  tjpgd.o
    0x0800cf08   0x00000104   Code   RO         7909    i.jpg_decode        tjpgd.o
    0x0800d00c   0x00000020   Code   RO         6813    i.ld_clust          ff.o
    0x0800d02c   0x000004d0   Code   RO            3    i.main              main.o
    0x0800d4fc   0x000001e4   Code   RO         7910    i.mcu_load          tjpgd.o
    0x0800d6e0   0x00000394   Code   RO         7911    i.mcu_output        tjpgd.o
    0x0800da74   0x00000026   Code   RO         6814    i.mem_cmp           ff.o
    0x0800da9a   0x0000001a   Code   RO         6815    i.mem_cpy           ff.o
    0x0800dab4   0x00000014   Code   RO         6816    i.mem_set           ff.o
    0x0800dac8   0x00000014   Code   RO         7164    i.mf_close          fattester.o
    0x0800dadc   0x00000010   Code   RO         7165    i.mf_closedir       fattester.o
    0x0800daec   0x00000014   Code   RO         7166    i.mf_fmkfs          fattester.o
    0x0800db00   0x00000084   Code   RO         7167    i.mf_getlabel       fattester.o
    0x0800db84   0x0000004c   Code   RO         7168    i.mf_gets           fattester.o
    0x0800dbd0   0x00000014   Code   RO         7169    i.mf_lseek          fattester.o
    0x0800dbe4   0x0000000c   Code   RO         7170    i.mf_mkdir          fattester.o
    0x0800dbf0   0x00000018   Code   RO         7171    i.mf_mount          fattester.o
    0x0800dc08   0x0000001c   Code   RO         7172    i.mf_open           fattester.o
    0x0800dc24   0x00000014   Code   RO         7173    i.mf_opendir        fattester.o
    0x0800dc38   0x00000018   Code   RO         7174    i.mf_putc           fattester.o
    0x0800dc50   0x00000018   Code   RO         7175    i.mf_puts           fattester.o
    0x0800dc68   0x00000158   Code   RO         7176    i.mf_read           fattester.o
    0x0800ddc0   0x00000194   Code   RO         7177    i.mf_readdir        fattester.o
    0x0800df54   0x00000010   Code   RO         7178    i.mf_rename         fattester.o
    0x0800df64   0x00000090   Code   RO         7179    i.mf_scan_files     fattester.o
    0x0800dff4   0x0000005c   Code   RO         7180    i.mf_setlabel       fattester.o
    0x0800e050   0x000000a8   Code   RO         7181    i.mf_showfree       fattester.o
    0x0800e0f8   0x0000000c   Code   RO         7182    i.mf_size           fattester.o
    0x0800e104   0x0000000c   Code   RO         7183    i.mf_tell           fattester.o
    0x0800e110   0x0000000c   Code   RO         7184    i.mf_unlink         fattester.o
    0x0800e11c   0x000000b8   Code   RO         7185    i.mf_write          fattester.o
    0x0800e1d4   0x00000032   Code   RO         6817    i.move_window       ff.o
    0x0800e206   0x00000002   PAD
    0x0800e208   0x0000006c   Code   RO         6621    i.my_mem_free       malloc.o
    0x0800e274   0x00000044   Code   RO         6622    i.my_mem_init       malloc.o
    0x0800e2b8   0x000000a8   Code   RO         6623    i.my_mem_malloc     malloc.o
    0x0800e360   0x00000040   Code   RO         6624    i.my_mem_perused    malloc.o
    0x0800e3a0   0x00000024   Code   RO         6625    i.myfree            malloc.o
    0x0800e3c4   0x00000028   Code   RO         6626    i.mymalloc          malloc.o
    0x0800e3ec   0x00000014   Code   RO         6628    i.mymemset          malloc.o
    0x0800e400   0x0000000e   Code   RO         5237    i.opt_delay         lcd.o
    0x0800e40e   0x0000006c   Code   RO            4    i.pic_get_tnum      main.o
    0x0800e47a   0x0000000e   Code   RO         7825    i.pic_memalloc      piclib.o
    0x0800e488   0x0000000e   Code   RO         7826    i.pic_memfree       piclib.o
    0x0800e496   0x00000002   PAD
    0x0800e498   0x00000074   Code   RO         6818    i.pick_lfn          ff.o
    0x0800e50c   0x00000038   Code   RO         7828    i.piclib_draw_hline  piclib.o
    0x0800e544   0x0000002c   Code   RO         7829    i.piclib_fill_color  piclib.o
    0x0800e570   0x0000005c   Code   RO         7830    i.piclib_init       piclib.o
    0x0800e5cc   0x00000136   Code   RO         6819    i.put_fat           ff.o
    0x0800e702   0x00000044   Code   RO         6820    i.putc_bfd          ff.o
    0x0800e746   0x00000006   Code   RO         7343    i.read_addr         usmart.o
    0x0800e74c   0x0000006c   Code   RO         6821    i.remove_chain      ff.o
    0x0800e7b8   0x00000070   Code   RO         7912    i.restart           tjpgd.o
    0x0800e828   0x00000010   Code   RO         6822    i.st_clust          ff.o
    0x0800e838   0x000002d0   Code   RO         7675    i.stdbmp_decode     bmp.o
    0x0800eb08   0x00000020   Code   RO         6823    i.sum_sfn           ff.o
    0x0800eb28   0x000000c8   Code   RO         6824    i.sync_fs           ff.o
    0x0800ebf0   0x0000004c   Code   RO         6825    i.sync_window       ff.o
    0x0800ec3c   0x000000ac   Code   RO         5161    i.uart_init         usart.o
    0x0800ece8   0x000000b0   Code   RO         7344    i.usmart_cmd_rec    usmart.o
    0x0800ed98   0x000002d4   Code   RO         7345    i.usmart_exe        usmart.o
    0x0800f06c   0x000000c8   Code   RO         7446    i.usmart_get_aparm  usmart_str.o
    0x0800f134   0x00000036   Code   RO         7447    i.usmart_get_cmdname  usmart_str.o
    0x0800f16a   0x00000002   PAD
    0x0800f16c   0x000001c0   Code   RO         7448    i.usmart_get_fname  usmart_str.o
    0x0800f32c   0x0000010c   Code   RO         7449    i.usmart_get_fparam  usmart_str.o
    0x0800f438   0x00000020   Code   RO         7450    i.usmart_get_parmpos  usmart_str.o
    0x0800f458   0x00000044   Code   RO         7346    i.usmart_get_runtime  usmart.o
    0x0800f49c   0x00000028   Code   RO         7347    i.usmart_init       usmart.o
    0x0800f4c4   0x00000016   Code   RO         7451    i.usmart_pow        usmart_str.o
    0x0800f4da   0x00000002   PAD
    0x0800f4dc   0x00000030   Code   RO         7348    i.usmart_reset_runtime  usmart.o
    0x0800f50c   0x000000bc   Code   RO         7349    i.usmart_scan       usmart.o
    0x0800f5c8   0x00000016   Code   RO         7452    i.usmart_search_nextc  usmart_str.o
    0x0800f5de   0x000000ca   Code   RO         7453    i.usmart_str2num    usmart_str.o
    0x0800f6a8   0x00000022   Code   RO         7454    i.usmart_strcmp     usmart_str.o
    0x0800f6ca   0x00000016   Code   RO         7455    i.usmart_strcopy    usmart_str.o
    0x0800f6e0   0x00000018   Code   RO         7456    i.usmart_strlen     usmart_str.o
    0x0800f6f8   0x000006e4   Code   RO         7350    i.usmart_sys_cmd_exe  usmart.o
    0x0800fddc   0x00000036   Code   RO         6826    i.validate          ff.o
    0x0800fe12   0x00000004   Code   RO         7351    i.write_addr        usmart.o
    0x0800fe16   0x00000002   PAD
    0x0800fe18   0x0000005a   Code   RO         8119    x$fpl$dfixu         fz_wm.l(dfixu.o)
    0x0800fe72   0x00000026   Code   RO         8123    x$fpl$dfltu         fz_wm.l(dflt_clz.o)
    0x0800fe98   0x00000154   Code   RO         8131    x$fpl$dmul          fz_wm.l(dmul.o)
    0x0800ffec   0x0000009c   Code   RO         8212    x$fpl$dnaninf       fz_wm.l(dnaninf.o)
    0x08010088   0x0000000c   Code   RO         8214    x$fpl$dretinf       fz_wm.l(dretinf.o)
    0x08010094   0x0000000a   Code   RO         8253    x$fpl$fpinit        fz_wm.l(fpinit.o)
    0x0801009e   0x00000000   Code   RO         8220    x$fpl$usenofp       fz_wm.l(usenofp.o)
    0x0801009e   0x000017c0   Data   RO         5239    .constdata          lcd.o
    0x0801185e   0x00000002   PAD
    0x08011860   0x00000024   Data   RO         6635    .constdata          malloc.o
    0x08011884   0x0000003a   Data   RO         6828    .constdata          ff.o
    0x080118be   0x00000002   PAD
    0x080118c0   0x00000070   Data   RO         7119    .constdata          exfuns.o
    0x08011930   0x000003c0   Data   RO         7316    .constdata          mycc936.o
    0x08011cf0   0x00000028   Data   RO         7721    .constdata          gif.o
    0x08011d18   0x000004c0   Data   RO         7913    .constdata          tjpgd.o
    0x080121d8   0x00000028   Data   RO         8043    .constdata          c_w.l(_printf_hex_int.o)
    0x08012200   0x00000011   Data   RO         8078    .constdata          c_w.l(__printf_flags_ss_wp.o)
    0x08012211   0x00000003   PAD
    0x08012214   0x00000044   Data   RO         7120    .conststring        exfuns.o
    0x08012258   0x00000028   Data   RO         7352    .conststring        usmart.o
    0x08012280   0x000002b9   Data   RO         7425    .conststring        usmart_config.o
    0x08012539   0x00000003   PAD
    0x0801253c   0x00000020   Data   RO         8344    Region$$Table       anon$$obj.o


    Execution Region RW_IRAM1 (Base: 0x20000000, Size: 0x0001c620, Max: 0x00020000, ABSOLUTE, COMPRESSED[0x00000114])

    Base Addr    Size         Type   Attr      Idx    E Section Name        Object

    0x20000000   0x00000010   Data   RW         3010    .data               stm32f4xx_rcc.o
    0x20000010   0x00000004   Data   RW         5104    .data               delay.o
    0x20000014   0x00000006   Data   RW         5163    .data               usart.o
    0x2000001a   0x00000004   Data   RW         5240    .data               lcd.o
    0x2000001e   0x00000001   Data   RW         5515    .data               key.o
    0x2000001f   0x00000001   PAD
    0x20000020   0x00000010   Data   RW         6020    .data               sdio_sdcard.o
    0x20000030   0x00000002   Data   RW         6285    .data               w25qxx.o
    0x20000032   0x00000002   PAD
    0x20000034   0x00000024   Data   RW         6636    .data               malloc.o
    0x20000058   0x00000002   Data   RW         6709    .data               diskio.o
    0x2000005a   0x00000002   Data   RW         6829    .data               ff.o
    0x2000005c   0x00000014   Data   RW         7121    .data               exfuns.o
    0x20000070   0x0000001c   Data   RW         7353    .data               usmart.o
    0x2000008c   0x000001cc   Data   RW         7426    .data               usmart_config.o
    0x20000258   0x00000001   Data   RW         7722    .data               gif.o
    0x20000259   0x00000003   PAD
    0x2000025c   0x0000000c   Data   RW         7914    .data               tjpgd.o
    0x20000268   0x000000c8   Zero   RW         5162    .bss                usart.o
    0x20000330   0x0000000e   Zero   RW         5238    .bss                lcd.o
    0x2000033e   0x00000002   PAD
    0x20000340   0x000002c0   Zero   RW         6019    .bss                sdio_sdcard.o
    0x20000600   0x00001000   Zero   RW         6284    .bss                w25qxx.o
    0x20001600   0x0001a900   Zero   RW         6634    .bss                malloc.o
    0x2001bf00   0x0000000c   Zero   RW         6827    .bss                ff.o
    0x2001bf0c   0x00000050   Zero   RW         7118    .bss                exfuns.o
    0x2001bf5c   0x00000021   Zero   RW         7589    .bss                fontupd.o
    0x2001bf7d   0x00000003   PAD
    0x2001bf80   0x0000003c   Zero   RW         7831    .bss                piclib.o
    0x2001bfbc   0x00000060   Zero   RW         8256    .bss                c_w.l(libspace.o)
    0x2001c01c   0x00000004   PAD
    0x2001c020   0x00000200   Zero   RW          362    HEAP                startup_stm32f40_41xxx.o
    0x2001c220   0x00000400   Zero   RW          361    STACK               startup_stm32f40_41xxx.o



  Load Region LR$$.ARM.__AT_0x10000000 (Base: 0x10000000, Size: 0x00000000, Max: 0x0000f000, ABSOLUTE)

    Execution Region ER$$.ARM.__AT_0x10000000 (Base: 0x10000000, Size: 0x0000f000, Max: 0x0000f000, ABSOLUTE, UNINIT)

    Base Addr    Size         Type   Attr      Idx    E Section Name        Object

    0x10000000   0x0000f000   Zero   RW         6630    .ARM.__AT_0x10000000  malloc.o



  Load Region LR$$.ARM.__AT_0x1000F000 (Base: 0x1000f000, Size: 0x00000000, Max: 0x00000f00, ABSOLUTE)

    Execution Region ER$$.ARM.__AT_0x1000F000 (Base: 0x1000f000, Size: 0x00000f00, Max: 0x00000f00, ABSOLUTE, UNINIT)

    Base Addr    Size         Type   Attr      Idx    E Section Name        Object

    0x1000f000   0x00000f00   Zero   RW         6631    .ARM.__AT_0x1000F000  malloc.o



  Load Region LR$$.ARM.__AT_0x68000000 (Base: 0x68000000, Size: 0x00000000, Max: 0x000f0000, ABSOLUTE)

    Execution Region ER$$.ARM.__AT_0x68000000 (Base: 0x68000000, Size: 0x000f0000, Max: 0x000f0000, ABSOLUTE, UNINIT)

    Base Addr    Size         Type   Attr      Idx    E Section Name        Object

    0x68000000   0x000f0000   Zero   RW         6632    .ARM.__AT_0x68000000  malloc.o



  Load Region LR$$.ARM.__AT_0x680F0000 (Base: 0x680f0000, Size: 0x00000000, Max: 0x0000f000, ABSOLUTE)

    Execution Region ER$$.ARM.__AT_0x680F0000 (Base: 0x680f0000, Size: 0x0000f000, Max: 0x0000f000, ABSOLUTE, UNINIT)

    Base Addr    Size         Type   Attr      Idx    E Section Name        Object

    0x680f0000   0x0000f000   Zero   RW         6633    .ARM.__AT_0x680F0000  malloc.o


==============================================================================

Image component sizes


      Code (inc. data)   RO Data    RW Data    ZI Data      Debug   Object Name

       720          8          0          0          0       2136   bmp.o
       268         16          0          4          0       2363   delay.o
       518         14          0          2          0       6428   diskio.o
       334         22        180         20         80       2920   exfuns.o
      1804        760          0          0          0      13070   fattester.o
     11854        158         58          2         12      51381   ff.o
        68          4          0          0         33       1969   fontupd.o
      3738         26         40          1          0      14297   gif.o
       268         20          0          1          0       1198   key.o
     18124        218       6080          4         14      24109   lcd.o
        64          4          0          0          0        511   led.o
      1340        236          0          0          0     325862   main.o
       504         60         36         36    1218560       6170   malloc.o
       180         24          0          0          0       1977   misc.o
       208         16        960          0          0       1871   mycc936.o
       692         64          0          0         60       6398   piclib.o
      7482        400          0         16        704      33649   sdio_sdcard.o
       292         20          0          0          0       1733   spi.o
        64         26        392          0       1536        820   startup_stm32f40_41xxx.o
       496         26          0          0          0       4108   stm32f4xx_dma.o
       282          6          0          0          0       1749   stm32f4xx_fsmc.o
       236          0          0          0          0       2814   stm32f4xx_gpio.o
        26          0          0          0          0       3846   stm32f4xx_it.o
       392         48          0         16          0       5597   stm32f4xx_rcc.o
       208         38          0          0          0       5465   stm32f4xx_sdio.o
       112          0          0          0          0       3318   stm32f4xx_spi.o
       252         28          0          0          0       6220   stm32f4xx_tim.o
       404          8          0          0          0       4062   stm32f4xx_usart.o
        16          0          0          0          0        476   sys.o
       340         32          0          0          0       1401   system_stm32f4xx.o
       618         14          0          0          0       3239   text.o
      4776        128       1216         12          0      22109   tjpgd.o
       342         28          0          6        200       4128   usart.o
      3166       1332         40         28          0       7602   usmart.o
         0          0        697        460          0       1548   usmart_config.o
      1328         20          0          0          0       8417   usmart_str.o
       836         82          0          2       4096       7257   w25qxx.o

    ----------------------------------------------------------------------
     62408       3886       9738        616    1225300     592218   Object Totals
         0          0         32          0          0          0   (incl. Generated)
        56          0          7          6          5          0   (incl. Padding)

    ----------------------------------------------------------------------

      Code (inc. data)   RO Data    RW Data    ZI Data      Debug   Library Member Name

        90          0          0          0          0          0   __dczerorl2.o
         8          0          0          0          0         68   __main.o
       392          4         17          0          0         92   __printf_flags_ss_wp.o
        14          0          0          0          0         68   __printf_wp.o
         0          0          0          0          0          0   __rtentry.o
        12          0          0          0          0          0   __rtentry2.o
         6          0          0          0          0          0   __rtentry4.o
        52          8          0          0          0          0   __scatter.o
        28          0          0          0          0          0   __scatter_zi.o
         6          0          0          0          0          0   _printf_c.o
        44          0          0          0          0        108   _printf_char.o
        48          6          0          0          0         96   _printf_char_common.o
        36          4          0          0          0         80   _printf_char_file.o
         6          0          0          0          0          0   _printf_d.o
       120         16          0          0          0         92   _printf_dec.o
        88          4         40          0          0         88   _printf_hex_int.o
       178          0          0          0          0         88   _printf_intcommon.o
        78          0          0          0          0        108   _printf_pad.o
         0          0          0          0          0          0   _printf_percent.o
         4          0          0          0          0          0   _printf_percent_end.o
         6          0          0          0          0          0   _printf_s.o
        82          0          0          0          0         80   _printf_str.o
         6          0          0          0          0          0   _printf_u.o
         6          0          0          0          0          0   _printf_x.o
        12          0          0          0          0         72   exit.o
         8          0          0          0          0         68   ferror.o
         6          0          0          0          0        152   heapauxi.o
         2          0          0          0          0          0   libinit.o
         6          0          0          0          0          0   libinit2.o
         2          0          0          0          0          0   libshutdown.o
         2          0          0          0          0          0   libshutdown2.o
         8          4          0          0         96         68   libspace.o
        72          0          0          0          0         76   llsdiv.o
       238          0          0          0          0        100   lludivv7m.o
        24          4          0          0          0         84   noretval__2printf.o
       138          0          0          0          0         68   rt_memcpy_v6.o
       100          0          0          0          0         80   rt_memcpy_w.o
         2          0          0          0          0          0   rtexit.o
        10          0          0          0          0          0   rtexit2.o
        24          0          0          0          0         68   strcat.o
       128          0          0          0          0         68   strcmpv7m.o
        72          0          0          0          0         80   strcpy.o
        74          0          0          0          0         80   sys_stackheap_outer.o
         2          0          0          0          0         68   use_no_semi.o
         2          0          0          0          0         68   use_no_semi_2.o
        90          4          0          0          0        140   dfixu.o
        38          0          0          0          0        116   dflt_clz.o
       340         12          0          0          0        152   dmul.o
       156          4          0          0          0        140   dnaninf.o
        12          0          0          0          0        116   dretinf.o
        10          0          0          0          0        116   fpinit.o
         0          0          0          0          0          0   usenofp.o

    ----------------------------------------------------------------------
      2894         70         60          0        100       2948   Library Totals
         6          0          3          0          4          0   (incl. Padding)

    ----------------------------------------------------------------------

      Code (inc. data)   RO Data    RW Data    ZI Data      Debug   Library Name

      2242         50         57          0         96       2168   c_w.l
       646         20          0          0          0        780   fz_wm.l

    ----------------------------------------------------------------------
      2894         70         60          0        100       2948   Library Totals

    ----------------------------------------------------------------------

==============================================================================


      Code (inc. data)   RO Data    RW Data    ZI Data      Debug   

     65302       3956       9798        616    1225400     564622   Grand Totals
     65302       3956       9798        276    1225400     564622   ELF Image Totals (compressed)
     65302       3956       9798        276          0          0   ROM Totals

==============================================================================

    Total RO  Size (Code + RO Data)                75100 (  73.34kB)
    Total RW  Size (RW Data + ZI Data)           1226016 (1197.28kB)
    Total ROM Size (Code + RO Data + RW Data)      75376 (  73.61kB)

==============================================================================

